============================= test session starts ==============================
platform darwin -- Python 3.12.5, pytest-9.1.0, pluggy-1.6.0 -- /Library/Frameworks/Python.framework/Versions/3.12/bin/python3
cachedir: .pytest_cache
rootdir: /Users/koustavsarkar/Documents/mba_projects/mcp-business
plugins: anyio-4.12.1, Faker-40.15.0, asyncio-1.4.0
asyncio: mode=Mode.STRICT, debug=False, asyncio_default_fixture_loop_scope=None, asyncio_default_test_loop_scope=function
collecting ... collected 8 items

services/research/tests/test_research_layer.py::test_provider_inheritance PASSED [ 12%]
services/research/tests/test_research_layer.py::test_orchestrator_zoho_success FAILED [ 25%]
services/research/tests/test_research_layer.py::test_conflict_detection_and_resolution FAILED [ 37%]
services/research/tests/test_research_layer.py::test_orchestrator_generic_fallback FAILED [ 50%]
services/research/tests/test_research_layer.py::test_real_data_provider_nvidia FAILED [ 62%]
services/research/tests/test_research_layer.py::test_confidence_gate_rejection FAILED [ 75%]
services/research/tests/test_research_layer.py::test_dynamic_intent_filtering_financial_only FAILED [ 87%]
services/research/tests/test_research_layer.py::test_no_hardcoded_company_branches PASSED [100%]

=================================== FAILURES ===================================
________________________ test_orchestrator_zoho_success ________________________

    @pytest.mark.asyncio
    async def test_orchestrator_zoho_success():
        orchestrator = HostAgent()
        context = await orchestrator.run("Research Zoho")
    
        assert isinstance(context, dict)
    
        # 1. Company profile verification
        profile = context.get("profile", {})
>       assert profile.get("name") == "Zoho Corporation"
E       AssertionError: assert None == 'Zoho Corporation'
E        +  where None = <built-in method get of dict object at 0x156ac6880>('name')
E        +    where <built-in method get of dict object at 0x156ac6880> = {}.get

services/research/tests/test_research_layer.py:32: AssertionError
------------------------------ Captured log call -------------------------------
WARNING  uvicorn.error:knowledge_router.py:71 KnowledgeRouter: Data from people_provider is not ResearchEvidence. Wrapping.
WARNING  uvicorn.error:knowledge_router.py:71 KnowledgeRouter: Data from company_provider is not ResearchEvidence. Wrapping.
WARNING  uvicorn.error:knowledge_router.py:71 KnowledgeRouter: Data from yfinance is not ResearchEvidence. Wrapping.
WARNING  uvicorn.error:knowledge_router.py:71 KnowledgeRouter: Data from reddit_provider is not ResearchEvidence. Wrapping.
WARNING  uvicorn.error:knowledge_router.py:71 KnowledgeRouter: Data from news_provider is not ResearchEvidence. Wrapping.
WARNING  uvicorn.error:knowledge_router.py:71 KnowledgeRouter: Data from web_provider is not ResearchEvidence. Wrapping.
WARNING  uvicorn.error:task_scheduler.py:36 Task yfinance_4: Target field 'ticker' not found in entity data. Using full entity.
WARNING  uvicorn.error:task_scheduler.py:98 Task yfinance_4 failed with error 'dict' object has no attribute 'upper' on attempt 1
WARNING  uvicorn.error:task_scheduler.py:98 Task yfinance_4 failed with error 'dict' object has no attribute 'upper' on attempt 2
WARNING  uvicorn.error:task_scheduler.py:98 Task yfinance_4 failed with error 'dict' object has no attribute 'upper' on attempt 3
ERROR    uvicorn.error:task_scheduler.py:50 Task yfinance_4 failed: 'dict' object has no attribute 'upper'
____________________ test_conflict_detection_and_resolution ____________________

    @pytest.mark.asyncio
    async def test_conflict_detection_and_resolution():
        from services.research.synthesizer import ResearchSynthesizer
        from services.research.models import RawResearchBundle, EntityResolution, EntityCore
    
        synthesizer = ResearchSynthesizer()
    
        # Setup a bundle with conflicting financial reports
        bundle = RawResearchBundle(
            company_raw={"name": "Test Company", "source_title": "Source A", "source_url": "url A", "source_type": "official_website"},
            web_raw={"technology_stack": []},
            news_raw={"news": []},
            financial_raw={
                "financial_reports": [
                    {
                        "source_title": "Forbes Business Profiles",
                        "source_url": "https://forbes.com",
                        "source_type": "commercial_database",
                        "revenue_annual": "$1.0B"
                    },
                    {
                        "source_title": "Crunchbase Corporate Profile",
                        "source_url": "https://crunchbase.com",
                        "source_type": "commercial_database",
                        "revenue_annual": "$1.2B"
                    }
                ]
            },
            people_raw={"leadership": []}
        )
    
        entity = EntityResolution(entity=EntityCore(name="Test Company"), metadata={"confidence": 1.0})
>       context = await synthesizer.synthesize(
            bundle=bundle,
            entity=entity,
            sec_data={"revenue_history": {}, "raw_data": {}},
            yf_data={"raw_data": {}},
            reddit_data={}
        )

services/research/tests/test_research_layer.py:97: 
_ _ _ _ _ _ _ _ _ _ _ _ _ _ _ _ _ _ _ _ _ _ _ _ _ _ _ _ _ _ _ _ _ _ _ _ _ _ _ _ 
services/research/tests/conftest.py:106: in mock_synthesize
    context = await original_synthesize(self, bundle, entity, sec_data, yf_data, reddit_data)
              ^^^^^^^^^^^^^^^^^^^^^^^^^^^^^^^^^^^^^^^^^^^^^^^^^^^^^^^^^^^^^^^^^^^^^^^^^^^^^^^
_ _ _ _ _ _ _ _ _ _ _ _ _ _ _ _ _ _ _ _ _ _ _ _ _ _ _ _ _ _ _ _ _ _ _ _ _ _ _ _ 

self = <services.research.synthesizer.ResearchSynthesizer object at 0x156ab57f0>
bundle = RawResearchBundle(company_raw={'name': 'Test Company', 'source_title': 'Source A', 'source_url': 'url A', 'source_type...s://crunchbase.com', 'source_type': 'commercial_database', 'revenue_annual': '$1.2B'}]}, people_raw={'leadership': []})
entity = EntityResolution(entity=EntityCore(name='Test Company', legal_name=None, parent_company=None, ultimate_parent=None, ti...=None, mobile_apps=[], subsidiaries_or_brands=[], developer_resources=None, contact=None, metadata={'confidence': 1.0})
sec_data = {'revenue_history': {}, 'raw_data': {}}, yf_data = {'raw_data': {}}
reddit_data = {}

    async def synthesize(
        self,
        bundle: RawResearchBundle,
        entity: EntityResolution,
        sec_data: dict,
        yf_data: dict,
        reddit_data: dict
    ) -> ResearchContext:
        conflicts = []
        sources_dict = {}
    
        # Extract raw data from providers
        raw_company_data = bundle.company_raw.get("raw_data", {}) if isinstance(bundle.company_raw, dict) else {}
        raw_web_data = bundle.web_raw.get("raw_data", {}) if isinstance(bundle.web_raw, dict) else {}
        raw_news_data = bundle.news_raw.get("raw_data", {}) if isinstance(bundle.news_raw, dict) else {}
        raw_people_data = bundle.people_raw.get("raw_data", {}) if isinstance(bundle.people_raw, dict) else {}
    
        raw_data = {
            "entity": entity.model_dump(exclude_none=True) if hasattr(entity, "model_dump") else str(entity),
            "company": raw_company_data,
            "web": raw_web_data,
            "news": raw_news_data,
            "financials": sec_data.get("raw_data", {}),
            "market_data": yf_data.get("raw_data", {}),
            "people": raw_people_data,
            "social": reddit_data.get("raw_data", {})
        }
    
        from services.artifacts.artifact_writer import ArtifactWriter
        ArtifactWriter.write_json("synthesis/raw_web_data_debug.json", raw_data)
    
        # Helper to track source citations
        def register_source(title: str, url: str, source_type: str):
            key = (title, url)
            if key not in sources_dict:
                sources_dict[key] = Source(
                    title=title,
                    url=url,
                    source_type=source_type
                )
    
        # 1. Company Profile
        raw_company = bundle.company_raw
        resolved_name = entity.company_name or raw_company.get("name", "Unknown Corp")
    
        company_src_title = raw_company.get("source_title", "Company Registry")
        company_src_url = raw_company.get("source_url", "https://local")
        register_source(
            title=company_src_title,
            url=company_src_url,
            source_type=raw_company.get("source_type", "official_website")
        )
    
        comp_website = raw_company.get("website", "")
        best_website = comp_website if (comp_website and "directory.com" not in comp_website) else (entity.website or "")
    
        raw_hq = raw_company.get("headquarters")
        hq_val = None
        if raw_hq is not None:
            hq_val = SourcedValue(
                value=raw_hq,
                source_ids=[company_src_url],
                confidence=0.9 if raw_company.get("source_type") == "official_website" else 0.6
            )
    
        raw_emp = raw_company.get("employee_count")
        emp_val = None
        if raw_emp is not None:
            emp_val = SourcedValue(
                value=raw_emp,
                source_ids=[company_src_url],
                confidence=0.9 if raw_company.get("source_type") == "official_website" else 0.6
            )
    
>       profile = CompanyProfile(
            name=resolved_name,
            overview=raw_company.get("overview", ""),
            headquarters=hq_val,
            employee_count=emp_val,
            website=best_website,
            founders=raw_company.get("founders", [])
        )
E       pydantic_core._pydantic_core.ValidationError: 1 validation error for CompanyProfile
E       website
E         Input should be a valid dictionary or instance of SourcedValue [type=model_type, input_value='', input_type=str]
E           For further information visit https://errors.pydantic.dev/2.12/v/model_type

services/research/synthesizer.py:105: ValidationError
______________________ test_orchestrator_generic_fallback ______________________

    @pytest.mark.asyncio
    async def test_orchestrator_generic_fallback():
        orchestrator = HostAgent()
        context = await orchestrator.run("AcmeCorp")
    
        profile = context.get("profile", {})
>       assert profile.get("name") == "Acmecorp"
E       AssertionError: assert None == 'Acmecorp'
E        +  where None = <built-in method get of dict object at 0x156686540>('name')
E        +    where <built-in method get of dict object at 0x156686540> = {}.get

services/research/tests/test_research_layer.py:116: AssertionError
------------------------------ Captured log call -------------------------------
WARNING  uvicorn.error:knowledge_router.py:71 KnowledgeRouter: Data from people_provider is not ResearchEvidence. Wrapping.
WARNING  uvicorn.error:knowledge_router.py:71 KnowledgeRouter: Data from company_provider is not ResearchEvidence. Wrapping.
ERROR    yfinance:quote.py:592 HTTP Error 404: {"quoteSummary":{"result":null,"error":{"code":"Not Found","description":"Quote not found for symbol: ACMECORP"}}}
ERROR    yfinance:quote.py:592 HTTP Error 404: {"quoteSummary":{"result":null,"error":{"code":"Not Found","description":"Quote not found for symbol: ACMECORP"}}}
ERROR    yfinance:holders.py:77 HTTP Error 404: {"quoteSummary":{"result":null,"error":{"code":"Not Found","description":"Quote not found for symbol: ACMECORP"}}}
WARNING  uvicorn.error:evidence_validator.py:30 Conflict detected for attribute social_market_sentiment among 10 sources
WARNING  uvicorn.error:knowledge_router.py:71 KnowledgeRouter: Data from news_provider is not ResearchEvidence. Wrapping.
WARNING  uvicorn.error:knowledge_router.py:71 KnowledgeRouter: Data from web_provider is not ResearchEvidence. Wrapping.
WARNING  uvicorn.error:task_scheduler.py:36 Task yfinance_4: Target field 'ticker' not found in entity data. Using full entity.
WARNING  uvicorn.error:task_scheduler.py:98 Task yfinance_4 failed with error 'dict' object has no attribute 'upper' on attempt 1
WARNING  uvicorn.error:task_scheduler.py:98 Task yfinance_4 failed with error 'dict' object has no attribute 'upper' on attempt 2
WARNING  uvicorn.error:task_scheduler.py:98 Task yfinance_4 failed with error 'dict' object has no attribute 'upper' on attempt 3
WARNING  uvicorn.error:evidence_validator.py:30 Conflict detected for attribute social_market_sentiment among 10 sources
ERROR    uvicorn.error:task_scheduler.py:50 Task yfinance_4 failed: 'dict' object has no attribute 'upper'
________________________ test_real_data_provider_nvidia ________________________

>   ???
E   AssertionError: assert ('Nvidia' in '' or 'NVIDIA' in '')
E    +  where '' = <built-in method get of dict object at 0x1592281c0>('name', '')
E    +    where <built-in method get of dict object at 0x1592281c0> = {}.get
E    +  and   '' = <built-in method get of dict object at 0x1592281c0>('name', '')
E    +    where <built-in method get of dict object at 0x1592281c0> = {}.get

services/research/tests/test_research_layer.py:131: AssertionError
------------------------------ Captured log call -------------------------------
WARNING  uvicorn.error:evidence_validator.py:30 Conflict detected for attribute leadership among 3 sources
WARNING  uvicorn.error:evidence_validator.py:30 Conflict detected for attribute name among 11 sources
WARNING  uvicorn.error:evidence_validator.py:30 Conflict detected for attribute social_market_sentiment among 11 sources
WARNING  trafilatura.core:core.py:320 discarding data: https://news.google.com/rss/articles/CBMioAFBVV95cUxPZjRtalRPSHVCS2NPVEhlaEFVUGstTmNPQUhRUVZvQW5scVlkTF9YOTI0RnBMTGFWTGFnTE4wZnNldzVTUUllalVXcDJ1MTZSX0wtU2V2OVJheGZzNG5fcHlJVFJqemxKbVJCdkszNl9sWm8tbmc2bWFGUXhqclhZNlZXZ1FPQ2U2RzJpRTdnbzFIaXRBZEdaa2k3cEFvQktz?oc=5
WARNING  trafilatura.core:core.py:320 discarding data: https://news.google.com/rss/articles/CBMisAFBVV95cUxPZzhqQnF2ZVJSV2RpNWVfaFo4QzJkSTRKaldjZHpSalZOMW1VRnNLQ2R1MFRGVzNVS0VzcWt0LWFYelBFbUgzYkxwVUI3TzBfdVFkT2UwX2lvSUVKXzZaWDJGbFJkYUR4U0FMSExGVlNGZkc3eURVcGI1eFphTjQ2VTdiU2FENkxVZlNoV01sLWtiN1dIUl9zdWdrZDVoTUxBQWFWYkVFYnBUNkdZMUsyLQ?oc=5
WARNING  trafilatura.core:core.py:320 discarding data: https://news.google.com/rss/articles/CBMivAFBVV95cUxNUXhFdWlpT3kxWEM2cXkySklsX0FuOVdOU1JadkNMVVNLTTIxd0lmOUpHamVfSzBHdnlTdm93VW83cm9lZ3oxQ3RyZTZ5Q2dUdVJTYUZJQWxjSGNueXJLUVJ6aHdmOFBvQVdoNVBPckN6b2ZTLThRNVJsOU0yM2w2TWxDdklkR2JHRDVmY29kYnhMdGdqT21jZDhDUkU1dTJ3ZDNKUUdtWW5Nd2x0bVgyN1ZGdk0zR2NOZjRSZw?oc=5
WARNING  trafilatura.core:core.py:320 discarding data: https://news.google.com/rss/articles/CBMiqwFBVV95cUxNYUZ4a2d2QnlxeDhNQk1DMHRPWFNMTVpHSmhVX0xPeFhKdkw3cDMwYVBzN19lRXBaaFl5elV1aHhGcldLOFhlNFpFTW5IbG82X0tZZ091dGliUHZna1VKS3dDRWJWRHBLUHdYSWhBNG5kVmZ6RGVNZHc4ZWdTSFN5RGYzbTA4Z1l1eUFoU2hnd2lpSVJwNktpd0Q0bktjb0xQMGQybUJJQmpCQzQ?oc=5
WARNING  trafilatura.core:core.py:320 discarding data: https://news.google.com/rss/articles/CBMimAFBVV95cUxOUWx0Qi02VndOV1hvUzV6YlZCSmdYcnhxNmNKU1FTOXBSWGZlcmZqai0wVlZsSG1KT1c2ZVhUZVpHaEVmejlXRjBpbkZ0aFRXdThVTm9PU2ZGVHJDNlVMaUJFZFpBX3dXNFhUOHRKOXB2NHlNekQ3MktpTnp0S1NFV09aNldReU9ONFNOWS1QQnFmOUNXVF9Uag?oc=5
WARNING  trafilatura.core:core.py:320 discarding data: https://news.google.com/rss/articles/CBMikgFBVV95cUxNNHUwNUNKRHR5ZkZfZXlWcVpTb1BSQXd0U0RDT3Z2UVA1ckJ1b1FwSHZmVnhOTTAyejZveTRsODZtOTE4RXVzX3VDN0pDNGsxVjFVWnFYVHFvRUV2SUk0S3RaZUVTcm5oeXB2WEpsSmRJMzE4VnRyRnZTcG5xdmotTGtEcjRpZVJodG1URXVGYm5qQQ?oc=5
WARNING  trafilatura.core:core.py:320 discarding data: https://news.google.com/rss/articles/CBMikgFBVV95cUxNNnFOMTRGZkdhdDlRaHNfbTV1bGRkMWZtd3lwalU1ZEhuR2dvMWcwMm5EUV9OUUpuMjJncjNZSWw5STVxTkV5dUM3TEk1SzZZWEFxQXBleFRnVGM3bkdfN0k2YkpQWEc4UDJSS3ZVSUxPOXVMLWUyWE5ndEZTLUZ0ejBFZFZRUXlidDQwS1RYWUhWZw?oc=5
WARNING  trafilatura.core:core.py:320 discarding data: https://news.google.com/rss/articles/CBMimAFBVV95cUxOdFkzZklxOUlxQmI2ZElkUWVsS0dweVEtbjF5Wnk0MEc5VnBoTjZsS3NFZ2ZvSDBHWW1mZEFLT3J5T2RKbG9aM0RCcEJjLUg0QmNBckF6T0Rfbmc4Ry0xYjZJWXJza2puUW1tN3prT3NlMERlZl96X1NTX3pYaWEyM0xTb3d6eDZuSG1MRWJvZHdpWE52eGhmWg?oc=5
WARNING  trafilatura.core:core.py:320 discarding data: https://news.google.com/rss/articles/CBMixAFBVV95cUxNc2w0OS1IZXE1TzVjNmVCcDlXUFRQc202ZlNPLW5JMnZ2MmJhVUxkSFp6UDJxQWJ1UXF2NjJ6eU1GY1ZoQTdiRkhRbnB4Rk5NUEUzcGt1eFlCMG9fdU16R3g1eVBVRVprVnNQelNPN01QazJMSVV5c19JS3MxeVUtS3V2bGpkeHdaYUV5ZHRaVDhlM25TOXc5c1pJUUVuTk84UUZNZjBKLVBYOGlzX1NDd2Q0aUtnaDR2Z3BsZEdRWDNoczB5?oc=5
WARNING  trafilatura.core:core.py:320 discarding data: https://news.google.com/rss/articles/CBMimAFBVV95cUxNM1VWRlljRk9jZThtRGhGbUliaXhFNV8xN0FEaVk5Y3hIdGwxbnFYREszVkVSVXgxcjFHclZyMW1Tbk9wT1E4eVJmdlh5WmIxZUtoRzZqak9VbUV5WWt3RU9OaWVZR0tHLURyUzkzRjZCRENzdTFjR1VXV2FjNzhiRTZDdVo0QklLY0pJU3dfOTNVcTJGby1XTQ?oc=5
WARNING  trafilatura.core:core.py:320 discarding data: https://news.google.com/rss/articles/CBMi4gFBVV95cUxPa3ljZUpaejJOVmRMWFhvMVp6UmlzNmRQdHpXX0ZRbzAzTmVIZ3BqTG1Gc2VkUzBfZmlmeUZTQmJBQjNfejFsVUlHQXJWYUc5dm8xSU5KU2prbVAtd2R3bU44aTNyOExmaVNlVnQzUHl5NThCOFZOaWFqck0tRmRfSnlHVDlUendybm5fWGZrZGdPVkh1ZldBVFV0S0U1TVFBbEpPdG90UGwxRHozaFNxYWxRcFI1UkRFbTFsbmtYSktUWW1lZXNXN01iTEdyeTZsZElrbXpwbWhNc1NQb0hXeXdR?oc=5
WARNING  trafilatura.core:core.py:320 discarding data: https://news.google.com/rss/articles/CBMi0wFBVV95cUxOMUR0aFpZSW5pSHBPcjA2Yy1ZR0c4NkpHcU9QZWpWNXFpcUZKak9hb052UVBNUGxlejUxSTZDUndtdUpPMl9FQVRlX2kwT0E3U1luZjBWdEtkRmdLTllmdW83eS0ya2VXZWRqZEd2UXdFM1NOai1UUFo1UXZFVmxjMFdUNkdLaXFkZFBTd2Z3ZUZscmhDMVRzSmFlZlFMdTdqeUR2RTRIa2VFREJlYW02VEcxOVliS3YtcEZJM19sOHVUYnZQNks2Ul9Gbk5aZ0JBYlNR?oc=5
WARNING  trafilatura.core:core.py:320 discarding data: https://news.google.com/rss/articles/CBMitAFBVV95cUxNSlZFZl9SRS1DWURFYXd5WWFLQk9rb1pkemltNDJBWFJPMGt4WVluSlBfaWhyT3FMelRkNUZiWVpxZzFWbmhGVnBNcTRJekZLZzdqSU02S25ZRG9qR1FQMkVxdmZZYTh3N0JXUTJ4alg0djRFTUo1NzdfWWdWY2lzREd2WlVJY3BuYzBsMVdJN2VrTW9NLU0zWUJrMmNIZ2pZNXpWTnY3RHZrOTVNMjEtLU5TUVQ?oc=5
WARNING  trafilatura.core:core.py:320 discarding data: https://news.google.com/rss/articles/CBMinAFBVV95cUxQcFN0c3ZxRG5sME83UmNSN1hETTdSemJHdW9MT1RFZ1UxbGp3dDQyMmhodjFTSnppMFFPV2tsSGwzYzhtLVhGd3dxdlJQY3Q0dGJHbnJCOWRhQWRfNjRGUkh0SFAtLW5JQVl5WFBWdUdpU3RmekNmeml4NExBM2hjRzJjQmxZdHpsSHJRdk5KX1lnM01SdnRiQ0FDZTg?oc=5
WARNING  trafilatura.core:core.py:320 discarding data: https://news.google.com/rss/articles/CBMilAFBVV95cUxQSlFwUWV1LUxzN2hYT3BHaDByWGRlUFRUNXpZSmRjODJEUWY1R1RZXzZhWXRHRWRFZDUwbjkwQk5iSWx3NGYxQk5xRy1ia01wN3pYb1Jta25aXzJwTlJLbXVKOWFTczQ0bVVxUENqNjV1XzBoSE83SDVVVlMtSE5NRE9xTXRLY2FETlNma1NVdVZfb254?oc=5
WARNING  trafilatura.core:core.py:320 discarding data: https://news.google.com/rss/articles/CBMif0FVX3lxTE1RYjNZLTdYWUlseVFHaXNIcWYxWEZzSzlZdTloR2hHZ3FqV1k0Wk83RVpfZ1p5WDBPTkFSNjhZRk44cXJTUmV3Z1g2a0FfZFhvWWl6NlF5NzhUQVJrM1FnMFg1NE4tY0VRNGtQelJxeGZ4Z1NFQTBVd1VXdW5LbkE?oc=5
WARNING  trafilatura.core:core.py:320 discarding data: https://news.google.com/rss/articles/CBMikAFBVV95cUxNZWxBVXZBclZFRDRhc2pmSHBxSzY1TWNSZ2lLQ0hvUmdKYjFwcHZMdzdvTGhHXzZQYzZIUzVPcnBkU3daV2xLUklYT0x6QzJaMFl1LXZPWEtxdVI0RWRxRGVWVEd0bUR1bDBNVm16eGJsdmNvajM3R2Y3SUVkdzFBY1E3SmZZaF9YMzBYaklsTVE?oc=5
WARNING  trafilatura.core:core.py:320 discarding data: https://news.google.com/rss/articles/CBMieEFVX3lxTFB2VHluNTZUeXZab1RLR2NXNXc0S0Q2MGx2enFUb3VmbHNOZWhmTEdGQThEWURzc1pVQmVyUnJrTFM4QjRTeDNDMXJNU1V1cE15djVxUmN1VHJIaUpmM3l0RDJHMnlVYnkyMnlaUV80R1luVkV5cmkyNQ?oc=5
WARNING  trafilatura.core:core.py:320 discarding data: https://news.google.com/rss/articles/CBMifkFVX3lxTE04NjV4UG9MbzJlbFJudVI5enlGOTRlOEFYaDB5N1hFeXlwQVdNcHctMjlsVGFxSmxENlZnaEhhSkJ6ckxtRVlLeXEyQ3Z0bHVxX1p4QkFhVEVac2lqWXpXVktDaFR0UmtmS3dINTBXbzFkUGs5NmlNcXdXOVk2dw?oc=5
WARNING  trafilatura.core:core.py:320 discarding data: https://news.google.com/rss/articles/CBMioAFBVV95cUxNS0lwcVJBdGlHSDBFRE9QWEZwUi1Fd2g4d0Y0cjRWU1llZTVRcEY5YlBSdHU2M0RUSDE5dlNNSURoQXVMMHN1cHIwY3FXeDVsVHNaU1VCNUdyNFdFVVBOeklVWTc0UFZtMDl6SHgwbk9teFVlVHNxb1VuQkZZZHVVaU83U1c1bWZtWWRuT0ZqVE16Yi12UVJvay1VR25mNDZO?oc=5
WARNING  trafilatura.core:core.py:320 discarding data: https://news.google.com/rss/articles/CBMingFBVV95cUxNTXUxaW5pbHhhX2xMdDZ3TVFGNy1Va1hMS1AzZlpZZUpVNkpUb2p4b0pMbWxCZno2Y0FlRmZsRHBLcHJWazNjM3F5MWREVVMzSkgtdTZpX3dwbEF4bzdPSEFQVDBicVZseVkzZmVFQXgzVFNNMVFkcHlXS2dfMW5qRGNWdE9kQWNZR01CSmtKU1gxTVBPNF82MmVFalhaQQ?oc=5
WARNING  trafilatura.core:core.py:320 discarding data: https://news.google.com/rss/articles/CBMilwFBVV95cUxPVzJXY3dabktSQVJGWXRqcUMwb2c5TVlPam1Ud0FmbG14MUNuaF9QMU9TekJjUXVNeUFRb2VkNUxuSi1PSFpLdW1QSm1pSWpzNFJwS3RrQTZyellxcjJ1cFdqdmxseE9yNzF5dk1hamZROHJ3OTFvUmF1TWNqVU1Rc2ZvTENZbEoyalpQTzYyZkRyNmdfR0VB?oc=5
WARNING  trafilatura.core:core.py:320 discarding data: https://news.google.com/rss/articles/CBMingFBVV95cUxPUC1rWUZWckk5dTNzNmdia3JSejI5OG5lR2pFdm96X2VqZmZZYWVUR0xiM1ZOX0x1SXBMVHhfN0JiRTFaUGg4dTJsTnR1end6R3ZHazQ2Q2xyRkdLQk5GeGxWblYxdGxKV3VyYldkblRDclNQUUxNeVFfRTI0WFVWUWVnQXlYb1hlZ0hqaGJoOEdYMDl3X1NDLUVuRGdWQQ?oc=5
WARNING  trafilatura.core:core.py:320 discarding data: https://news.google.com/rss/articles/CBMioAFBVV95cUxNdjZvRVJmU0hud29lckpLUjNhQlZ4Z01DRkNGdG8zQ0pZYjEzd1Z4Tk1mR2VRM0JhZWd4U3FoRjlRWk1TXzM3Um1tcnh3ZEVyYWZ3T2lJcXY0TWcwTXpITDJnejM0aktWVGhXZkVJdElnNTFEdWVILW9FUWZ4ZUJJT0pWTWQ4Rzh2dnNyaGVsVllfNUQ3TTlRRmRvbUVldmN1?oc=5
WARNING  trafilatura.core:core.py:320 discarding data: https://news.google.com/rss/articles/CBMinwFBVV95cUxNQ1ZWR3pZVzU3R0JvMEJTMExMdFpnNmdfcnlFZ0JiR3hDWVVqV2hzSi05X2dLYnA0aXZ2OWpGcmtkMlNyc0pjUGZGRzBnSHoxVzU3RXVvMWJsbVNkZzhxUmM4dU5WdURFU3B2ZDFRU2FRRWdwb1o1MW91NHNMQmFjXzZWR0d0SW1PTEV6TkEzS2g3eTJzendxWUJUWGJZM1E?oc=5
WARNING  trafilatura.core:core.py:320 discarding data: https://news.google.com/rss/articles/CBMilgFBVV95cUxPRHpCMzBPTlFySThjV1ZYNnNrdVFWc3F1azhfd3hlNlNZUmxtSnptaG1IalE5Z012UUJKcmhRRnJCbUtrMk8wOFQ4UUxCN0xsVjh3bExmNXBKSjZLN19Zbk5UX2o5dlZTbG1QcnFWd0d2Q0VPaTJkU2tfNEluSHo1LXZ3bVYyRWdaWW9sVE91R0xERzlpUkE?oc=5
WARNING  trafilatura.core:core.py:320 discarding data: https://news.google.com/rss/articles/CBMipwFBVV95cUxQS1FNSTF5VHFBcmp4akVaeXF5QWdxcjUyYnU5MkN2QnhWSmVoeEdwN2JpOHFWWUF1UGg4OVFqRGlBTFU0ZU5YUlF0LVZaNURJWTc2OVRKMUFrQndZeWV1RzBXMEVYc191Yml2U3p3S2YteURWTUhIeGF4cjZSdVFiMjU5NHRFejRkdEJhQWU4cG53TGhWeENCaVF0LXhFZzdQTy1DRDhFQQ?oc=5
WARNING  trafilatura.core:core.py:320 discarding data: https://news.google.com/rss/articles/CBMigwFBVV95cUxPUkhXQjRaNHlWeHBlUFA5bEtoQUlUcWNnTjNaUWVqelZNaWd5cktaMHFVSDAtdk5ZZkx6LW41RWhuM1prSmY4LVlUa00yVVZGaGd1dklMb0hhMmVZZV9tcGc3U0pxZVRHMjNlUXdXcFMwVFh5NlZUMllDZk9qVXlGeHl4NA?oc=5
WARNING  trafilatura.core:core.py:320 discarding data: https://news.google.com/rss/articles/CBMimAFBVV95cUxQMWdSREhvRmNSSXVFVVUxenBWYTFxMmxEZy13UVZER3JVNVhaVUs2S0o2QUhJdWFIbGprMkpnbDhYMk5ob3BkdkdRbF9Fa0dzN3otX2o2VnQ1d0ZocHZRMEtlMzZyZFRwZnY1djBuZUxkVGRMZXhpbjVrOXQ3aFJ6YWF0alFFYVFOUmIyRHNwMTRpX1ZERmdwMA?oc=5
WARNING  trafilatura.core:core.py:320 discarding data: https://news.google.com/rss/articles/CBMiYEFVX3lxTE1FMGstclM1R3lESkhtUUVPTDBHZktQWWMzcTFXa3VIR2FOcTJLcy1wQnlLMHo5MDRXeS10UTJudHRxNmpFX2hyWUZzX1ZTaVpBTng3VXBGT3ZGa0FrTXhHMg?oc=5
WARNING  trafilatura.core:core.py:320 discarding data: https://news.google.com/rss/articles/CBMilgFBVV95cUxPUUVFaXk5Y2lsLU4tcmxiRjM3X1pyVVhQZS0yZjVYMUVqMFF4cHJRVGJjbXBnRTFhOXVpZUh5a3ZmUEVkSFBHcFdWMW13QUdjQnRmUElOcTMtdDN1OXprRDVOM1JFUzRNQTlKVU50UExUWVlrTHRuUkM5LWVoRE8xMGo4YWo1ekJMcXZVUzlCYzN6YzE3VUE?oc=5
WARNING  trafilatura.core:core.py:320 discarding data: https://news.google.com/rss/articles/CBMiiAFBVV95cUxPZms3QWQ1dWZhYVFib2owWTlmZDlOdGQ3WmhmN1UwNlBmXy1EQWJaMG9XOEVDWk5RNDZMc00xNDhRWUR0R2d3WlVRQ25IM3pTVlRIelJRd0dXaUg4WVBrbmNMOVd3cThiZjFxYXdjUG1pRmpQY1Rlbkd1bVgtNlJuMHE5ZFJVbDEy?oc=5
WARNING  trafilatura.core:core.py:320 discarding data: https://news.google.com/rss/articles/CBMijwJBVV95cUxNMHdKeDNMOWN0NE1Vb240YXBFTF9MYS0yQ1UwdnhONWFBSjNfdHdZd0szN3VJR1BqeDg5WGxGMDZqb05sME5JUlRRWkc2YUFMR2djd0Y0Um1MSWtwX0hWSzBsVlVFY1EyQ0pjVE9oRTJZQlZ4ZVo1UTRETWgtSUpGakZKd19iODMzejhRNWFWQWwtTUNqTmJ5VXgzeTROY1hjU21JUXZNY0RfMXhrdkNfNzFfX2oyMEItc1VxTmZzUldLalRDX245TzY4V0IzN2h5WVF3NnJYMkZ1Q1pxNkctdDJZNWJnSHlfQWdnNllVQVA5X0JBbFhFOFdCWnJpMDZiNTFRb2M0Slp5TEtmT1ln?oc=5
WARNING  trafilatura.core:core.py:320 discarding data: https://news.google.com/rss/articles/CBMimgFBVV95cUxOWGRYZ0NfejNBSmlxNVVHU19qenh1ajhtQm5EbVQtRzhMaW0wdE44Zm9ERUZ2V3hqVlhVcXlBRFNtSjFwUHNac1pUUlJ6azlINjFJQVZYNFRvamhScXN6cE1SNFp5SnAzY1ZCTW1na2oybEliTGdwUGdKQUk3THlVWWxpYWFCTWRXSl9KNWR2NkV3RS1lc2V3WjJB?oc=5
WARNING  trafilatura.core:core.py:320 discarding data: https://news.google.com/rss/articles/CBMiggFBVV95cUxPQzNiQjBEX0FJenZVUkZyb0tKWTIzSXl5UEZCXzJzUjI1UWFiU1ZSYWZjZ3pnTndaNUNSTmNNdXBWdkMxcVRRZEctb0F2R0hoakE1SVl3WFFuSjdtaHc1MjhwVFRQcnJ6eFUwTkVMbXJqN2FfNXFNS1V0NEI1ZWRuNzV3?oc=5
WARNING  trafilatura.core:core.py:320 discarding data: https://news.google.com/rss/articles/CBMimAFBVV95cUxQWmhBbFhEWkVlZEpnVktHNTVGMUlYWS15R0llTXd3bjlpNm1nWDU2MGtiTjNiTXBBVmxaSVFpdThEVmREMURkYWlDOVA3c2ZHYUFUVzJZemI2RnM5Nmozdm9NODFGM1F4Z0ZKYWtKVXZfRWhzZWlaTFZqaWcyTS1udFpoeER4NDFWQ3UxQnQyak5jcGZ4eE0tMw?oc=5
WARNING  trafilatura.core:core.py:320 discarding data: https://news.google.com/rss/articles/CBMimAFBVV95cUxPcGtEZ19MWVlfLVlfZktmTHZnV3V2aHpJc0JUY1pURk9ENW1EZXJ2QWpveW5rNmh6YkFTMHloelR3MzVxQmlnQmdZOGlCTExQdXRfRHdldWlGeUx6NHE0VzJCcThXUUtTelhxOGxrTkcwR3lrTkc2QVdWNy1EVW9PRmVjcnFJM2ZIemphbkdfRzRtVENrekFxSw?oc=5
WARNING  trafilatura.core:core.py:320 discarding data: https://news.google.com/rss/articles/CBMiggFBVV95cUxQbExxRzdQMWk0VXZvNUNlV19wRDR0cEFlQjJCaGlmUjRwTXJKVFdtYlQxSXJfWlNKUWViSXpmUGpRUFpmM3BoY25PMlhiT09OVGJKUmhtM0ZfOWlBSnN6djhuOFotWlN0aXNJWXVaOGxwbl9IdDlsYkNXSWNnUmx3YUlR?oc=5
WARNING  trafilatura.core:core.py:320 discarding data: https://news.google.com/rss/articles/CBMingFBVV95cUxPQTlGUGd4VTV5LTBwLS1NdVhVQlNSX3dfZEF3enBqU2ozbTlNQ0FQRzMxdVhIejE5MmFsS296R21tMXk1YmtPQ3BGaFZZQ2dGVFZkdDhFZ3ZUY29Xc19ZQWFMNk9wNXdpaWpURk45REJmTzdUVWJSSkcwOVlSeUw4ejdHZHZoM2tDQWRHbmhUYWRoY0l4cHRMekxiY094dw?oc=5
WARNING  trafilatura.core:core.py:320 discarding data: https://news.google.com/rss/articles/CBMi2gFBVV95cUxQelF3a2R0XzR4NnNDb2pTVzRRQTYxVmV0MmpobWhZb0R1Wi10aWlqbzNSMlRxc1c4RGNieVhWTGpaQVItWmI3UlUyTUlsZTZSQzdPanhNOXVuNXVOUmlzejVRblJPMWdEVTYwRWpScmRySWsxanZEU2ZNcHFUbHV4eWR3MGVVZ2VyZjEzWmE4VDlMWFltQVBrMm5FRUZMRTdsVFZaZmZ6ZkVyQWlGaWd1aV9FQmFQcFY2ak12RWFTWU9Sb0JQd01sZ1BKUmRuZnp4cjBYOG54VnhCQQ?oc=5
WARNING  trafilatura.core:core.py:320 discarding data: https://news.google.com/rss/articles/CBMihAFBVV95cUxOckZyYUlWWjN5QVZ6cHNNNmVsQW80NWFYV0tGdjU4bUVCWlBvbE1JQXhkRWxCZVdkaGx6ZVdzcXY1dndiM2pkTGxKeFJBUFJqNFRhMmpKVk1kM0FQVEJxNFZPS0dOMmt3TGg2enlHRGtIV1U2VndtQ1RmVEpxcm9EbWxJNHY?oc=5
WARNING  trafilatura.core:core.py:320 discarding data: https://news.google.com/rss/articles/CBMiU0FVX3lxTE9KeTBwWm9HcWlQbGlIbkZvX19uTnM1dEJWS01DVVIwSDNJMmVNOGJHM0liMHlNV1FWX05uRV9rT2RqY01iMldITjFhcXoxNm4wbXJv?oc=5
WARNING  trafilatura.core:core.py:320 discarding data: https://news.google.com/rss/articles/CBMimAFBVV95cUxOZVpCZ1BLNVVubzBGaUU4dFBwcEM3R0MyMFRObGMxNnNNRGVUTHo4X0N0eW9tTzR3TTB3Mm9aa1h1OXQzai12OUxXVjM4b2l4ZVZoSVM3d2J2S250ejhJVERhMHpQdFQ4TVZoNGlDdnI4WHRsNXlVWldXZ2JSQXhGMWlWMHAtcXhYWV9UWUtlNFEyeWtfVWhJbA?oc=5
WARNING  trafilatura.core:core.py:320 discarding data: https://news.google.com/rss/articles/CBMi1gFBVV95cUxQellXb0g0MnlabmV5QzBzTHNPUmtPZEctQlFQV0tlbm9RZTdtcllsbER1X1Y0SVM1VURLbHZiM1l6S0tjcWszaktud1NlaUptZkl1X1JLSFFmZmFtd2tManpHY3pzZFlaZ0dVYjROc1B1WXBSSDFZLU1INHlyNnZESlhoMG1BbWxCd3ZmbUM0ZF9zWVpqSmVHR0l6UExWV0s5LUtxM2pSV2FyNEFfakFjWEIyTVFTZThaaGF5SmNKX0pLem1lSXV1T3J1Rkh4SXktbkg5VDdR?oc=5
WARNING  trafilatura.core:core.py:320 discarding data: https://news.google.com/rss/articles/CBMicEFVX3lxTE5MM1E4c2d5TjJKdVJMZWFjQllmVXBEakFTX0dPRGVIYk9ZN2c0aEFUT1hEMHJfa1RNeHg1dnNVb3owbGF2RHpJQnJwVHhiYklPNXczRFZ4RC05SUd1M1VGMGFOMC00a1kybUlXa0Ixd28?oc=5
WARNING  trafilatura.core:core.py:320 discarding data: https://news.google.com/rss/articles/CBMipAFBVV95cUxOVWJEMFdJYzdGSDhEU0UtNjZEUnlQR1dhSUowaWlyS1luRXh1VGE2dUJSX1NZLWE4aTFGZGoxYS1JSlpCWTVramttd1hoWGRhSGt2MU5peXlDOXRuNTBJQnhabUx3TTlud1lyRHJEMGxmVzhFVWdQYkRacW9yUDFxNTFOV0FjempnSEJkLUl3SF8zSnM1NDA3cUFKbDNZbW9lVk5KYg?oc=5
WARNING  trafilatura.core:core.py:320 discarding data: https://news.google.com/rss/articles/CBMingFBVV95cUxPMmNyZTNFblpYTHJTbFRvckVHTXlfZUo0ckMwTzlCMWZPeWFQUzJIU1ZfWmp4N3hhdzlGelo2UEFoNGFadE8wRFFIdWdGYV9maEFPbHp1TEhrX1lJa0M1ZVQzenVfZnZxLTlIRGFsZnRhaGp5TnF2aVFsMzZxRjlMN1h5SVVfYlVibTdhMk56SlgtLU5UcTFRYUFKcm1GUQ?oc=5
WARNING  trafilatura.core:core.py:320 discarding data: https://news.google.com/rss/articles/CBMiugFBVV95cUxNUWQ3UzZaY1JCdkpMTC1WYlZKWXhZU05OZWpYVS1rRHZXcm12NzVGaC1LbzZfTmVDRkRCNVdwdjRUSEhxY0VyTFZNSXExTHotVm81T0toYWdldk5QbW1lenFnRWRDWVYwdmd2M3dZa0pUdjMzdWVCZGd2bDdfdU5hajJaRDBsYnNmZ291SHB4QjNqenc3YmszOFd4b1QwNklfRFA5Wk9wVmFkMjRuYVNGZHNXYUNoVENvaUE?oc=5
WARNING  trafilatura.core:core.py:320 discarding data: https://news.google.com/rss/articles/CBMizwFBVV95cUxOUXVaakpsU0lUekUwMUFYaWRYRnJrNklwdWhmSVRpcDM2ZE9nTFFJXzl0Zk91T1N0VTdnNWQ5OHlCa1E1ZUE4MW5WbUxiRGFXMWVFQmp3ellwOGFXQ1U5NHVaNW9UUDJsVURjR29mR3FXSnJtV0xWZTZmRzE5TUVfTXVWdl9rSUQwbUNtRW9Tb2JZLVpYT29YRlFXOFRTNl9KYkZiLW5EMF9xLUZKZHZ3el8yMk9xMWprYzNteVhhX2xVYy1ja3Qxb1k0X0I5Ums?oc=5
WARNING  trafilatura.core:core.py:320 discarding data: https://news.google.com/rss/articles/CBMigwFBVV95cUxNWWNDNzkybFZxQVE5dnk4ZFBjUEhNWXVYclg3N1hteVFrUkZTdnA3YjcxRVNaS2EwR3BGV1p3MWpvaVZzZFVsSmJKTTduNGNVLS05dV9tbzlPT2pzZjFhN0lKZ1l5RDJXOHY4RVVCbXlvTE9fWGRwbHVNVUZvMmdkWU1aMA?oc=5
WARNING  trafilatura.core:core.py:320 discarding data: https://news.google.com/rss/articles/CBMiZEFVX3lxTE9uXzBzR3NhYkhmOFNSb0tua2s2U1RCRHQ5RXpRcUxKS0xMUkFMNlYxMDltR3N3bmVSdWFQc1lMWDcwaC1yVnNnWEdkMEt3QkZOaGZvaXY0cHRHMVBaLUp1SzFDejc?oc=5
WARNING  trafilatura.core:core.py:320 discarding data: https://news.google.com/rss/articles/CBMixgFBVV95cUxNcUFhRmw3YV9UbXpUaFZ2MGFlTVRzT0xNSi03NVFTX3M1NlNxQ0staGdBSENxNDlzUE1TYWdSN2N0M0tReGhjaC1GbHpCbVJXaHo3ZUdHUjQtWXU3VnRMbTk3UEcycThTT0lVQXdVWElMUnlKMWhvQTdHTTc2LTF3bDVjcTBzeUMxcmFxakNKSnMwRW1tblp0UkN4UnI5eklQVTlLdXJsUloyNUpFaWJmVGY4QlZSUWFKU1ZzdnNfWTVOTlViTVE?oc=5
WARNING  trafilatura.core:core.py:320 discarding data: https://news.google.com/rss/articles/CBMikwFBVV95cUxQc1F3SERaREhyMGozSTZicHd5amNTN3BNeFVBcEV1UU5tNjMtSWhDQWVmLW9SaG1HNDRZQkMxYlpybEo4N1pXUmxwUHJLSS1tWDNrWUp5YzY0REZmU0hFWmlWTUhtSG1EeGo4N0VyM3hQcFpfa0FiVVdFbXVwQ0NxR3o4NUU1LU1IaEFPQjRqVzRLQk0?oc=5
WARNING  trafilatura.core:core.py:320 discarding data: https://news.google.com/rss/articles/CBMinAFBVV95cUxNNGY0UXVhMWlvOGNlZVV4R3dGWnQ1c3VFT2dFQWt4Y3NoN0d4OGNfZE9MbFU5TXk3WmRHRmhvUVg2U0lBZTh6WWhvN2xZWTR2cUJOVDk2VUhOMUl0bW5kSENuNk53S245aEpjR0xCUV9fXzRKNmVab0RqWTlVX2xDV19FTnJPLTBHbUJ5MzNSRGtVa3JYNzRlWG1mdkg?oc=5
WARNING  trafilatura.core:core.py:320 discarding data: https://news.google.com/rss/articles/CBMilgFBVV95cUxQdWp5a19HcG9Eb0U0MmZoNU5QS0xvRDFCXzJycTMyNE9uaUU3UDE5MEtnYTh4NDVxSE15VU5jVmlJYXJ2TVM0eE5tYWZNVXduay1CRWI4cU1LNTJ5S2JXcmgtYWNxTkNSbi0yZWNKX1FDM3lQbGVoOHFNY1hIQUN5MWg5Z2NZa212bHVoWVlzblFvOGF3SVE?oc=5
WARNING  trafilatura.core:core.py:320 discarding data: https://news.google.com/rss/articles/CBMiogFBVV95cUxNd0lfRnBvSU5iVE96RlZFT2pQMm5HWGVELXFvT0tBNW1MeVJfMzBveVVONGxlR0JZS3RVZTltd1BjMDA3WlBnN2FyZkhFNmF4RURUMjctOVVqWU5wOU14X1FEQ0pGdjdQSndTc1pCTXROcFZaU3RVakJvZXNRYnlvOEdzeWNvbnBBZzF6TzZOdXRWODB3ZEctUFdQQzh2RnVHU3c?oc=5
WARNING  trafilatura.core:core.py:320 discarding data: https://news.google.com/rss/articles/CBMimAFBVV95cUxPODhPLWxySEJKUWdvZUZWT3BVSDV4MkdNMmJDek1tV3l2b0FUQkJXN01qcXRzUk1WdmFfdDJNOHNNc0tKLVRiMjFVZkRVZGxRbTNMcXpxQmJFb2o4SXRka3JEM0hoZl9KWTB0TlQwTGZfelNpcmZjMFRfMGJzYzhxNDVDUVFnako1aUFERktPLTBQX1NoY3pRYw?oc=5
WARNING  trafilatura.core:core.py:320 discarding data: https://news.google.com/rss/articles/CBMisgFBVV95cUxNNHk0MlZHREtBZlh2S1h1YXg4VDh2V1doVzZENm5mMjUzeVU3YnRfTmJpT1ZMczhPTENwS29ZWU82QzlyM2N0cURVZlJOT1hCOUNCcDcyNlpOWlR1RlQzbnlHS3NPVTVFTkJkYktEc0pRV1U3LXpzYUlFMHd2QjA3TnpTV0I3bzVRcTNVT1lLWGNLdlFIRDNLU0pJQ2ozNXQ3V1dBcjk3LVNSZUtWNlJuNWpB?oc=5
WARNING  trafilatura.core:core.py:320 discarding data: https://news.google.com/rss/articles/CBMif0FVX3lxTE5SQUxBM3g4eVMtT25WcnozZGtTQzhGQTQ4QlExM2J2VmtDTXNDcVdyRVUxaHVyMHl4Y09FWkhOMFliZ09yMXRacUgzUHlvRmUzM3pzeDN5VXpDMER2RGpGUGs1TU5kOVV2Tkw2UDIzVFlvMlkyUmYzYnVwY3FnY2M?oc=5
WARNING  trafilatura.core:core.py:320 discarding data: https://news.google.com/rss/articles/CBMic0FVX3lxTE4wbm1LRlVBRG1ERkNlYkNXc3dQUnBmdHdyclZnY0dCSmJmSk9sXzFpbllMVlNSZTBUMXAxTkhWX0xiOTlPbDhLRkRjZGVUUlgtSTY1cnZOSl9EX1dEX2tNRGlfdnJBVUI0M2FDNE5vVnFrVW8?oc=5
WARNING  trafilatura.core:core.py:320 discarding data: https://news.google.com/rss/articles/CBMigAJBVV95cUxNYkVyWGRQTDZiMnlZYzkycFp0S0luZ2k5SlZ3TW9RMkpRb3BBSEY0Nm9TMWlqMEE3ZlBqZWw0Vm5lWHpvV3lGNUUzSGxtdHRBQngtOXlRZi1paHlIT1ZMZE5UVzRVSmN3TTdvRm1RbzBfMWQ3eVR6OVFPcFktbFkwOWxSZDBFNmlvWTdGa1pHNW8xSDQtd1lRRTltUkZ2bFhmWnZfU09IaHZvTzh4aWxKT2lDaXBDWWtnU0lxdkNkZ1NUSmZYdEUxNU1TdFVTdm5aR01tU3gyS1JMSFFoZ2hIYnFELWJnck5vWUx4NFc2QktoT0stRzNxa1hwX01QRzct?oc=5
WARNING  trafilatura.core:core.py:320 discarding data: https://news.google.com/rss/articles/CBMitgFBVV95cUxOVmRyeDI4RWZPamRkOFZFejNSaHpZM2RRWmZGem5jeWp1YlRJclhuOE9Oa3VKZms3SGN0LXZJVWVldktxU1NyQmFXc3BHQjlGVUpfVEo1S2owc25oX0NWUEFPdFRIaUx1dkF5TjdjRVJVR0x1dXJQbUtEdlg1cnJOTHJGZF9KS2hnQzFuQ3B3MU1BdWdKbWdoUVJWUUdkUURkWFR3czI3blU0aVltelNjNmhIamRvQQ?oc=5
WARNING  trafilatura.core:core.py:320 discarding data: https://news.google.com/rss/articles/CBMid0FVX3lxTE0yNUdBTjZtVGQ1STdRQW9kT1p4b0c1bG9YaGZTRTNzdTF4dmR6Z1Y5ZmNEQV93eXdGVDBTcGF0LU9JMU5TV2xfQmVtTzJWLVItVHFmOFVCT3Vud1M0Q25uWi03dkYyQWYtdHFuWDNnZkRybFQzdWVv?oc=5
WARNING  trafilatura.core:core.py:320 discarding data: https://news.google.com/rss/articles/CBMixgFBVV95cUxQQUFLWXZoNU91SlFNbXZwQW1xTVRQYmZ6cDZRQWhzNEl1NmwzOEVaVFlialNRR0d0NFpUb2czazZCVnlIZXg0NUpYczNfMXlqbGd6NFhEckRTcHdPdnEtcWtkVkhNWFlMRTRZRmdnMnFXN21PT0VJajUyZEFfV1J2RVZ5cHRKdDhEYVRfbGRCMkhpTGljOWM2RHY2cGgzd2YtZEcycHVLZlRNTHMzb09nYXQ3MXVVYzVmX1l1SU5WY1F0QTJWWGc?oc=5
WARNING  trafilatura.core:core.py:320 discarding data: https://news.google.com/rss/articles/CBMikwJBVV95cUxQX1ZIRGpJSnZIMHQ3bVdIdTUtRGlVanJYLVVDcUNqT0RNT3VYTHhpelctQml4MUtNaUVuYVNqOHViU256d0ZaSFM0SDV2QjhJMmI2OXlOWkktSENMeXVSTmI2N1NINmZnVlZFTHRiV3pnbXppN2ZTVGF3SlFhUDVuaThHaW11VXd5eU9Zd2g4eVk1RmRLbkNRMXhWblBaZGZRT25majJldGR6Ti0yU1hzZDhhd2xla3llQVBPZnd3cHIxaGhKLVk2UTlWSUU1VXNpMVF1NkVrUHlVeFVJdXNKS01PRzY0U3IzSjlaMmNHbUswblpaU1VhOTdiWjFhV1Nld1huQUtldjVyZnFJbzNYSGpkbw?oc=5
WARNING  trafilatura.core:core.py:320 discarding data: https://news.google.com/rss/articles/CBMitgFBVV95cUxPMDFqbm1zV3U3Ym5seVZhcFplN2ZWdkxUMlIzZlVFTzlOSlYybWZVMnAzNGNlUjVxY0lTRVc4VjlUZW8wTkg4MVpzUTZBQ01nVWsweGNqWU9LQzZURm9EY3ZQMHZBS1pMWXZZN0xQVEMxazFoNEg0NC12eVBsb3hwVVk2UGNhbWY3OUlzWkREM0ktSi1FdXk0aWlmYWlRckFvWnY3REVkSE9qaHNjMUFmUWlPYkhKdw?oc=5
WARNING  trafilatura.core:core.py:320 discarding data: https://news.google.com/rss/articles/CBMigAJBVV95cUxQbW82SzBYTW5kRDZtd241TGFLc2dqQWVZSUpabktkT3dzSTZTZmE1Z09QTFVLYktkVDdMX21TdnlvaEhYa1RpVWMxdWdvVkRENGFkdTZ6TkNHb3F4cGR5TjQ4YTRWMDBEbmpGOHVyMWRIeHlZXzF6bU82WmhQSEo2VjdFeE4weHJ2bFpydEt6Y3AzTjlGVVJ5ZVNIM3FfTHFOVExKNXBPeU5qLXJ6VXN5a2s0SEJpWjBHamRYQXFqaHJ0eFp3ZDRlc2hHa0hWa0NOV1drS0RqSVRkSExRLTN5Vl9vWHA5Mm9PaTM3Nng3ZXlUSDFKeWxpTmdGc0RiOG1Y?oc=5
WARNING  trafilatura.core:core.py:320 discarding data: https://news.google.com/rss/articles/CBMibkFVX3lxTE1WZWJQbW5PdHZoZmNCbExjaVVXX25PcVlWNWlEcmMwSU9YakFyNDRoVXNRTm1tZUdIeThxaEJjMmR2NHl5TnFHbHhla2ctWGVfQldZREsxWEVYNFZCSDFLbVlONEM5dVZvVzl3czBn?oc=5
WARNING  trafilatura.core:core.py:320 discarding data: https://news.google.com/rss/articles/CBMijgJBVV95cUxQWU1sZm44X2l3akQxMWpBTmZ3S05DTEdDdGZKZC05ZWZ5aHVZRE1OajVRemZiR3dxc1dhT0dvYy1Gb254S2dRdUc2ZzRVMnc5eWhtQjd3QWNGMEEyNDdqZFJOcm1TVUtWSXFjRWNMZERMM3BhdWhPb1YtZGdPSjhLZklsbFd0XzdZUXBKcjV2NVBlWVhEeG1POXdMM2Y4YVlRRkJUNkMxNnEtOXNjNUVqd3B6a0txTVkzekpGcG9GQlFDM2VuSGM1eHpLNVhzV2xENlhacldJR3lBb1E5UUJIREhaaWM2djFud0U2OVNSWlY0VmNwZVJZXzNELWc2Rm5KNmFHbEpnM1pqMmo2Mnc?oc=5
WARNING  trafilatura.core:core.py:320 discarding data: https://news.google.com/rss/articles/CBMiZ0FVX3lxTE1QYXk5dU5PYTdNTFVud2FGeVItR3h1VDZNdXE2cC1hWURveHM4akd5YWhTSHZienhRY05EOFc2bWxBTWhxNWV4VEtkN0JaOEhsU18yVldCS2NEV3gwQkhJcFJjMHQ4UTQ?oc=5
WARNING  trafilatura.core:core.py:320 discarding data: https://news.google.com/rss/articles/CBMirAFBVV95cUxOdFlENGxzLXJRYkdKenhsMm1hMnBQTW0zckhkNERxSlhMSkNweTNJbW5QRmM3UWNiMkFHdmlfOG1vM0JxbDZxX2dGdldDam5CTFU5R1NveEg4NzZFdUs4bnFVUTAwMl9MNzFZbjdNWkhhMHVlX29sTl9fcHV0bERMbG45TWdCME9fQXhmZkkyRi1zQVZvaGhhTmtfUXdWdjVNSzNqQ2Z6VnIwV0F4?oc=5
WARNING  trafilatura.core:core.py:320 discarding data: https://news.google.com/rss/articles/CBMigwFBVV95cUxQTkliTWJfOEZRRHZ6aUJNYlBKd3lVMktib1V0UTVWcVR3U1NXOGdvdGNWeXpISkd3RElObkJmWFlRVUdmMmVlZ0dhT0d1YkpPb2JVdFhKbzB5ZTF6VzdzamZ0WkE3T3lKV1lfdVdvY3JvR3JGNVVwYzVfaGNFTGR1bkI2UQ?oc=5
WARNING  trafilatura.core:core.py:320 discarding data: https://news.google.com/rss/articles/CBMimwFBVV95cUxNZ01iS3V4eUhLb2MtRjZiUlFaMUNWVm1UR0ZhTlJsa01uR2taeVZwWFJnSFN2aUFYaEJSSE5ndEc3Y2tZWVZmMUVCVWlya3NVWVgyYUlnbU4zOFZFNGRyc3ZLOXlURHg3bDFDUnF5V21fYWk4OFA3ZUwtU291UVdHZDQ3MW56dk9VYTFIX1JWRXJMSHJOY0tiRUZjWQ?oc=5
WARNING  trafilatura.core:core.py:320 discarding data: https://news.google.com/rss/articles/CBMidEFVX3lxTFByMVFNeDd5VENidnBnZ0lqUi1CcUtYbmR5eGdjbU1XYk5jRVkyRkNQSWNwT010cmNMMmNsM25tcnNvd0MzTTRCWkszYW9SdDV4UHF6TUJ4Um1zVHl3T2dpeHdjRzV2X19aZlNTbDl0ZHl3eWJX?oc=5
WARNING  trafilatura.core:core.py:320 discarding data: https://news.google.com/rss/articles/CBMijwFBVV95cUxNSklNenlOc1M2NFZGdWF3cFFmaXlfbEVhdFM4UzBwaE0zQnprZ095dWhBTlRrMXFOVndsYmpEQ0xvZWZHeldXS1p3ZUg4Um5vLUpMUTdBWE1FakYzQmJ2dmdwWWpKNjBTWXFrdUZJQkVsOUZUMl8tcXQ5ZG9DRFFkVlZRRDJGcXhZakRDYTR0Yw?oc=5
WARNING  trafilatura.core:core.py:320 discarding data: https://news.google.com/rss/articles/CBMi-wFBVV95cUxQMm1pdm5NVnVhalkwVUQxVlZUR1pOQ0UxVkplY0w4THhkcDRfb09Fc2tFRUNuNHpwUUdUeVBUcmdDMDFaQ1RHWlYxMWEtMHZiaXZSOU40SzRZS2g1OTVPRml4cWJUcVpjUmNqV1pja08tWDhFS3BOY2hfcFljT0NqanM4M2lqV1cwVlAybGNsN0l1OWd0VnJlNmE1NEFhRHNHa0c4cWkxLVNYaW03OXp4b0dIX2RwRFBWMUZwbE02Y3NmdWk0UFVzcnlDZGx0c29lVXhna0Z0c0tyVnhJd194NlNYS1BmR1UyUEo1VlR5cVc5YkFTeXUwQkZsZw?oc=5
WARNING  trafilatura.core:core.py:320 discarding data: https://news.google.com/rss/articles/CBMimwFBVV95cUxNbVBnbmZpcGhhZlpVajB3c3VxYy05U1lyRjVPb3BMY2FNeGRBUnJ0UjNILThuMlRmOWpMWmliVmJqQ3VhM1VXRUpmaGotR0FPVHgzWkItRHBwN0dkblloQk1YQ3pVNlNQNUpIRldYUUhsd3RDMEJsTkswdXpOUU5wTWpRT1gxZjhjVERRM3lRWmU2Q2ltZGpSazQxRQ?oc=5
WARNING  trafilatura.core:core.py:320 discarding data: https://news.google.com/rss/articles/CBMikwFBVV95cUxNbzZlT2ltM3l1bUFrMkVYai1XeDFtTlhPLS1JOWhnLTdkNDFJZzdoTkVQSlhVRk85LWt6MjZwM3dXaHRGU0xMS3l1Y0Nhd0pmYzhrVlBRQTl4djZXOTJXdk91QXgzUEx2S2JxRjBVMnRsR2JCY3djSmFsZDJmSW42TDFzSTZDQ0tfajhUSHl5NHJoWkU?oc=5
WARNING  trafilatura.core:core.py:320 discarding data: https://news.google.com/rss/articles/CBMihwFBVV95cUxOQ2syWGhmZU10YXdaWk9vWlpoaWlsOXp3SGg3TXZFdEFyQm9waHZfOUFIOVAtenNFM1RJTk84cXFEOU1ZNzNMZ0VVNm5vX1pPSE0zMlU4bTZRcTNtNmNTZERHR1hCbVNFM2tFNC01Z2ZTeF9qVmppa2p0clNWRUV4b1ZWck9wMUE?oc=5
WARNING  trafilatura.core:core.py:320 discarding data: https://news.google.com/rss/articles/CBMiqAFBVV95cUxOTGtGd0VMSHJsRVp5TU1pTjY3T1hOYXhxYmRwdlVUOXRpUHlxc185X3Qxcll1eWtnTC1aWkpTNGxuS2NBMmtwb1B4OWJNM2U4cWtTLV9FbWdKLXVHbE5aVG1hUXpxNlZJOU5fRVJmZzlrd2FzT2xYQjZjcVpmblVMZGF2MElRNC1FdVhzVFRRTDNQTjVLQ1BqTzhxRGQ5TEYta1gwWnRGT2o?oc=5
WARNING  trafilatura.core:core.py:320 discarding data: https://news.google.com/rss/articles/CBMi5wFBVV95cUxNMktVWGNES0lrb1ZlN29paHFLNkJrb085MkhrcjFfeTh1U3phX3RPT1pkN3BhVHRJUlVWWVh4eTRhdWtRUnQwV3l3Tk1zdHA5UkwzQmVvODlKU18zbnZyT1FVazZtek9UY2x1ZDVrRUVDRk11bVRYdlk0aEJ2aE5ydjBpVmlQR2pUbHVXWWRVaC02dkZSMFN4Ty1GdnktamM3c2RWTmtPOU44SDhtU0NuTjJiWlFfU0xySXM3VS1WTExnRTFzTjB2ZU9oekZCcTNzVnVXQm83bXJEM3dNdUZkTzhpRDdfU0U?oc=5
WARNING  trafilatura.core:core.py:320 discarding data: https://news.google.com/rss/articles/CBMioAFBVV95cUxQU00tNjJnYzFITVJaYWxpdFZYOFk0NHVGRGFqWHViNGZidTJIal81SEIwN0tSNFRjTHV6VFBSdzhxcVNHaGROR0I4QjNsdVRTYkVpQUNKNEFmcmtsM2NyTzh0QUw1SXY1RHBwM21SRnFSVEtQYWJrb0lSWUV0NTI2bXZMMS1xckVmUU1rY0VlMWF4NEhObGptRklqZUxBalF4?oc=5
WARNING  trafilatura.core:core.py:320 discarding data: https://news.google.com/rss/articles/CBMihwFBVV95cUxQOWFjZWhYZllweEdRcTV1Z1ItM29KX25odTFhSHBwUlpTTDFWbS1QZUNIY0Ixa2tOU3JjN1hCVFFjbkxNaFJMSGdnQXExRmpqNll5QW9lRkpaYVlCMHNSb1hJeURWOWtHdjhJSUFyN21MVHZXb2M5SDYzUWhQa21TTFJWZGFNeFE?oc=5
WARNING  trafilatura.core:core.py:320 discarding data: https://news.google.com/rss/articles/CBMi0wJBVV95cUxNR3BneEc5OFlfeFNSbG5SV3NzSVZ0RkVHNkR6eFZXWHN1TzhLTy1uc3BSZk9BTWdtRnQ5cVVOaVNUUUJ0RWVhelFPcXVWNV9vUXRWMkxTUEFVRk84ZkxJdFZTdmFaWDlyWFpwUTQyQmJ0a2ZUc2h0U190VTN4U0YwZWdVdWYteGhnUmI0U29pc0ctQVN5b0lPWkVjWVhWVWJheVR4N3NBYk9DZnVnS2xWWUhNTjhKc3Z0OVNvOVNUZU1qcnN4c0FDNXVReWktb2NQZEFSbWpsbTk5aWJINVZzWHVTd2Y2M3o4U1d6SEhEdzVPcnczYUl4SGg1THlSZnUwV0tMTGxIV0dTRzl3OVJnUlRtYk51dVhWM0pPM2NPQjVMRzNKd2RMd2JTQm04b0todmlpOFRiNG5Db0oxUGlGTXZkU0t3SEJsN1ZmakRyZjFVeFE?oc=5
WARNING  trafilatura.core:core.py:320 discarding data: https://news.google.com/rss/articles/CBMidEFVX3lxTE8tSURGOHpJeWFZa2kzTUJvcV9SbDQ1czl4cVltYW93cVdVWF9MM2twa1cyVVpXOHIyOFJtSUc4UU4wanozOWFuZHBaTUpqQV9qMExIX2hCWC1PX09TTHlIRTRRSm1fbDlvNkRtUkZhQXBsaE9T?oc=5
WARNING  trafilatura.core:core.py:320 discarding data: https://news.google.com/rss/articles/CBMiqAFBVV95cUxNV29DNFB5S19MZXh2Y3l6Ry1vVmM3Z3hwdm1nSFlBRDFobmNjSVRORzloTU94SmNjTmpPTk1KNFpYNmhIWjFfcVhCZlg2X2pNb0NYXzV5bFhOdGd0VEM1S0p1VzhId29vTkhER3lnRm9pSXduQkh2VjJxY2h2eFoza0ZzNG9EOEpubWpuRWlhcEFETndvOFUtMkFkTUZYS3k0a0g3cmtxZFo?oc=5
WARNING  trafilatura.core:core.py:320 discarding data: https://news.google.com/rss/articles/CBMi0AFBVV95cUxNbGswTHJPajMwZWlZa21BWFE2cnowRDNiYk9RQnUxTTRHb3ZoRGJEOTJvb3VmNHlaRXUwRFM3REJNanhhNTR2LXBiUmU4c1RqSXVfOWJ1YS1xTG00c0NiWmNDRmhaQXFWcnpyXzRoaHNvam5FVTl0QjU1TTJnczdWYnJaU19xQmZOR3h2VlNnRThwRk9RdG9aVDd6ZGxHUGUwamcwRll1eEN3Qzh6RnEwblAtUUswMXFfOWRGbVNMM2NkXzFFaldTS20xY0NQV05P?oc=5
WARNING  trafilatura.core:core.py:320 discarding data: https://news.google.com/rss/articles/CBMimAFBVV95cUxOaHd2VDhEQVM5Z09vLUJvTWp4RVZRUGU5dVdqTnQxUFJRQXRhczlmckRjOVdRMWRobkVSckJOM2Nxa3pGTEpxalBSd2FMRUtJV3NyQUItZjZnLXd2Z1lzU1ZxMThTWUtlWFZ4VjBrOWpGQWdRMDBERnU5RDYzb09VYXBEeHAyZ3JtMlhNYnRNeWtUa1BJVzRDdQ?oc=5
WARNING  trafilatura.core:core.py:320 discarding data: https://news.google.com/rss/articles/CBMi1wFBVV95cUxNTUx2NF9PZ1VJQkhEYURSMEpFMm1iMGRITmxkbk5KbGdEOEd3NndkTEpZbmlXRzE0bFhoOEVmRzFldEwwRHZJX0FmOFZ0RklPVDFKOVYyYVJKUlh0SFJLaGpTNXhpdDFhU1JQR3J0WGNVREEwUWV6UmE0b2RGYWVBdHdVZ0pjR0s1WWM4bDBRMWxQUEpBNGxNTFo1TmVpMHVicWlRR2Q0U09KejYzRHNucW14YXZ5NmVDSUpZdkRKdE9GUVFIQ2g5T2VMUGh1YURSdEtNU0NZONIB3wFBVV95cUxOQ0VmUnA5MldPYXBHLWZ1c1JCSzc3amhoMVBmSFNmN2VUQTBlYzhPaGRkVHZxNVZ3X2VzZ1pMcV9nX2tfeEhRUlp0SHdUSTV6OTlWVXdTeTZ6UExCd1JaVjU2M3g5WUoySzBCYjNrVE5DVjRqb2JjSUJqQnNvTEU5QXh0Zmt2dGtzbThTaW5uQzFnb0o5ckdLQkRoQmdJNGVMbU41SC1IT0FEVVA5ZXRDSXl0bXRJdVNfRkFfNXhDUzVVX0tPeGRvaktMcDZQY1lFYnloMjZtNnZXMWQ4N2x3?oc=5
WARNING  trafilatura.core:core.py:320 discarding data: https://news.google.com/rss/articles/CBMi4gFBVV95cUxNTGxLTGozcGVfc2hiVUg2YWFpTFpUcUJ2S3M3cERtbnRldmZoS2FIOUlXRXR0dUpBVkhJRjV1SDQtRnBGQlI2R3FhS0VncmVKaWVfbUhodzlDUXRsQ3hOZkx5dFNpcUxBQThGYm9zcHJBd1JnSTYwelBTMmprN1V1cmo5YndzTFhqTkJpZTZUd2hfTTJBdjIxdXh6cmpPeFppYXBERlYtdWlYNW15ZWF6SkNXLU5WSTh4MV9ORmcyQy1KSTlkZHJRS3NETV9vc3ZzZEtYbGkwdzJ5YmJseGFrRzJR?oc=5
WARNING  trafilatura.core:core.py:320 discarding data: https://news.google.com/rss/articles/CBMingFBVV95cUxQMkNmcVVScEYySzlvNWpvYnY5QXRGSl9Fc1VhckdBcm80dmdRX0RZYlBHQ0Zpck9pSm92cHBQa3dzdWMwWEt4bFlxVThpRmc2UFZLTTlmZnlPTThBcjF1SGNxNFVRY0lRbG1sSWhqNGstZ1FsRndLUWNnazc0M3U2emNFbk1hZjlqMkR6ZGNWcVpqM0pWZUpEZFVqZ1NQZw?oc=5
WARNING  trafilatura.core:core.py:320 discarding data: https://news.google.com/rss/articles/CBMikgFBVV95cUxQZUc0WU94cW1MeUdxRHZFRlJZeXpRZWZLX3Nlck05R1ItbVBpMWUyR2pwTU4tUlQ1aXM1M0NrOUpRdUJUT2VKSk05Skcxb0c1Si1DOEw5dGNpZGFsZUNiTmdka1FGVVBuVGpLWVJjU1hPU0s2Xy1xWkhhbTctZVlVOHk2LWpvVGJsOVYwZnM3VDlZdw?oc=5
WARNING  trafilatura.core:core.py:320 discarding data: https://news.google.com/rss/articles/CBMiywFBVV95cUxQdDljUEpxZEltWktFWnFMYm02MGdoQ1pJR1VlakpJSlloc1lxaVJRd3c0bWotZERyV2FtVVZ3cWFWU2ZOUG5qMzg4blc0c215bmx5dTZyRlhBVkZ0Wm14NExaekZzM1hLN2dKYnRqZjBURU8takhKMVFHY2NyczhOZ2VhMXo1VFM2MUVSaEZJNW12RlNYTGNPd0lycnFnUlVuendUY0JBTnI3UUg5N244MkJRNDMzTHFVcTBxRTVVTUV3VFVOcDRITGRaQdIB0AFBVV95cUxNRTlmZ2lMeEdMaUN5TW1YTEdDOFdhSEk4aTZpY2o2RExENjBqUVYwRjd6cTNVWjAxdUFiTURqYUdFN0tXWmg2RndOT0VQWnY4R2hESzJxMjNNREpMU3NDdndaT3ZrdVlmYnVUNmM1MjczTkctQS0yT2kzZ05BUTVBT29UMGhnTlV0LU5VeTlXQnktRnFsZVhfMEh6dW9lemlsZUY1Z3Yyd3RiZHphZ01seWlMdGdiVTMtSi1PRUk2R1NpeUxNQXFGUVpBcFlPZ0tT?oc=5
WARNING  trafilatura.core:core.py:320 discarding data: https://news.google.com/rss/articles/CBMimAFBVV95cUxPdVlzSVo5ZmFvT19WVUNFckM3dUNTOUJRck9kRlNqMTRaMlFFdnJNZU12aTRvTThpRjEycFZKVFN2VXBTdkJBRmFVSm1Qa0V3UnpqRlM1VEFWSjZKb2N2bFlUUWxLWUNTT3FmR20xOWlZdVpIN0V1TFdtbWRPN0l1dmtQdmlSclpHZERwMWdNNmxSUGdtanZTZw?oc=5
WARNING  trafilatura.core:core.py:320 discarding data: https://news.google.com/rss/articles/CBMi0gFBVV95cUxQbE5ZREV5SGs2eGpvYUpFaUpUMzRZZHpWQUNPUkx4bjJlWmhsTVZESmRvTGIxWFBQMEdYb2kzUXMxaXJfdU43ekFGUG9KUElZdElFbGYtcUxTU2R0ZzB4bjFHV080R1NXNnVMQ04tWlJFZWtKMHlEVUZESG4taXhFNTdZQ1V4bGJjNm9SQk5CeDlyNkFzUmFLclM3R095TTltTjhoZjltanlIOXNqTjRsVFpZcDl2SUIxLW1jbWNycXZEV0RnellSR3RreWlUNDgzQXc?oc=5
WARNING  trafilatura.core:core.py:320 discarding data: https://news.google.com/rss/articles/CBMimwFBVV95cUxOZDlXZTBJWnQzNDg0VEp1NjRUN0VQcHQtVFh1S3J0T1YxM2dLUlotaDNFTjdjNzluQnJTSlkwTFdVbEZCUGNmaWN2akNqbFFHZ2tab2dfNk5zNktkWm80QzF2Z2Y0Q29CdTNWTkpwN1piVE8xWHRfMWk3dmlFYmxuSzBRYzZNMjBDM2VPcDNVYmNSWkZCTURNdmxTTQ?oc=5
WARNING  trafilatura.core:core.py:320 discarding data: https://news.google.com/rss/articles/CBMiswFBVV95cUxPU01jOTJZdzVaekdQanNBazhrNFk4OUFuMXFlMjBXU2pudmJjM01UOEozcGI4Rllfb3hRLVZ0NjEtamRIb2xERV9WcS01eF9HX0Y5Skp1ZDYyMUVkOWFHVE9ITVlORkQ0TnZkcC14SFRRb3hsa0ZvSEZoTW04RUw1Ry12Y2pldGpZNWhPV2l4V1NzcDRaZ3lrZVZDQjAwdDNqZ2d2UHlVcFQwT09nMV90OXVCVQ?oc=5
WARNING  trafilatura.core:core.py:320 discarding data: https://news.google.com/rss/articles/CBMingFBVV95cUxQTW5IQ3RjdmxERUhsWEEtT3VTQ0k3UTlncHZXZUZ0eXF4RnlpazRSQzk4dFVxQ2VfN3hTVi1waGV6VmpDc0ZHSkFmNzZHODNQLWluZWluUVpUZE4xSjA2c2FEM3FLem16M2ZwaU5Pa25Wb3dWTXF4R3lnSFhVSmNpNm55TE9QMG1CQWNmeUVSQThjWDZCQThXckotbjN6QQ?oc=5
WARNING  trafilatura.core:core.py:320 discarding data: https://news.google.com/rss/articles/CBMioAFBVV95cUxPdC1rUGZycU5DWDhBdkJvNTYyeGl1d0lyV2J2VFlRRkdNZno4d0dWRE1QbHNGc2JOQ1NqUkNQZXA2XzMtTUp6d1hwOVc1RXhsY0p5WnpPX3NCcTFYYjNYS0dOeUlnYXNwWTlBQkNhT016MUZIeUx6b2d5VUJYLTFOSnBIRFY1U2Q2X3hBTmdlY2VwNUlHYlJ1eDJZSFZOZ1RJ?oc=5
WARNING  trafilatura.core:core.py:320 discarding data: https://news.google.com/rss/articles/CBMiogFBVV95cUxOeVBmREEtRHpENHlpbVRuQmo0b3hpSGRsVG5EaTU4OEJyUUEtR1p6M3NmVjMyQ1lvdHhrYkJHTnE2T0VueGIwRTE2Y0I3QXVHWVlxazNyZFBUcDJBdmc1U1lfTmhrbVZ1NGNHQjgwbEpvM3puWGtRdW9OTkdTTXljWkpsc0M5bXJ3REw2MGFETGJpQTdZVlZHRkJISG81eHZNbXc?oc=5
WARNING  trafilatura.core:core.py:320 discarding data: https://news.google.com/rss/articles/CBMiogFBVV95cUxQYWhkaDcwYmNrV0ZjZ01pZ1k0V3RtdDlZUTYwTXNzNGo2UWxVOWRwbmtDem5MdWZkYmRmLU5DeUEyY2l1Qk02ZTJ0SkNZbG53UUh2VGJvWTlIdWdYMXBSYlk1bG4xcDl3elVwWHFYc081X2VYOGtWX19WQ3FIRWUyODhFMXNjMkU4d1Q1ZUFWeXlSUVM4RUJqQVlSZDV0d2tkckE?oc=5
WARNING  trafilatura.core:core.py:320 discarding data: https://news.google.com/rss/articles/CBMiowFBVV95cUxQSlNPUTR0RjN4YUdNWmFpMlBhZUV2Q1lQcVpmT2JHeDZfYk1SVHlVM0loTDI4Y09pX2Q0Mkk3S284WVQzRXJCZndDd01FdmRNbkdTaWkwSUJyMFlrbER5RXVvTWVka25vZWxYTzJwOHk1QVYxV2ZmbFpBRmE3WHBCM3Zka0EwS1dLLW1Jbnc0Q3hHTmhDcXFVYjJWU1pDU0RqMjVJ?oc=5
WARNING  trafilatura.core:core.py:320 discarding data: https://news.google.com/rss/articles/CBMiV0FVX3lxTE91OUNRWEhBV3hWZGhoYjc0Uk5QR1RJUzlOTmhndVA3X01wOHNMTllFaDNEMjBYYW9uU1RCQ1pyYkRSRGh0TGhKN09QbHFheGVzbHpnRmt6NA?oc=5
WARNING  uvicorn.error:evidence_validator.py:30 Conflict detected for attribute technology_profile among 2 sources
WARNING  uvicorn.error:evidence_validator.py:30 Conflict detected for attribute leadership among 3 sources
WARNING  uvicorn.error:evidence_validator.py:30 Conflict detected for attribute market_cap among 49 sources
WARNING  uvicorn.error:evidence_validator.py:30 Conflict detected for attribute name among 11 sources
WARNING  uvicorn.error:evidence_validator.py:30 Conflict detected for attribute technology_profile among 2 sources
WARNING  uvicorn.error:evidence_validator.py:30 Conflict detected for attribute technology_profile among 2 sources
WARNING  trafilatura.core:core.py:320 discarding data: https://news.google.com/rss/articles/CBMioAFBVV95cUxPZjRtalRPSHVCS2NPVEhlaEFVUGstTmNPQUhRUVZvQW5scVlkTF9YOTI0RnBMTGFWTGFnTE4wZnNldzVTUUllalVXcDJ1MTZSX0wtU2V2OVJheGZzNG5fcHlJVFJqemxKbVJCdkszNl9sWm8tbmc2bWFGUXhqclhZNlZXZ1FPQ2U2RzJpRTdnbzFIaXRBZEdaa2k3cEFvQktz?oc=5
WARNING  trafilatura.core:core.py:320 discarding data: https://news.google.com/rss/articles/CBMisAFBVV95cUxPZzhqQnF2ZVJSV2RpNWVfaFo4QzJkSTRKaldjZHpSalZOMW1VRnNLQ2R1MFRGVzNVS0VzcWt0LWFYelBFbUgzYkxwVUI3TzBfdVFkT2UwX2lvSUVKXzZaWDJGbFJkYUR4U0FMSExGVlNGZkc3eURVcGI1eFphTjQ2VTdiU2FENkxVZlNoV01sLWtiN1dIUl9zdWdrZDVoTUxBQWFWYkVFYnBUNkdZMUsyLQ?oc=5
WARNING  trafilatura.core:core.py:320 discarding data: https://news.google.com/rss/articles/CBMivAFBVV95cUxNUXhFdWlpT3kxWEM2cXkySklsX0FuOVdOU1JadkNMVVNLTTIxd0lmOUpHamVfSzBHdnlTdm93VW83cm9lZ3oxQ3RyZTZ5Q2dUdVJTYUZJQWxjSGNueXJLUVJ6aHdmOFBvQVdoNVBPckN6b2ZTLThRNVJsOU0yM2w2TWxDdklkR2JHRDVmY29kYnhMdGdqT21jZDhDUkU1dTJ3ZDNKUUdtWW5Nd2x0bVgyN1ZGdk0zR2NOZjRSZw?oc=5
WARNING  trafilatura.core:core.py:320 discarding data: https://news.google.com/rss/articles/CBMiqwFBVV95cUxNYUZ4a2d2QnlxeDhNQk1DMHRPWFNMTVpHSmhVX0xPeFhKdkw3cDMwYVBzN19lRXBaaFl5elV1aHhGcldLOFhlNFpFTW5IbG82X0tZZ091dGliUHZna1VKS3dDRWJWRHBLUHdYSWhBNG5kVmZ6RGVNZHc4ZWdTSFN5RGYzbTA4Z1l1eUFoU2hnd2lpSVJwNktpd0Q0bktjb0xQMGQybUJJQmpCQzQ?oc=5
WARNING  trafilatura.core:core.py:320 discarding data: https://news.google.com/rss/articles/CBMimAFBVV95cUxOUWx0Qi02VndOV1hvUzV6YlZCSmdYcnhxNmNKU1FTOXBSWGZlcmZqai0wVlZsSG1KT1c2ZVhUZVpHaEVmejlXRjBpbkZ0aFRXdThVTm9PU2ZGVHJDNlVMaUJFZFpBX3dXNFhUOHRKOXB2NHlNekQ3MktpTnp0S1NFV09aNldReU9ONFNOWS1QQnFmOUNXVF9Uag?oc=5
WARNING  trafilatura.core:core.py:320 discarding data: https://news.google.com/rss/articles/CBMikgFBVV95cUxNNHUwNUNKRHR5ZkZfZXlWcVpTb1BSQXd0U0RDT3Z2UVA1ckJ1b1FwSHZmVnhOTTAyejZveTRsODZtOTE4RXVzX3VDN0pDNGsxVjFVWnFYVHFvRUV2SUk0S3RaZUVTcm5oeXB2WEpsSmRJMzE4VnRyRnZTcG5xdmotTGtEcjRpZVJodG1URXVGYm5qQQ?oc=5
WARNING  trafilatura.core:core.py:320 discarding data: https://news.google.com/rss/articles/CBMikgFBVV95cUxNNnFOMTRGZkdhdDlRaHNfbTV1bGRkMWZtd3lwalU1ZEhuR2dvMWcwMm5EUV9OUUpuMjJncjNZSWw5STVxTkV5dUM3TEk1SzZZWEFxQXBleFRnVGM3bkdfN0k2YkpQWEc4UDJSS3ZVSUxPOXVMLWUyWE5ndEZTLUZ0ejBFZFZRUXlidDQwS1RYWUhWZw?oc=5
WARNING  trafilatura.core:core.py:320 discarding data: https://news.google.com/rss/articles/CBMimAFBVV95cUxOdFkzZklxOUlxQmI2ZElkUWVsS0dweVEtbjF5Wnk0MEc5VnBoTjZsS3NFZ2ZvSDBHWW1mZEFLT3J5T2RKbG9aM0RCcEJjLUg0QmNBckF6T0Rfbmc4Ry0xYjZJWXJza2puUW1tN3prT3NlMERlZl96X1NTX3pYaWEyM0xTb3d6eDZuSG1MRWJvZHdpWE52eGhmWg?oc=5
WARNING  trafilatura.core:core.py:320 discarding data: https://news.google.com/rss/articles/CBMixAFBVV95cUxNc2w0OS1IZXE1TzVjNmVCcDlXUFRQc202ZlNPLW5JMnZ2MmJhVUxkSFp6UDJxQWJ1UXF2NjJ6eU1GY1ZoQTdiRkhRbnB4Rk5NUEUzcGt1eFlCMG9fdU16R3g1eVBVRVprVnNQelNPN01QazJMSVV5c19JS3MxeVUtS3V2bGpkeHdaYUV5ZHRaVDhlM25TOXc5c1pJUUVuTk84UUZNZjBKLVBYOGlzX1NDd2Q0aUtnaDR2Z3BsZEdRWDNoczB5?oc=5
WARNING  trafilatura.core:core.py:320 discarding data: https://news.google.com/rss/articles/CBMimAFBVV95cUxNM1VWRlljRk9jZThtRGhGbUliaXhFNV8xN0FEaVk5Y3hIdGwxbnFYREszVkVSVXgxcjFHclZyMW1Tbk9wT1E4eVJmdlh5WmIxZUtoRzZqak9VbUV5WWt3RU9OaWVZR0tHLURyUzkzRjZCRENzdTFjR1VXV2FjNzhiRTZDdVo0QklLY0pJU3dfOTNVcTJGby1XTQ?oc=5
WARNING  trafilatura.core:core.py:320 discarding data: https://news.google.com/rss/articles/CBMi4gFBVV95cUxPa3ljZUpaejJOVmRMWFhvMVp6UmlzNmRQdHpXX0ZRbzAzTmVIZ3BqTG1Gc2VkUzBfZmlmeUZTQmJBQjNfejFsVUlHQXJWYUc5dm8xSU5KU2prbVAtd2R3bU44aTNyOExmaVNlVnQzUHl5NThCOFZOaWFqck0tRmRfSnlHVDlUendybm5fWGZrZGdPVkh1ZldBVFV0S0U1TVFBbEpPdG90UGwxRHozaFNxYWxRcFI1UkRFbTFsbmtYSktUWW1lZXNXN01iTEdyeTZsZElrbXpwbWhNc1NQb0hXeXdR?oc=5
WARNING  trafilatura.core:core.py:320 discarding data: https://news.google.com/rss/articles/CBMi0wFBVV95cUxOMUR0aFpZSW5pSHBPcjA2Yy1ZR0c4NkpHcU9QZWpWNXFpcUZKak9hb052UVBNUGxlejUxSTZDUndtdUpPMl9FQVRlX2kwT0E3U1luZjBWdEtkRmdLTllmdW83eS0ya2VXZWRqZEd2UXdFM1NOai1UUFo1UXZFVmxjMFdUNkdLaXFkZFBTd2Z3ZUZscmhDMVRzSmFlZlFMdTdqeUR2RTRIa2VFREJlYW02VEcxOVliS3YtcEZJM19sOHVUYnZQNks2Ul9Gbk5aZ0JBYlNR?oc=5
WARNING  trafilatura.core:core.py:320 discarding data: https://news.google.com/rss/articles/CBMitAFBVV95cUxNSlZFZl9SRS1DWURFYXd5WWFLQk9rb1pkemltNDJBWFJPMGt4WVluSlBfaWhyT3FMelRkNUZiWVpxZzFWbmhGVnBNcTRJekZLZzdqSU02S25ZRG9qR1FQMkVxdmZZYTh3N0JXUTJ4alg0djRFTUo1NzdfWWdWY2lzREd2WlVJY3BuYzBsMVdJN2VrTW9NLU0zWUJrMmNIZ2pZNXpWTnY3RHZrOTVNMjEtLU5TUVQ?oc=5
WARNING  trafilatura.core:core.py:320 discarding data: https://news.google.com/rss/articles/CBMinAFBVV95cUxQcFN0c3ZxRG5sME83UmNSN1hETTdSemJHdW9MT1RFZ1UxbGp3dDQyMmhodjFTSnppMFFPV2tsSGwzYzhtLVhGd3dxdlJQY3Q0dGJHbnJCOWRhQWRfNjRGUkh0SFAtLW5JQVl5WFBWdUdpU3RmekNmeml4NExBM2hjRzJjQmxZdHpsSHJRdk5KX1lnM01SdnRiQ0FDZTg?oc=5
WARNING  trafilatura.core:core.py:320 discarding data: https://news.google.com/rss/articles/CBMilAFBVV95cUxQSlFwUWV1LUxzN2hYT3BHaDByWGRlUFRUNXpZSmRjODJEUWY1R1RZXzZhWXRHRWRFZDUwbjkwQk5iSWx3NGYxQk5xRy1ia01wN3pYb1Jta25aXzJwTlJLbXVKOWFTczQ0bVVxUENqNjV1XzBoSE83SDVVVlMtSE5NRE9xTXRLY2FETlNma1NVdVZfb254?oc=5
WARNING  trafilatura.core:core.py:320 discarding data: https://news.google.com/rss/articles/CBMif0FVX3lxTE1RYjNZLTdYWUlseVFHaXNIcWYxWEZzSzlZdTloR2hHZ3FqV1k0Wk83RVpfZ1p5WDBPTkFSNjhZRk44cXJTUmV3Z1g2a0FfZFhvWWl6NlF5NzhUQVJrM1FnMFg1NE4tY0VRNGtQelJxeGZ4Z1NFQTBVd1VXdW5LbkE?oc=5
WARNING  trafilatura.core:core.py:320 discarding data: https://news.google.com/rss/articles/CBMikAFBVV95cUxNZWxBVXZBclZFRDRhc2pmSHBxSzY1TWNSZ2lLQ0hvUmdKYjFwcHZMdzdvTGhHXzZQYzZIUzVPcnBkU3daV2xLUklYT0x6QzJaMFl1LXZPWEtxdVI0RWRxRGVWVEd0bUR1bDBNVm16eGJsdmNvajM3R2Y3SUVkdzFBY1E3SmZZaF9YMzBYaklsTVE?oc=5
WARNING  trafilatura.core:core.py:320 discarding data: https://news.google.com/rss/articles/CBMieEFVX3lxTFB2VHluNTZUeXZab1RLR2NXNXc0S0Q2MGx2enFUb3VmbHNOZWhmTEdGQThEWURzc1pVQmVyUnJrTFM4QjRTeDNDMXJNU1V1cE15djVxUmN1VHJIaUpmM3l0RDJHMnlVYnkyMnlaUV80R1luVkV5cmkyNQ?oc=5
WARNING  trafilatura.core:core.py:320 discarding data: https://news.google.com/rss/articles/CBMifkFVX3lxTE04NjV4UG9MbzJlbFJudVI5enlGOTRlOEFYaDB5N1hFeXlwQVdNcHctMjlsVGFxSmxENlZnaEhhSkJ6ckxtRVlLeXEyQ3Z0bHVxX1p4QkFhVEVac2lqWXpXVktDaFR0UmtmS3dINTBXbzFkUGs5NmlNcXdXOVk2dw?oc=5
WARNING  trafilatura.core:core.py:320 discarding data: https://news.google.com/rss/articles/CBMioAFBVV95cUxNS0lwcVJBdGlHSDBFRE9QWEZwUi1Fd2g4d0Y0cjRWU1llZTVRcEY5YlBSdHU2M0RUSDE5dlNNSURoQXVMMHN1cHIwY3FXeDVsVHNaU1VCNUdyNFdFVVBOeklVWTc0UFZtMDl6SHgwbk9teFVlVHNxb1VuQkZZZHVVaU83U1c1bWZtWWRuT0ZqVE16Yi12UVJvay1VR25mNDZO?oc=5
WARNING  trafilatura.core:core.py:320 discarding data: https://news.google.com/rss/articles/CBMingFBVV95cUxNTXUxaW5pbHhhX2xMdDZ3TVFGNy1Va1hMS1AzZlpZZUpVNkpUb2p4b0pMbWxCZno2Y0FlRmZsRHBLcHJWazNjM3F5MWREVVMzSkgtdTZpX3dwbEF4bzdPSEFQVDBicVZseVkzZmVFQXgzVFNNMVFkcHlXS2dfMW5qRGNWdE9kQWNZR01CSmtKU1gxTVBPNF82MmVFalhaQQ?oc=5
WARNING  trafilatura.core:core.py:320 discarding data: https://news.google.com/rss/articles/CBMilwFBVV95cUxPVzJXY3dabktSQVJGWXRqcUMwb2c5TVlPam1Ud0FmbG14MUNuaF9QMU9TekJjUXVNeUFRb2VkNUxuSi1PSFpLdW1QSm1pSWpzNFJwS3RrQTZyellxcjJ1cFdqdmxseE9yNzF5dk1hamZROHJ3OTFvUmF1TWNqVU1Rc2ZvTENZbEoyalpQTzYyZkRyNmdfR0VB?oc=5
WARNING  trafilatura.core:core.py:320 discarding data: https://news.google.com/rss/articles/CBMingFBVV95cUxPUC1rWUZWckk5dTNzNmdia3JSejI5OG5lR2pFdm96X2VqZmZZYWVUR0xiM1ZOX0x1SXBMVHhfN0JiRTFaUGg4dTJsTnR1end6R3ZHazQ2Q2xyRkdLQk5GeGxWblYxdGxKV3VyYldkblRDclNQUUxNeVFfRTI0WFVWUWVnQXlYb1hlZ0hqaGJoOEdYMDl3X1NDLUVuRGdWQQ?oc=5
WARNING  trafilatura.core:core.py:320 discarding data: https://news.google.com/rss/articles/CBMioAFBVV95cUxNdjZvRVJmU0hud29lckpLUjNhQlZ4Z01DRkNGdG8zQ0pZYjEzd1Z4Tk1mR2VRM0JhZWd4U3FoRjlRWk1TXzM3Um1tcnh3ZEVyYWZ3T2lJcXY0TWcwTXpITDJnejM0aktWVGhXZkVJdElnNTFEdWVILW9FUWZ4ZUJJT0pWTWQ4Rzh2dnNyaGVsVllfNUQ3TTlRRmRvbUVldmN1?oc=5
WARNING  trafilatura.core:core.py:320 discarding data: https://news.google.com/rss/articles/CBMinwFBVV95cUxNQ1ZWR3pZVzU3R0JvMEJTMExMdFpnNmdfcnlFZ0JiR3hDWVVqV2hzSi05X2dLYnA0aXZ2OWpGcmtkMlNyc0pjUGZGRzBnSHoxVzU3RXVvMWJsbVNkZzhxUmM4dU5WdURFU3B2ZDFRU2FRRWdwb1o1MW91NHNMQmFjXzZWR0d0SW1PTEV6TkEzS2g3eTJzendxWUJUWGJZM1E?oc=5
WARNING  trafilatura.core:core.py:320 discarding data: https://news.google.com/rss/articles/CBMilgFBVV95cUxPRHpCMzBPTlFySThjV1ZYNnNrdVFWc3F1azhfd3hlNlNZUmxtSnptaG1IalE5Z012UUJKcmhRRnJCbUtrMk8wOFQ4UUxCN0xsVjh3bExmNXBKSjZLN19Zbk5UX2o5dlZTbG1QcnFWd0d2Q0VPaTJkU2tfNEluSHo1LXZ3bVYyRWdaWW9sVE91R0xERzlpUkE?oc=5
WARNING  trafilatura.core:core.py:320 discarding data: https://news.google.com/rss/articles/CBMipwFBVV95cUxQS1FNSTF5VHFBcmp4akVaeXF5QWdxcjUyYnU5MkN2QnhWSmVoeEdwN2JpOHFWWUF1UGg4OVFqRGlBTFU0ZU5YUlF0LVZaNURJWTc2OVRKMUFrQndZeWV1RzBXMEVYc191Yml2U3p3S2YteURWTUhIeGF4cjZSdVFiMjU5NHRFejRkdEJhQWU4cG53TGhWeENCaVF0LXhFZzdQTy1DRDhFQQ?oc=5
WARNING  trafilatura.core:core.py:320 discarding data: https://news.google.com/rss/articles/CBMigwFBVV95cUxPUkhXQjRaNHlWeHBlUFA5bEtoQUlUcWNnTjNaUWVqelZNaWd5cktaMHFVSDAtdk5ZZkx6LW41RWhuM1prSmY4LVlUa00yVVZGaGd1dklMb0hhMmVZZV9tcGc3U0pxZVRHMjNlUXdXcFMwVFh5NlZUMllDZk9qVXlGeHl4NA?oc=5
WARNING  trafilatura.core:core.py:320 discarding data: https://news.google.com/rss/articles/CBMimAFBVV95cUxQMWdSREhvRmNSSXVFVVUxenBWYTFxMmxEZy13UVZER3JVNVhaVUs2S0o2QUhJdWFIbGprMkpnbDhYMk5ob3BkdkdRbF9Fa0dzN3otX2o2VnQ1d0ZocHZRMEtlMzZyZFRwZnY1djBuZUxkVGRMZXhpbjVrOXQ3aFJ6YWF0alFFYVFOUmIyRHNwMTRpX1ZERmdwMA?oc=5
WARNING  trafilatura.core:core.py:320 discarding data: https://news.google.com/rss/articles/CBMiYEFVX3lxTE1FMGstclM1R3lESkhtUUVPTDBHZktQWWMzcTFXa3VIR2FOcTJLcy1wQnlLMHo5MDRXeS10UTJudHRxNmpFX2hyWUZzX1ZTaVpBTng3VXBGT3ZGa0FrTXhHMg?oc=5
WARNING  trafilatura.core:core.py:320 discarding data: https://news.google.com/rss/articles/CBMilgFBVV95cUxPUUVFaXk5Y2lsLU4tcmxiRjM3X1pyVVhQZS0yZjVYMUVqMFF4cHJRVGJjbXBnRTFhOXVpZUh5a3ZmUEVkSFBHcFdWMW13QUdjQnRmUElOcTMtdDN1OXprRDVOM1JFUzRNQTlKVU50UExUWVlrTHRuUkM5LWVoRE8xMGo4YWo1ekJMcXZVUzlCYzN6YzE3VUE?oc=5
WARNING  trafilatura.core:core.py:320 discarding data: https://news.google.com/rss/articles/CBMiiAFBVV95cUxPZms3QWQ1dWZhYVFib2owWTlmZDlOdGQ3WmhmN1UwNlBmXy1EQWJaMG9XOEVDWk5RNDZMc00xNDhRWUR0R2d3WlVRQ25IM3pTVlRIelJRd0dXaUg4WVBrbmNMOVd3cThiZjFxYXdjUG1pRmpQY1Rlbkd1bVgtNlJuMHE5ZFJVbDEy?oc=5
WARNING  trafilatura.core:core.py:320 discarding data: https://news.google.com/rss/articles/CBMijwJBVV95cUxNMHdKeDNMOWN0NE1Vb240YXBFTF9MYS0yQ1UwdnhONWFBSjNfdHdZd0szN3VJR1BqeDg5WGxGMDZqb05sME5JUlRRWkc2YUFMR2djd0Y0Um1MSWtwX0hWSzBsVlVFY1EyQ0pjVE9oRTJZQlZ4ZVo1UTRETWgtSUpGakZKd19iODMzejhRNWFWQWwtTUNqTmJ5VXgzeTROY1hjU21JUXZNY0RfMXhrdkNfNzFfX2oyMEItc1VxTmZzUldLalRDX245TzY4V0IzN2h5WVF3NnJYMkZ1Q1pxNkctdDJZNWJnSHlfQWdnNllVQVA5X0JBbFhFOFdCWnJpMDZiNTFRb2M0Slp5TEtmT1ln?oc=5
WARNING  trafilatura.core:core.py:320 discarding data: https://news.google.com/rss/articles/CBMimgFBVV95cUxOWGRYZ0NfejNBSmlxNVVHU19qenh1ajhtQm5EbVQtRzhMaW0wdE44Zm9ERUZ2V3hqVlhVcXlBRFNtSjFwUHNac1pUUlJ6azlINjFJQVZYNFRvamhScXN6cE1SNFp5SnAzY1ZCTW1na2oybEliTGdwUGdKQUk3THlVWWxpYWFCTWRXSl9KNWR2NkV3RS1lc2V3WjJB?oc=5
WARNING  trafilatura.core:core.py:320 discarding data: https://news.google.com/rss/articles/CBMiggFBVV95cUxPQzNiQjBEX0FJenZVUkZyb0tKWTIzSXl5UEZCXzJzUjI1UWFiU1ZSYWZjZ3pnTndaNUNSTmNNdXBWdkMxcVRRZEctb0F2R0hoakE1SVl3WFFuSjdtaHc1MjhwVFRQcnJ6eFUwTkVMbXJqN2FfNXFNS1V0NEI1ZWRuNzV3?oc=5
WARNING  trafilatura.core:core.py:320 discarding data: https://news.google.com/rss/articles/CBMimAFBVV95cUxQWmhBbFhEWkVlZEpnVktHNTVGMUlYWS15R0llTXd3bjlpNm1nWDU2MGtiTjNiTXBBVmxaSVFpdThEVmREMURkYWlDOVA3c2ZHYUFUVzJZemI2RnM5Nmozdm9NODFGM1F4Z0ZKYWtKVXZfRWhzZWlaTFZqaWcyTS1udFpoeER4NDFWQ3UxQnQyak5jcGZ4eE0tMw?oc=5
WARNING  trafilatura.core:core.py:320 discarding data: https://news.google.com/rss/articles/CBMimAFBVV95cUxPcGtEZ19MWVlfLVlfZktmTHZnV3V2aHpJc0JUY1pURk9ENW1EZXJ2QWpveW5rNmh6YkFTMHloelR3MzVxQmlnQmdZOGlCTExQdXRfRHdldWlGeUx6NHE0VzJCcThXUUtTelhxOGxrTkcwR3lrTkc2QVdWNy1EVW9PRmVjcnFJM2ZIemphbkdfRzRtVENrekFxSw?oc=5
WARNING  trafilatura.core:core.py:320 discarding data: https://news.google.com/rss/articles/CBMiggFBVV95cUxQbExxRzdQMWk0VXZvNUNlV19wRDR0cEFlQjJCaGlmUjRwTXJKVFdtYlQxSXJfWlNKUWViSXpmUGpRUFpmM3BoY25PMlhiT09OVGJKUmhtM0ZfOWlBSnN6djhuOFotWlN0aXNJWXVaOGxwbl9IdDlsYkNXSWNnUmx3YUlR?oc=5
WARNING  trafilatura.core:core.py:320 discarding data: https://news.google.com/rss/articles/CBMingFBVV95cUxPQTlGUGd4VTV5LTBwLS1NdVhVQlNSX3dfZEF3enBqU2ozbTlNQ0FQRzMxdVhIejE5MmFsS296R21tMXk1YmtPQ3BGaFZZQ2dGVFZkdDhFZ3ZUY29Xc19ZQWFMNk9wNXdpaWpURk45REJmTzdUVWJSSkcwOVlSeUw4ejdHZHZoM2tDQWRHbmhUYWRoY0l4cHRMekxiY094dw?oc=5
WARNING  trafilatura.core:core.py:320 discarding data: https://news.google.com/rss/articles/CBMi2gFBVV95cUxQelF3a2R0XzR4NnNDb2pTVzRRQTYxVmV0MmpobWhZb0R1Wi10aWlqbzNSMlRxc1c4RGNieVhWTGpaQVItWmI3UlUyTUlsZTZSQzdPanhNOXVuNXVOUmlzejVRblJPMWdEVTYwRWpScmRySWsxanZEU2ZNcHFUbHV4eWR3MGVVZ2VyZjEzWmE4VDlMWFltQVBrMm5FRUZMRTdsVFZaZmZ6ZkVyQWlGaWd1aV9FQmFQcFY2ak12RWFTWU9Sb0JQd01sZ1BKUmRuZnp4cjBYOG54VnhCQQ?oc=5
WARNING  trafilatura.core:core.py:320 discarding data: https://news.google.com/rss/articles/CBMihAFBVV95cUxOckZyYUlWWjN5QVZ6cHNNNmVsQW80NWFYV0tGdjU4bUVCWlBvbE1JQXhkRWxCZVdkaGx6ZVdzcXY1dndiM2pkTGxKeFJBUFJqNFRhMmpKVk1kM0FQVEJxNFZPS0dOMmt3TGg2enlHRGtIV1U2VndtQ1RmVEpxcm9EbWxJNHY?oc=5
WARNING  trafilatura.core:core.py:320 discarding data: https://news.google.com/rss/articles/CBMiU0FVX3lxTE9KeTBwWm9HcWlQbGlIbkZvX19uTnM1dEJWS01DVVIwSDNJMmVNOGJHM0liMHlNV1FWX05uRV9rT2RqY01iMldITjFhcXoxNm4wbXJv?oc=5
WARNING  trafilatura.core:core.py:320 discarding data: https://news.google.com/rss/articles/CBMimAFBVV95cUxOZVpCZ1BLNVVubzBGaUU4dFBwcEM3R0MyMFRObGMxNnNNRGVUTHo4X0N0eW9tTzR3TTB3Mm9aa1h1OXQzai12OUxXVjM4b2l4ZVZoSVM3d2J2S250ejhJVERhMHpQdFQ4TVZoNGlDdnI4WHRsNXlVWldXZ2JSQXhGMWlWMHAtcXhYWV9UWUtlNFEyeWtfVWhJbA?oc=5
WARNING  trafilatura.core:core.py:320 discarding data: https://news.google.com/rss/articles/CBMi1gFBVV95cUxQellXb0g0MnlabmV5QzBzTHNPUmtPZEctQlFQV0tlbm9RZTdtcllsbER1X1Y0SVM1VURLbHZiM1l6S0tjcWszaktud1NlaUptZkl1X1JLSFFmZmFtd2tManpHY3pzZFlaZ0dVYjROc1B1WXBSSDFZLU1INHlyNnZESlhoMG1BbWxCd3ZmbUM0ZF9zWVpqSmVHR0l6UExWV0s5LUtxM2pSV2FyNEFfakFjWEIyTVFTZThaaGF5SmNKX0pLem1lSXV1T3J1Rkh4SXktbkg5VDdR?oc=5
WARNING  trafilatura.core:core.py:320 discarding data: https://news.google.com/rss/articles/CBMicEFVX3lxTE5MM1E4c2d5TjJKdVJMZWFjQllmVXBEakFTX0dPRGVIYk9ZN2c0aEFUT1hEMHJfa1RNeHg1dnNVb3owbGF2RHpJQnJwVHhiYklPNXczRFZ4RC05SUd1M1VGMGFOMC00a1kybUlXa0Ixd28?oc=5
WARNING  trafilatura.core:core.py:320 discarding data: https://news.google.com/rss/articles/CBMipAFBVV95cUxOVWJEMFdJYzdGSDhEU0UtNjZEUnlQR1dhSUowaWlyS1luRXh1VGE2dUJSX1NZLWE4aTFGZGoxYS1JSlpCWTVramttd1hoWGRhSGt2MU5peXlDOXRuNTBJQnhabUx3TTlud1lyRHJEMGxmVzhFVWdQYkRacW9yUDFxNTFOV0FjempnSEJkLUl3SF8zSnM1NDA3cUFKbDNZbW9lVk5KYg?oc=5
WARNING  trafilatura.core:core.py:320 discarding data: https://news.google.com/rss/articles/CBMingFBVV95cUxPMmNyZTNFblpYTHJTbFRvckVHTXlfZUo0ckMwTzlCMWZPeWFQUzJIU1ZfWmp4N3hhdzlGelo2UEFoNGFadE8wRFFIdWdGYV9maEFPbHp1TEhrX1lJa0M1ZVQzenVfZnZxLTlIRGFsZnRhaGp5TnF2aVFsMzZxRjlMN1h5SVVfYlVibTdhMk56SlgtLU5UcTFRYUFKcm1GUQ?oc=5
WARNING  trafilatura.core:core.py:320 discarding data: https://news.google.com/rss/articles/CBMiugFBVV95cUxNUWQ3UzZaY1JCdkpMTC1WYlZKWXhZU05OZWpYVS1rRHZXcm12NzVGaC1LbzZfTmVDRkRCNVdwdjRUSEhxY0VyTFZNSXExTHotVm81T0toYWdldk5QbW1lenFnRWRDWVYwdmd2M3dZa0pUdjMzdWVCZGd2bDdfdU5hajJaRDBsYnNmZ291SHB4QjNqenc3YmszOFd4b1QwNklfRFA5Wk9wVmFkMjRuYVNGZHNXYUNoVENvaUE?oc=5
WARNING  trafilatura.core:core.py:320 discarding data: https://news.google.com/rss/articles/CBMizwFBVV95cUxOUXVaakpsU0lUekUwMUFYaWRYRnJrNklwdWhmSVRpcDM2ZE9nTFFJXzl0Zk91T1N0VTdnNWQ5OHlCa1E1ZUE4MW5WbUxiRGFXMWVFQmp3ellwOGFXQ1U5NHVaNW9UUDJsVURjR29mR3FXSnJtV0xWZTZmRzE5TUVfTXVWdl9rSUQwbUNtRW9Tb2JZLVpYT29YRlFXOFRTNl9KYkZiLW5EMF9xLUZKZHZ3el8yMk9xMWprYzNteVhhX2xVYy1ja3Qxb1k0X0I5Ums?oc=5
WARNING  trafilatura.core:core.py:320 discarding data: https://news.google.com/rss/articles/CBMigwFBVV95cUxNWWNDNzkybFZxQVE5dnk4ZFBjUEhNWXVYclg3N1hteVFrUkZTdnA3YjcxRVNaS2EwR3BGV1p3MWpvaVZzZFVsSmJKTTduNGNVLS05dV9tbzlPT2pzZjFhN0lKZ1l5RDJXOHY4RVVCbXlvTE9fWGRwbHVNVUZvMmdkWU1aMA?oc=5
WARNING  trafilatura.core:core.py:320 discarding data: https://news.google.com/rss/articles/CBMiZEFVX3lxTE9uXzBzR3NhYkhmOFNSb0tua2s2U1RCRHQ5RXpRcUxKS0xMUkFMNlYxMDltR3N3bmVSdWFQc1lMWDcwaC1yVnNnWEdkMEt3QkZOaGZvaXY0cHRHMVBaLUp1SzFDejc?oc=5
WARNING  trafilatura.core:core.py:320 discarding data: https://news.google.com/rss/articles/CBMixgFBVV95cUxNcUFhRmw3YV9UbXpUaFZ2MGFlTVRzT0xNSi03NVFTX3M1NlNxQ0staGdBSENxNDlzUE1TYWdSN2N0M0tReGhjaC1GbHpCbVJXaHo3ZUdHUjQtWXU3VnRMbTk3UEcycThTT0lVQXdVWElMUnlKMWhvQTdHTTc2LTF3bDVjcTBzeUMxcmFxakNKSnMwRW1tblp0UkN4UnI5eklQVTlLdXJsUloyNUpFaWJmVGY4QlZSUWFKU1ZzdnNfWTVOTlViTVE?oc=5
WARNING  trafilatura.core:core.py:320 discarding data: https://news.google.com/rss/articles/CBMikwFBVV95cUxQc1F3SERaREhyMGozSTZicHd5amNTN3BNeFVBcEV1UU5tNjMtSWhDQWVmLW9SaG1HNDRZQkMxYlpybEo4N1pXUmxwUHJLSS1tWDNrWUp5YzY0REZmU0hFWmlWTUhtSG1EeGo4N0VyM3hQcFpfa0FiVVdFbXVwQ0NxR3o4NUU1LU1IaEFPQjRqVzRLQk0?oc=5
WARNING  trafilatura.core:core.py:320 discarding data: https://news.google.com/rss/articles/CBMinAFBVV95cUxNNGY0UXVhMWlvOGNlZVV4R3dGWnQ1c3VFT2dFQWt4Y3NoN0d4OGNfZE9MbFU5TXk3WmRHRmhvUVg2U0lBZTh6WWhvN2xZWTR2cUJOVDk2VUhOMUl0bW5kSENuNk53S245aEpjR0xCUV9fXzRKNmVab0RqWTlVX2xDV19FTnJPLTBHbUJ5MzNSRGtVa3JYNzRlWG1mdkg?oc=5
WARNING  trafilatura.core:core.py:320 discarding data: https://news.google.com/rss/articles/CBMilgFBVV95cUxQdWp5a19HcG9Eb0U0MmZoNU5QS0xvRDFCXzJycTMyNE9uaUU3UDE5MEtnYTh4NDVxSE15VU5jVmlJYXJ2TVM0eE5tYWZNVXduay1CRWI4cU1LNTJ5S2JXcmgtYWNxTkNSbi0yZWNKX1FDM3lQbGVoOHFNY1hIQUN5MWg5Z2NZa212bHVoWVlzblFvOGF3SVE?oc=5
WARNING  trafilatura.core:core.py:320 discarding data: https://news.google.com/rss/articles/CBMiogFBVV95cUxNd0lfRnBvSU5iVE96RlZFT2pQMm5HWGVELXFvT0tBNW1MeVJfMzBveVVONGxlR0JZS3RVZTltd1BjMDA3WlBnN2FyZkhFNmF4RURUMjctOVVqWU5wOU14X1FEQ0pGdjdQSndTc1pCTXROcFZaU3RVakJvZXNRYnlvOEdzeWNvbnBBZzF6TzZOdXRWODB3ZEctUFdQQzh2RnVHU3c?oc=5
WARNING  trafilatura.core:core.py:320 discarding data: https://news.google.com/rss/articles/CBMimAFBVV95cUxPODhPLWxySEJKUWdvZUZWT3BVSDV4MkdNMmJDek1tV3l2b0FUQkJXN01qcXRzUk1WdmFfdDJNOHNNc0tKLVRiMjFVZkRVZGxRbTNMcXpxQmJFb2o4SXRka3JEM0hoZl9KWTB0TlQwTGZfelNpcmZjMFRfMGJzYzhxNDVDUVFnako1aUFERktPLTBQX1NoY3pRYw?oc=5
WARNING  trafilatura.core:core.py:320 discarding data: https://news.google.com/rss/articles/CBMisgFBVV95cUxNNHk0MlZHREtBZlh2S1h1YXg4VDh2V1doVzZENm5mMjUzeVU3YnRfTmJpT1ZMczhPTENwS29ZWU82QzlyM2N0cURVZlJOT1hCOUNCcDcyNlpOWlR1RlQzbnlHS3NPVTVFTkJkYktEc0pRV1U3LXpzYUlFMHd2QjA3TnpTV0I3bzVRcTNVT1lLWGNLdlFIRDNLU0pJQ2ozNXQ3V1dBcjk3LVNSZUtWNlJuNWpB?oc=5
WARNING  trafilatura.core:core.py:320 discarding data: https://news.google.com/rss/articles/CBMif0FVX3lxTE5SQUxBM3g4eVMtT25WcnozZGtTQzhGQTQ4QlExM2J2VmtDTXNDcVdyRVUxaHVyMHl4Y09FWkhOMFliZ09yMXRacUgzUHlvRmUzM3pzeDN5VXpDMER2RGpGUGs1TU5kOVV2Tkw2UDIzVFlvMlkyUmYzYnVwY3FnY2M?oc=5
WARNING  trafilatura.core:core.py:320 discarding data: https://news.google.com/rss/articles/CBMic0FVX3lxTE4wbm1LRlVBRG1ERkNlYkNXc3dQUnBmdHdyclZnY0dCSmJmSk9sXzFpbllMVlNSZTBUMXAxTkhWX0xiOTlPbDhLRkRjZGVUUlgtSTY1cnZOSl9EX1dEX2tNRGlfdnJBVUI0M2FDNE5vVnFrVW8?oc=5
WARNING  trafilatura.core:core.py:320 discarding data: https://news.google.com/rss/articles/CBMigAJBVV95cUxNYkVyWGRQTDZiMnlZYzkycFp0S0luZ2k5SlZ3TW9RMkpRb3BBSEY0Nm9TMWlqMEE3ZlBqZWw0Vm5lWHpvV3lGNUUzSGxtdHRBQngtOXlRZi1paHlIT1ZMZE5UVzRVSmN3TTdvRm1RbzBfMWQ3eVR6OVFPcFktbFkwOWxSZDBFNmlvWTdGa1pHNW8xSDQtd1lRRTltUkZ2bFhmWnZfU09IaHZvTzh4aWxKT2lDaXBDWWtnU0lxdkNkZ1NUSmZYdEUxNU1TdFVTdm5aR01tU3gyS1JMSFFoZ2hIYnFELWJnck5vWUx4NFc2QktoT0stRzNxa1hwX01QRzct?oc=5
WARNING  trafilatura.core:core.py:320 discarding data: https://news.google.com/rss/articles/CBMitgFBVV95cUxOVmRyeDI4RWZPamRkOFZFejNSaHpZM2RRWmZGem5jeWp1YlRJclhuOE9Oa3VKZms3SGN0LXZJVWVldktxU1NyQmFXc3BHQjlGVUpfVEo1S2owc25oX0NWUEFPdFRIaUx1dkF5TjdjRVJVR0x1dXJQbUtEdlg1cnJOTHJGZF9KS2hnQzFuQ3B3MU1BdWdKbWdoUVJWUUdkUURkWFR3czI3blU0aVltelNjNmhIamRvQQ?oc=5
WARNING  trafilatura.core:core.py:320 discarding data: https://news.google.com/rss/articles/CBMid0FVX3lxTE0yNUdBTjZtVGQ1STdRQW9kT1p4b0c1bG9YaGZTRTNzdTF4dmR6Z1Y5ZmNEQV93eXdGVDBTcGF0LU9JMU5TV2xfQmVtTzJWLVItVHFmOFVCT3Vud1M0Q25uWi03dkYyQWYtdHFuWDNnZkRybFQzdWVv?oc=5
WARNING  trafilatura.core:core.py:320 discarding data: https://news.google.com/rss/articles/CBMixgFBVV95cUxQQUFLWXZoNU91SlFNbXZwQW1xTVRQYmZ6cDZRQWhzNEl1NmwzOEVaVFlialNRR0d0NFpUb2czazZCVnlIZXg0NUpYczNfMXlqbGd6NFhEckRTcHdPdnEtcWtkVkhNWFlMRTRZRmdnMnFXN21PT0VJajUyZEFfV1J2RVZ5cHRKdDhEYVRfbGRCMkhpTGljOWM2RHY2cGgzd2YtZEcycHVLZlRNTHMzb09nYXQ3MXVVYzVmX1l1SU5WY1F0QTJWWGc?oc=5
WARNING  trafilatura.core:core.py:320 discarding data: https://news.google.com/rss/articles/CBMikwJBVV95cUxQX1ZIRGpJSnZIMHQ3bVdIdTUtRGlVanJYLVVDcUNqT0RNT3VYTHhpelctQml4MUtNaUVuYVNqOHViU256d0ZaSFM0SDV2QjhJMmI2OXlOWkktSENMeXVSTmI2N1NINmZnVlZFTHRiV3pnbXppN2ZTVGF3SlFhUDVuaThHaW11VXd5eU9Zd2g4eVk1RmRLbkNRMXhWblBaZGZRT25majJldGR6Ti0yU1hzZDhhd2xla3llQVBPZnd3cHIxaGhKLVk2UTlWSUU1VXNpMVF1NkVrUHlVeFVJdXNKS01PRzY0U3IzSjlaMmNHbUswblpaU1VhOTdiWjFhV1Nld1huQUtldjVyZnFJbzNYSGpkbw?oc=5
WARNING  trafilatura.core:core.py:320 discarding data: https://news.google.com/rss/articles/CBMitgFBVV95cUxPMDFqbm1zV3U3Ym5seVZhcFplN2ZWdkxUMlIzZlVFTzlOSlYybWZVMnAzNGNlUjVxY0lTRVc4VjlUZW8wTkg4MVpzUTZBQ01nVWsweGNqWU9LQzZURm9EY3ZQMHZBS1pMWXZZN0xQVEMxazFoNEg0NC12eVBsb3hwVVk2UGNhbWY3OUlzWkREM0ktSi1FdXk0aWlmYWlRckFvWnY3REVkSE9qaHNjMUFmUWlPYkhKdw?oc=5
WARNING  trafilatura.core:core.py:320 discarding data: https://news.google.com/rss/articles/CBMigAJBVV95cUxQbW82SzBYTW5kRDZtd241TGFLc2dqQWVZSUpabktkT3dzSTZTZmE1Z09QTFVLYktkVDdMX21TdnlvaEhYa1RpVWMxdWdvVkRENGFkdTZ6TkNHb3F4cGR5TjQ4YTRWMDBEbmpGOHVyMWRIeHlZXzF6bU82WmhQSEo2VjdFeE4weHJ2bFpydEt6Y3AzTjlGVVJ5ZVNIM3FfTHFOVExKNXBPeU5qLXJ6VXN5a2s0SEJpWjBHamRYQXFqaHJ0eFp3ZDRlc2hHa0hWa0NOV1drS0RqSVRkSExRLTN5Vl9vWHA5Mm9PaTM3Nng3ZXlUSDFKeWxpTmdGc0RiOG1Y?oc=5
WARNING  trafilatura.core:core.py:320 discarding data: https://news.google.com/rss/articles/CBMibkFVX3lxTE1WZWJQbW5PdHZoZmNCbExjaVVXX25PcVlWNWlEcmMwSU9YakFyNDRoVXNRTm1tZUdIeThxaEJjMmR2NHl5TnFHbHhla2ctWGVfQldZREsxWEVYNFZCSDFLbVlONEM5dVZvVzl3czBn?oc=5
WARNING  trafilatura.core:core.py:320 discarding data: https://news.google.com/rss/articles/CBMijgJBVV95cUxQWU1sZm44X2l3akQxMWpBTmZ3S05DTEdDdGZKZC05ZWZ5aHVZRE1OajVRemZiR3dxc1dhT0dvYy1Gb254S2dRdUc2ZzRVMnc5eWhtQjd3QWNGMEEyNDdqZFJOcm1TVUtWSXFjRWNMZERMM3BhdWhPb1YtZGdPSjhLZklsbFd0XzdZUXBKcjV2NVBlWVhEeG1POXdMM2Y4YVlRRkJUNkMxNnEtOXNjNUVqd3B6a0txTVkzekpGcG9GQlFDM2VuSGM1eHpLNVhzV2xENlhacldJR3lBb1E5UUJIREhaaWM2djFud0U2OVNSWlY0VmNwZVJZXzNELWc2Rm5KNmFHbEpnM1pqMmo2Mnc?oc=5
WARNING  trafilatura.core:core.py:320 discarding data: https://news.google.com/rss/articles/CBMiZ0FVX3lxTE1QYXk5dU5PYTdNTFVud2FGeVItR3h1VDZNdXE2cC1hWURveHM4akd5YWhTSHZienhRY05EOFc2bWxBTWhxNWV4VEtkN0JaOEhsU18yVldCS2NEV3gwQkhJcFJjMHQ4UTQ?oc=5
WARNING  trafilatura.core:core.py:320 discarding data: https://news.google.com/rss/articles/CBMirAFBVV95cUxOdFlENGxzLXJRYkdKenhsMm1hMnBQTW0zckhkNERxSlhMSkNweTNJbW5QRmM3UWNiMkFHdmlfOG1vM0JxbDZxX2dGdldDam5CTFU5R1NveEg4NzZFdUs4bnFVUTAwMl9MNzFZbjdNWkhhMHVlX29sTl9fcHV0bERMbG45TWdCME9fQXhmZkkyRi1zQVZvaGhhTmtfUXdWdjVNSzNqQ2Z6VnIwV0F4?oc=5
WARNING  trafilatura.core:core.py:320 discarding data: https://news.google.com/rss/articles/CBMigwFBVV95cUxQTkliTWJfOEZRRHZ6aUJNYlBKd3lVMktib1V0UTVWcVR3U1NXOGdvdGNWeXpISkd3RElObkJmWFlRVUdmMmVlZ0dhT0d1YkpPb2JVdFhKbzB5ZTF6VzdzamZ0WkE3T3lKV1lfdVdvY3JvR3JGNVVwYzVfaGNFTGR1bkI2UQ?oc=5
WARNING  trafilatura.core:core.py:320 discarding data: https://news.google.com/rss/articles/CBMimwFBVV95cUxNZ01iS3V4eUhLb2MtRjZiUlFaMUNWVm1UR0ZhTlJsa01uR2taeVZwWFJnSFN2aUFYaEJSSE5ndEc3Y2tZWVZmMUVCVWlya3NVWVgyYUlnbU4zOFZFNGRyc3ZLOXlURHg3bDFDUnF5V21fYWk4OFA3ZUwtU291UVdHZDQ3MW56dk9VYTFIX1JWRXJMSHJOY0tiRUZjWQ?oc=5
WARNING  trafilatura.core:core.py:320 discarding data: https://news.google.com/rss/articles/CBMidEFVX3lxTFByMVFNeDd5VENidnBnZ0lqUi1CcUtYbmR5eGdjbU1XYk5jRVkyRkNQSWNwT010cmNMMmNsM25tcnNvd0MzTTRCWkszYW9SdDV4UHF6TUJ4Um1zVHl3T2dpeHdjRzV2X19aZlNTbDl0ZHl3eWJX?oc=5
WARNING  trafilatura.core:core.py:320 discarding data: https://news.google.com/rss/articles/CBMijwFBVV95cUxNSklNenlOc1M2NFZGdWF3cFFmaXlfbEVhdFM4UzBwaE0zQnprZ095dWhBTlRrMXFOVndsYmpEQ0xvZWZHeldXS1p3ZUg4Um5vLUpMUTdBWE1FakYzQmJ2dmdwWWpKNjBTWXFrdUZJQkVsOUZUMl8tcXQ5ZG9DRFFkVlZRRDJGcXhZakRDYTR0Yw?oc=5
WARNING  trafilatura.core:core.py:320 discarding data: https://news.google.com/rss/articles/CBMi-wFBVV95cUxQMm1pdm5NVnVhalkwVUQxVlZUR1pOQ0UxVkplY0w4THhkcDRfb09Fc2tFRUNuNHpwUUdUeVBUcmdDMDFaQ1RHWlYxMWEtMHZiaXZSOU40SzRZS2g1OTVPRml4cWJUcVpjUmNqV1pja08tWDhFS3BOY2hfcFljT0NqanM4M2lqV1cwVlAybGNsN0l1OWd0VnJlNmE1NEFhRHNHa0c4cWkxLVNYaW03OXp4b0dIX2RwRFBWMUZwbE02Y3NmdWk0UFVzcnlDZGx0c29lVXhna0Z0c0tyVnhJd194NlNYS1BmR1UyUEo1VlR5cVc5YkFTeXUwQkZsZw?oc=5
WARNING  trafilatura.core:core.py:320 discarding data: https://news.google.com/rss/articles/CBMimwFBVV95cUxNbVBnbmZpcGhhZlpVajB3c3VxYy05U1lyRjVPb3BMY2FNeGRBUnJ0UjNILThuMlRmOWpMWmliVmJqQ3VhM1VXRUpmaGotR0FPVHgzWkItRHBwN0dkblloQk1YQ3pVNlNQNUpIRldYUUhsd3RDMEJsTkswdXpOUU5wTWpRT1gxZjhjVERRM3lRWmU2Q2ltZGpSazQxRQ?oc=5
WARNING  trafilatura.core:core.py:320 discarding data: https://news.google.com/rss/articles/CBMikwFBVV95cUxNbzZlT2ltM3l1bUFrMkVYai1XeDFtTlhPLS1JOWhnLTdkNDFJZzdoTkVQSlhVRk85LWt6MjZwM3dXaHRGU0xMS3l1Y0Nhd0pmYzhrVlBRQTl4djZXOTJXdk91QXgzUEx2S2JxRjBVMnRsR2JCY3djSmFsZDJmSW42TDFzSTZDQ0tfajhUSHl5NHJoWkU?oc=5
WARNING  trafilatura.core:core.py:320 discarding data: https://news.google.com/rss/articles/CBMihwFBVV95cUxOQ2syWGhmZU10YXdaWk9vWlpoaWlsOXp3SGg3TXZFdEFyQm9waHZfOUFIOVAtenNFM1RJTk84cXFEOU1ZNzNMZ0VVNm5vX1pPSE0zMlU4bTZRcTNtNmNTZERHR1hCbVNFM2tFNC01Z2ZTeF9qVmppa2p0clNWRUV4b1ZWck9wMUE?oc=5
WARNING  trafilatura.core:core.py:320 discarding data: https://news.google.com/rss/articles/CBMiqAFBVV95cUxOTGtGd0VMSHJsRVp5TU1pTjY3T1hOYXhxYmRwdlVUOXRpUHlxc185X3Qxcll1eWtnTC1aWkpTNGxuS2NBMmtwb1B4OWJNM2U4cWtTLV9FbWdKLXVHbE5aVG1hUXpxNlZJOU5fRVJmZzlrd2FzT2xYQjZjcVpmblVMZGF2MElRNC1FdVhzVFRRTDNQTjVLQ1BqTzhxRGQ5TEYta1gwWnRGT2o?oc=5
WARNING  trafilatura.core:core.py:320 discarding data: https://news.google.com/rss/articles/CBMi5wFBVV95cUxNMktVWGNES0lrb1ZlN29paHFLNkJrb085MkhrcjFfeTh1U3phX3RPT1pkN3BhVHRJUlVWWVh4eTRhdWtRUnQwV3l3Tk1zdHA5UkwzQmVvODlKU18zbnZyT1FVazZtek9UY2x1ZDVrRUVDRk11bVRYdlk0aEJ2aE5ydjBpVmlQR2pUbHVXWWRVaC02dkZSMFN4Ty1GdnktamM3c2RWTmtPOU44SDhtU0NuTjJiWlFfU0xySXM3VS1WTExnRTFzTjB2ZU9oekZCcTNzVnVXQm83bXJEM3dNdUZkTzhpRDdfU0U?oc=5
WARNING  trafilatura.core:core.py:320 discarding data: https://news.google.com/rss/articles/CBMioAFBVV95cUxQU00tNjJnYzFITVJaYWxpdFZYOFk0NHVGRGFqWHViNGZidTJIal81SEIwN0tSNFRjTHV6VFBSdzhxcVNHaGROR0I4QjNsdVRTYkVpQUNKNEFmcmtsM2NyTzh0QUw1SXY1RHBwM21SRnFSVEtQYWJrb0lSWUV0NTI2bXZMMS1xckVmUU1rY0VlMWF4NEhObGptRklqZUxBalF4?oc=5
WARNING  trafilatura.core:core.py:320 discarding data: https://news.google.com/rss/articles/CBMihwFBVV95cUxQOWFjZWhYZllweEdRcTV1Z1ItM29KX25odTFhSHBwUlpTTDFWbS1QZUNIY0Ixa2tOU3JjN1hCVFFjbkxNaFJMSGdnQXExRmpqNll5QW9lRkpaYVlCMHNSb1hJeURWOWtHdjhJSUFyN21MVHZXb2M5SDYzUWhQa21TTFJWZGFNeFE?oc=5
WARNING  trafilatura.core:core.py:320 discarding data: https://news.google.com/rss/articles/CBMi0wJBVV95cUxNR3BneEc5OFlfeFNSbG5SV3NzSVZ0RkVHNkR6eFZXWHN1TzhLTy1uc3BSZk9BTWdtRnQ5cVVOaVNUUUJ0RWVhelFPcXVWNV9vUXRWMkxTUEFVRk84ZkxJdFZTdmFaWDlyWFpwUTQyQmJ0a2ZUc2h0U190VTN4U0YwZWdVdWYteGhnUmI0U29pc0ctQVN5b0lPWkVjWVhWVWJheVR4N3NBYk9DZnVnS2xWWUhNTjhKc3Z0OVNvOVNUZU1qcnN4c0FDNXVReWktb2NQZEFSbWpsbTk5aWJINVZzWHVTd2Y2M3o4U1d6SEhEdzVPcnczYUl4SGg1THlSZnUwV0tMTGxIV0dTRzl3OVJnUlRtYk51dVhWM0pPM2NPQjVMRzNKd2RMd2JTQm04b0todmlpOFRiNG5Db0oxUGlGTXZkU0t3SEJsN1ZmakRyZjFVeFE?oc=5
WARNING  trafilatura.core:core.py:320 discarding data: https://news.google.com/rss/articles/CBMidEFVX3lxTE8tSURGOHpJeWFZa2kzTUJvcV9SbDQ1czl4cVltYW93cVdVWF9MM2twa1cyVVpXOHIyOFJtSUc4UU4wanozOWFuZHBaTUpqQV9qMExIX2hCWC1PX09TTHlIRTRRSm1fbDlvNkRtUkZhQXBsaE9T?oc=5
WARNING  trafilatura.core:core.py:320 discarding data: https://news.google.com/rss/articles/CBMiqAFBVV95cUxNV29DNFB5S19MZXh2Y3l6Ry1vVmM3Z3hwdm1nSFlBRDFobmNjSVRORzloTU94SmNjTmpPTk1KNFpYNmhIWjFfcVhCZlg2X2pNb0NYXzV5bFhOdGd0VEM1S0p1VzhId29vTkhER3lnRm9pSXduQkh2VjJxY2h2eFoza0ZzNG9EOEpubWpuRWlhcEFETndvOFUtMkFkTUZYS3k0a0g3cmtxZFo?oc=5
WARNING  trafilatura.core:core.py:320 discarding data: https://news.google.com/rss/articles/CBMi0AFBVV95cUxNbGswTHJPajMwZWlZa21BWFE2cnowRDNiYk9RQnUxTTRHb3ZoRGJEOTJvb3VmNHlaRXUwRFM3REJNanhhNTR2LXBiUmU4c1RqSXVfOWJ1YS1xTG00c0NiWmNDRmhaQXFWcnpyXzRoaHNvam5FVTl0QjU1TTJnczdWYnJaU19xQmZOR3h2VlNnRThwRk9RdG9aVDd6ZGxHUGUwamcwRll1eEN3Qzh6RnEwblAtUUswMXFfOWRGbVNMM2NkXzFFaldTS20xY0NQV05P?oc=5
WARNING  trafilatura.core:core.py:320 discarding data: https://news.google.com/rss/articles/CBMimAFBVV95cUxOaHd2VDhEQVM5Z09vLUJvTWp4RVZRUGU5dVdqTnQxUFJRQXRhczlmckRjOVdRMWRobkVSckJOM2Nxa3pGTEpxalBSd2FMRUtJV3NyQUItZjZnLXd2Z1lzU1ZxMThTWUtlWFZ4VjBrOWpGQWdRMDBERnU5RDYzb09VYXBEeHAyZ3JtMlhNYnRNeWtUa1BJVzRDdQ?oc=5
WARNING  trafilatura.core:core.py:320 discarding data: https://news.google.com/rss/articles/CBMi1wFBVV95cUxNTUx2NF9PZ1VJQkhEYURSMEpFMm1iMGRITmxkbk5KbGdEOEd3NndkTEpZbmlXRzE0bFhoOEVmRzFldEwwRHZJX0FmOFZ0RklPVDFKOVYyYVJKUlh0SFJLaGpTNXhpdDFhU1JQR3J0WGNVREEwUWV6UmE0b2RGYWVBdHdVZ0pjR0s1WWM4bDBRMWxQUEpBNGxNTFo1TmVpMHVicWlRR2Q0U09KejYzRHNucW14YXZ5NmVDSUpZdkRKdE9GUVFIQ2g5T2VMUGh1YURSdEtNU0NZONIB3wFBVV95cUxOQ0VmUnA5MldPYXBHLWZ1c1JCSzc3amhoMVBmSFNmN2VUQTBlYzhPaGRkVHZxNVZ3X2VzZ1pMcV9nX2tfeEhRUlp0SHdUSTV6OTlWVXdTeTZ6UExCd1JaVjU2M3g5WUoySzBCYjNrVE5DVjRqb2JjSUJqQnNvTEU5QXh0Zmt2dGtzbThTaW5uQzFnb0o5ckdLQkRoQmdJNGVMbU41SC1IT0FEVVA5ZXRDSXl0bXRJdVNfRkFfNXhDUzVVX0tPeGRvaktMcDZQY1lFYnloMjZtNnZXMWQ4N2x3?oc=5
WARNING  trafilatura.core:core.py:320 discarding data: https://news.google.com/rss/articles/CBMi4gFBVV95cUxNTGxLTGozcGVfc2hiVUg2YWFpTFpUcUJ2S3M3cERtbnRldmZoS2FIOUlXRXR0dUpBVkhJRjV1SDQtRnBGQlI2R3FhS0VncmVKaWVfbUhodzlDUXRsQ3hOZkx5dFNpcUxBQThGYm9zcHJBd1JnSTYwelBTMmprN1V1cmo5YndzTFhqTkJpZTZUd2hfTTJBdjIxdXh6cmpPeFppYXBERlYtdWlYNW15ZWF6SkNXLU5WSTh4MV9ORmcyQy1KSTlkZHJRS3NETV9vc3ZzZEtYbGkwdzJ5YmJseGFrRzJR?oc=5
WARNING  trafilatura.core:core.py:320 discarding data: https://news.google.com/rss/articles/CBMingFBVV95cUxQMkNmcVVScEYySzlvNWpvYnY5QXRGSl9Fc1VhckdBcm80dmdRX0RZYlBHQ0Zpck9pSm92cHBQa3dzdWMwWEt4bFlxVThpRmc2UFZLTTlmZnlPTThBcjF1SGNxNFVRY0lRbG1sSWhqNGstZ1FsRndLUWNnazc0M3U2emNFbk1hZjlqMkR6ZGNWcVpqM0pWZUpEZFVqZ1NQZw?oc=5
WARNING  trafilatura.core:core.py:320 discarding data: https://news.google.com/rss/articles/CBMikgFBVV95cUxQZUc0WU94cW1MeUdxRHZFRlJZeXpRZWZLX3Nlck05R1ItbVBpMWUyR2pwTU4tUlQ1aXM1M0NrOUpRdUJUT2VKSk05Skcxb0c1Si1DOEw5dGNpZGFsZUNiTmdka1FGVVBuVGpLWVJjU1hPU0s2Xy1xWkhhbTctZVlVOHk2LWpvVGJsOVYwZnM3VDlZdw?oc=5
WARNING  trafilatura.core:core.py:320 discarding data: https://news.google.com/rss/articles/CBMiywFBVV95cUxQdDljUEpxZEltWktFWnFMYm02MGdoQ1pJR1VlakpJSlloc1lxaVJRd3c0bWotZERyV2FtVVZ3cWFWU2ZOUG5qMzg4blc0c215bmx5dTZyRlhBVkZ0Wm14NExaekZzM1hLN2dKYnRqZjBURU8takhKMVFHY2NyczhOZ2VhMXo1VFM2MUVSaEZJNW12RlNYTGNPd0lycnFnUlVuendUY0JBTnI3UUg5N244MkJRNDMzTHFVcTBxRTVVTUV3VFVOcDRITGRaQdIB0AFBVV95cUxNRTlmZ2lMeEdMaUN5TW1YTEdDOFdhSEk4aTZpY2o2RExENjBqUVYwRjd6cTNVWjAxdUFiTURqYUdFN0tXWmg2RndOT0VQWnY4R2hESzJxMjNNREpMU3NDdndaT3ZrdVlmYnVUNmM1MjczTkctQS0yT2kzZ05BUTVBT29UMGhnTlV0LU5VeTlXQnktRnFsZVhfMEh6dW9lemlsZUY1Z3Yyd3RiZHphZ01seWlMdGdiVTMtSi1PRUk2R1NpeUxNQXFGUVpBcFlPZ0tT?oc=5
WARNING  trafilatura.core:core.py:320 discarding data: https://news.google.com/rss/articles/CBMimAFBVV95cUxPdVlzSVo5ZmFvT19WVUNFckM3dUNTOUJRck9kRlNqMTRaMlFFdnJNZU12aTRvTThpRjEycFZKVFN2VXBTdkJBRmFVSm1Qa0V3UnpqRlM1VEFWSjZKb2N2bFlUUWxLWUNTT3FmR20xOWlZdVpIN0V1TFdtbWRPN0l1dmtQdmlSclpHZERwMWdNNmxSUGdtanZTZw?oc=5
WARNING  trafilatura.core:core.py:320 discarding data: https://news.google.com/rss/articles/CBMi0gFBVV95cUxQbE5ZREV5SGs2eGpvYUpFaUpUMzRZZHpWQUNPUkx4bjJlWmhsTVZESmRvTGIxWFBQMEdYb2kzUXMxaXJfdU43ekFGUG9KUElZdElFbGYtcUxTU2R0ZzB4bjFHV080R1NXNnVMQ04tWlJFZWtKMHlEVUZESG4taXhFNTdZQ1V4bGJjNm9SQk5CeDlyNkFzUmFLclM3R095TTltTjhoZjltanlIOXNqTjRsVFpZcDl2SUIxLW1jbWNycXZEV0RnellSR3RreWlUNDgzQXc?oc=5
WARNING  trafilatura.core:core.py:320 discarding data: https://news.google.com/rss/articles/CBMimwFBVV95cUxOZDlXZTBJWnQzNDg0VEp1NjRUN0VQcHQtVFh1S3J0T1YxM2dLUlotaDNFTjdjNzluQnJTSlkwTFdVbEZCUGNmaWN2akNqbFFHZ2tab2dfNk5zNktkWm80QzF2Z2Y0Q29CdTNWTkpwN1piVE8xWHRfMWk3dmlFYmxuSzBRYzZNMjBDM2VPcDNVYmNSWkZCTURNdmxTTQ?oc=5
WARNING  trafilatura.core:core.py:320 discarding data: https://news.google.com/rss/articles/CBMiswFBVV95cUxPU01jOTJZdzVaekdQanNBazhrNFk4OUFuMXFlMjBXU2pudmJjM01UOEozcGI4Rllfb3hRLVZ0NjEtamRIb2xERV9WcS01eF9HX0Y5Skp1ZDYyMUVkOWFHVE9ITVlORkQ0TnZkcC14SFRRb3hsa0ZvSEZoTW04RUw1Ry12Y2pldGpZNWhPV2l4V1NzcDRaZ3lrZVZDQjAwdDNqZ2d2UHlVcFQwT09nMV90OXVCVQ?oc=5
WARNING  trafilatura.core:core.py:320 discarding data: https://news.google.com/rss/articles/CBMingFBVV95cUxQTW5IQ3RjdmxERUhsWEEtT3VTQ0k3UTlncHZXZUZ0eXF4RnlpazRSQzk4dFVxQ2VfN3hTVi1waGV6VmpDc0ZHSkFmNzZHODNQLWluZWluUVpUZE4xSjA2c2FEM3FLem16M2ZwaU5Pa25Wb3dWTXF4R3lnSFhVSmNpNm55TE9QMG1CQWNmeUVSQThjWDZCQThXckotbjN6QQ?oc=5
WARNING  trafilatura.core:core.py:320 discarding data: https://news.google.com/rss/articles/CBMioAFBVV95cUxPdC1rUGZycU5DWDhBdkJvNTYyeGl1d0lyV2J2VFlRRkdNZno4d0dWRE1QbHNGc2JOQ1NqUkNQZXA2XzMtTUp6d1hwOVc1RXhsY0p5WnpPX3NCcTFYYjNYS0dOeUlnYXNwWTlBQkNhT016MUZIeUx6b2d5VUJYLTFOSnBIRFY1U2Q2X3hBTmdlY2VwNUlHYlJ1eDJZSFZOZ1RJ?oc=5
WARNING  trafilatura.core:core.py:320 discarding data: https://news.google.com/rss/articles/CBMiogFBVV95cUxOeVBmREEtRHpENHlpbVRuQmo0b3hpSGRsVG5EaTU4OEJyUUEtR1p6M3NmVjMyQ1lvdHhrYkJHTnE2T0VueGIwRTE2Y0I3QXVHWVlxazNyZFBUcDJBdmc1U1lfTmhrbVZ1NGNHQjgwbEpvM3puWGtRdW9OTkdTTXljWkpsc0M5bXJ3REw2MGFETGJpQTdZVlZHRkJISG81eHZNbXc?oc=5
WARNING  trafilatura.core:core.py:320 discarding data: https://news.google.com/rss/articles/CBMiogFBVV95cUxQYWhkaDcwYmNrV0ZjZ01pZ1k0V3RtdDlZUTYwTXNzNGo2UWxVOWRwbmtDem5MdWZkYmRmLU5DeUEyY2l1Qk02ZTJ0SkNZbG53UUh2VGJvWTlIdWdYMXBSYlk1bG4xcDl3elVwWHFYc081X2VYOGtWX19WQ3FIRWUyODhFMXNjMkU4d1Q1ZUFWeXlSUVM4RUJqQVlSZDV0d2tkckE?oc=5
WARNING  trafilatura.core:core.py:320 discarding data: https://news.google.com/rss/articles/CBMiowFBVV95cUxQSlNPUTR0RjN4YUdNWmFpMlBhZUV2Q1lQcVpmT2JHeDZfYk1SVHlVM0loTDI4Y09pX2Q0Mkk3S284WVQzRXJCZndDd01FdmRNbkdTaWkwSUJyMFlrbER5RXVvTWVka25vZWxYTzJwOHk1QVYxV2ZmbFpBRmE3WHBCM3Zka0EwS1dLLW1Jbnc0Q3hHTmhDcXFVYjJWU1pDU0RqMjVJ?oc=5
WARNING  trafilatura.core:core.py:320 discarding data: https://news.google.com/rss/articles/CBMiV0FVX3lxTE91OUNRWEhBV3hWZGhoYjc0Uk5QR1RJUzlOTmhndVA3X01wOHNMTllFaDNEMjBYYW9uU1RCQ1pyYkRSRGh0TGhKN09QbHFheGVzbHpnRmt6NA?oc=5
WARNING  uvicorn.error:task_scheduler.py:80 Task reddit_provider_5 timed out on attempt 1
WARNING  uvicorn.error:evidence_validator.py:30 Conflict detected for attribute social_market_sentiment among 11 sources
WARNING  uvicorn.error:provider_router.py:132 Provider groq failed for synthesizer: Client error '413 Payload Too Large' for url 'https://api.groq.com/openai/v1/chat/completions'
For more information check: https://developer.mozilla.org/en-US/docs/Web/HTTP/Status/413. Retrying...
WARNING  uvicorn.error:provider_router.py:132 Provider groq failed for synthesizer: Client error '413 Payload Too Large' for url 'https://api.groq.com/openai/v1/chat/completions'
For more information check: https://developer.mozilla.org/en-US/docs/Web/HTTP/Status/413. Retrying...
WARNING  uvicorn.error:provider_router.py:130 Provider groq exhausted retries for synthesizer. Falling back.
WARNING  uvicorn.error:provider_router.py:132 Provider openrouter failed for synthesizer: Client error '404 Not Found' for url 'https://openrouter.ai/api/v1/chat/completions'
For more information check: https://developer.mozilla.org/en-US/docs/Web/HTTP/Status/404. Retrying...
WARNING  uvicorn.error:provider_router.py:132 Provider openrouter failed for synthesizer: Client error '404 Not Found' for url 'https://openrouter.ai/api/v1/chat/completions'
For more information check: https://developer.mozilla.org/en-US/docs/Web/HTTP/Status/404. Retrying...
WARNING  uvicorn.error:provider_router.py:130 Provider openrouter exhausted retries for synthesizer. Falling back.
WARNING  uvicorn.error:provider_router.py:132 Provider openrouter failed for synthesizer: Client error '404 Not Found' for url 'https://openrouter.ai/api/v1/chat/completions'
For more information check: https://developer.mozilla.org/en-US/docs/Web/HTTP/Status/404. Retrying...
WARNING  uvicorn.error:provider_router.py:132 Provider openrouter failed for synthesizer: Client error '404 Not Found' for url 'https://openrouter.ai/api/v1/chat/completions'
For more information check: https://developer.mozilla.org/en-US/docs/Web/HTTP/Status/404. Retrying...
WARNING  uvicorn.error:provider_router.py:130 Provider openrouter exhausted retries for synthesizer. Falling back.
WARNING  uvicorn.error:synthesizer_agent.py:97 Meta Synthesizer LLM failed: All providers exhausted for agent: synthesizer. Routing failed.. Returning fallback.
________________________ test_confidence_gate_rejection ________________________

        assert "cik" in raw_data.get("financials", {})
        assert "ticker" in raw_data.get("market_data", {})
    
    @pytest.mark.asyncio
    async def test_confidence_gate_rejection():
        orchestrator = HostAgent()
        # Misspelled company that won't resolve with high confidence
>       result = await orchestrator.run("Nivdia deep analysis")
               ^^^^^^^^^^^^^^^^
E       KeyError: 'status'

services/research/tests/test_research_layer.py:169: KeyError
------------------------------ Captured log call -------------------------------
WARNING  uvicorn.error:evidence_validator.py:30 Conflict detected for attribute leadership among 3 sources
WARNING  uvicorn.error:evidence_validator.py:30 Conflict detected for attribute name among 11 sources
WARNING  uvicorn.error:evidence_validator.py:30 Conflict detected for attribute social_market_sentiment among 11 sources
WARNING  trafilatura.core:core.py:320 discarding data: https://news.google.com/rss/articles/CBMioAFBVV95cUxPZjRtalRPSHVCS2NPVEhlaEFVUGstTmNPQUhRUVZvQW5scVlkTF9YOTI0RnBMTGFWTGFnTE4wZnNldzVTUUllalVXcDJ1MTZSX0wtU2V2OVJheGZzNG5fcHlJVFJqemxKbVJCdkszNl9sWm8tbmc2bWFGUXhqclhZNlZXZ1FPQ2U2RzJpRTdnbzFIaXRBZEdaa2k3cEFvQktz?oc=5
WARNING  trafilatura.core:core.py:320 discarding data: https://news.google.com/rss/articles/CBMisAFBVV95cUxPZzhqQnF2ZVJSV2RpNWVfaFo4QzJkSTRKaldjZHpSalZOMW1VRnNLQ2R1MFRGVzNVS0VzcWt0LWFYelBFbUgzYkxwVUI3TzBfdVFkT2UwX2lvSUVKXzZaWDJGbFJkYUR4U0FMSExGVlNGZkc3eURVcGI1eFphTjQ2VTdiU2FENkxVZlNoV01sLWtiN1dIUl9zdWdrZDVoTUxBQWFWYkVFYnBUNkdZMUsyLQ?oc=5
WARNING  trafilatura.core:core.py:320 discarding data: https://news.google.com/rss/articles/CBMiqwFBVV95cUxNYUZ4a2d2QnlxeDhNQk1DMHRPWFNMTVpHSmhVX0xPeFhKdkw3cDMwYVBzN19lRXBaaFl5elV1aHhGcldLOFhlNFpFTW5IbG82X0tZZ091dGliUHZna1VKS3dDRWJWRHBLUHdYSWhBNG5kVmZ6RGVNZHc4ZWdTSFN5RGYzbTA4Z1l1eUFoU2hnd2lpSVJwNktpd0Q0bktjb0xQMGQybUJJQmpCQzQ?oc=5
WARNING  trafilatura.core:core.py:320 discarding data: https://news.google.com/rss/articles/CBMimAFBVV95cUxOUWx0Qi02VndOV1hvUzV6YlZCSmdYcnhxNmNKU1FTOXBSWGZlcmZqai0wVlZsSG1KT1c2ZVhUZVpHaEVmejlXRjBpbkZ0aFRXdThVTm9PU2ZGVHJDNlVMaUJFZFpBX3dXNFhUOHRKOXB2NHlNekQ3MktpTnp0S1NFV09aNldReU9ONFNOWS1QQnFmOUNXVF9Uag?oc=5
WARNING  trafilatura.core:core.py:320 discarding data: https://news.google.com/rss/articles/CBMikwFBVV95cUxQc1F3SERaREhyMGozSTZicHd5amNTN3BNeFVBcEV1UU5tNjMtSWhDQWVmLW9SaG1HNDRZQkMxYlpybEo4N1pXUmxwUHJLSS1tWDNrWUp5YzY0REZmU0hFWmlWTUhtSG1EeGo4N0VyM3hQcFpfa0FiVVdFbXVwQ0NxR3o4NUU1LU1IaEFPQjRqVzRLQk0?oc=5
WARNING  trafilatura.core:core.py:320 discarding data: https://news.google.com/rss/articles/CBMijgJBVV95cUxQWU1sZm44X2l3akQxMWpBTmZ3S05DTEdDdGZKZC05ZWZ5aHVZRE1OajVRemZiR3dxc1dhT0dvYy1Gb254S2dRdUc2ZzRVMnc5eWhtQjd3QWNGMEEyNDdqZFJOcm1TVUtWSXFjRWNMZERMM3BhdWhPb1YtZGdPSjhLZklsbFd0XzdZUXBKcjV2NVBlWVhEeG1POXdMM2Y4YVlRRkJUNkMxNnEtOXNjNUVqd3B6a0txTVkzekpGcG9GQlFDM2VuSGM1eHpLNVhzV2xENlhacldJR3lBb1E5UUJIREhaaWM2djFud0U2OVNSWlY0VmNwZVJZXzNELWc2Rm5KNmFHbEpnM1pqMmo2Mnc?oc=5
WARNING  trafilatura.core:core.py:320 discarding data: https://news.google.com/rss/articles/CBMilgFBVV95cUxPUUVFaXk5Y2lsLU4tcmxiRjM3X1pyVVhQZS0yZjVYMUVqMFF4cHJRVGJjbXBnRTFhOXVpZUh5a3ZmUEVkSFBHcFdWMW13QUdjQnRmUElOcTMtdDN1OXprRDVOM1JFUzRNQTlKVU50UExUWVlrTHRuUkM5LWVoRE8xMGo4YWo1ekJMcXZVUzlCYzN6YzE3VUE?oc=5
WARNING  trafilatura.core:core.py:320 discarding data: https://news.google.com/rss/articles/CBMikgFBVV95cUxNNnFOMTRGZkdhdDlRaHNfbTV1bGRkMWZtd3lwalU1ZEhuR2dvMWcwMm5EUV9OUUpuMjJncjNZSWw5STVxTkV5dUM3TEk1SzZZWEFxQXBleFRnVGM3bkdfN0k2YkpQWEc4UDJSS3ZVSUxPOXVMLWUyWE5ndEZTLUZ0ejBFZFZRUXlidDQwS1RYWUhWZw?oc=5
WARNING  trafilatura.core:core.py:320 discarding data: https://news.google.com/rss/articles/CBMipAFBVV95cUxQbXZIbzRiVW5zSWRXMU1ibjBteUVXOHZ0VEJJQkRHS3VVeFBJU3RYU2gtQWt0MlcxYVVtZERyc3ZMekN1UE9oQVBjQjVOeEppM0JUdldqV0FJLXZkRm10V2R4aGx5YkRtTXo0T0s5ZzVLZFRHQWMwZ3dkdG9CQlRxZVlNZTYtUmZnSjlNRHZ6MnZ1LVE0c19hZ1Y0Tk1FcndLT3djc9IBqgFBVV95cUxPVW9PNi1JanFYb0t5d2J1Z1FmNl9ldlY0bE1faXEtNnZvbi1ES2FLYzEtZ2thZkxETU8yZkp4WUFjdGUxX3pCQkc0ejdtclVRclFqZG1xZGVjeDJTV0p6Z2RkNUhWX1V4QVJvVmdmRVJhYndmWWZLVkRxQzZXa0poMjdpb1NhY0NxY3QyYURUbHNJbWNkaWxoV191RFQxeURwRDc1ekhBbmo2QQ?oc=5
WARNING  trafilatura.core:core.py:320 discarding data: https://news.google.com/rss/articles/CBMipwFBVV95cUxQS1FNSTF5VHFBcmp4akVaeXF5QWdxcjUyYnU5MkN2QnhWSmVoeEdwN2JpOHFWWUF1UGg4OVFqRGlBTFU0ZU5YUlF0LVZaNURJWTc2OVRKMUFrQndZeWV1RzBXMEVYc191Yml2U3p3S2YteURWTUhIeGF4cjZSdVFiMjU5NHRFejRkdEJhQWU4cG53TGhWeENCaVF0LXhFZzdQTy1DRDhFQQ?oc=5
WARNING  trafilatura.core:core.py:320 discarding data: https://news.google.com/rss/articles/CBMi4gFBVV95cUxPa3ljZUpaejJOVmRMWFhvMVp6UmlzNmRQdHpXX0ZRbzAzTmVIZ3BqTG1Gc2VkUzBfZmlmeUZTQmJBQjNfejFsVUlHQXJWYUc5dm8xSU5KU2prbVAtd2R3bU44aTNyOExmaVNlVnQzUHl5NThCOFZOaWFqck0tRmRfSnlHVDlUendybm5fWGZrZGdPVkh1ZldBVFV0S0U1TVFBbEpPdG90UGwxRHozaFNxYWxRcFI1UkRFbTFsbmtYSktUWW1lZXNXN01iTEdyeTZsZElrbXpwbWhNc1NQb0hXeXdR?oc=5
WARNING  trafilatura.core:core.py:320 discarding data: https://news.google.com/rss/articles/CBMi0wFBVV95cUxOMUR0aFpZSW5pSHBPcjA2Yy1ZR0c4NkpHcU9QZWpWNXFpcUZKak9hb052UVBNUGxlejUxSTZDUndtdUpPMl9FQVRlX2kwT0E3U1luZjBWdEtkRmdLTllmdW83eS0ya2VXZWRqZEd2UXdFM1NOai1UUFo1UXZFVmxjMFdUNkdLaXFkZFBTd2Z3ZUZscmhDMVRzSmFlZlFMdTdqeUR2RTRIa2VFREJlYW02VEcxOVliS3YtcEZJM19sOHVUYnZQNks2Ul9Gbk5aZ0JBYlNR?oc=5
WARNING  trafilatura.core:core.py:320 discarding data: https://news.google.com/rss/articles/CBMilAFBVV95cUxQSlFwUWV1LUxzN2hYT3BHaDByWGRlUFRUNXpZSmRjODJEUWY1R1RZXzZhWXRHRWRFZDUwbjkwQk5iSWx3NGYxQk5xRy1ia01wN3pYb1Jta25aXzJwTlJLbXVKOWFTczQ0bVVxUENqNjV1XzBoSE83SDVVVlMtSE5NRE9xTXRLY2FETlNma1NVdVZfb254?oc=5
WARNING  trafilatura.core:core.py:320 discarding data: https://news.google.com/rss/articles/CBMizwFBVV95cUxQZUoycWRkekFhdURRelBmYWtMdXk3UjVDaTFjeUF2bmJTOVNmSmk0TEoxZVNWZ29Qd2dPaVg2Sk4xb0tKUDJqaTZYTms0N3FFVnNka0J6S0c3NDRKOUFkeC14ZmhrWEJ6UkFIdjNXZjFzSU5vd09CUFV6TGdUa1FENUFKdFRSZG1DZHNtdDNwOTkzbWdYaGtKRURUT09COUxmcTlVTkVZcWpBS042MFJLdlZUTFl1Qlh1VHpxYkt0YlRjZkwwNmcxWV9FOG85RTg?oc=5
WARNING  trafilatura.core:core.py:320 discarding data: https://news.google.com/rss/articles/CBMikgFBVV95cUxNNHUwNUNKRHR5ZkZfZXlWcVpTb1BSQXd0U0RDT3Z2UVA1ckJ1b1FwSHZmVnhOTTAyejZveTRsODZtOTE4RXVzX3VDN0pDNGsxVjFVWnFYVHFvRUV2SUk0S3RaZUVTcm5oeXB2WEpsSmRJMzE4VnRyRnZTcG5xdmotTGtEcjRpZVJodG1URXVGYm5qQQ?oc=5
WARNING  trafilatura.core:core.py:320 discarding data: https://news.google.com/rss/articles/CBMikAFBVV95cUxNZWxBVXZBclZFRDRhc2pmSHBxSzY1TWNSZ2lLQ0hvUmdKYjFwcHZMdzdvTGhHXzZQYzZIUzVPcnBkU3daV2xLUklYT0x6QzJaMFl1LXZPWEtxdVI0RWRxRGVWVEd0bUR1bDBNVm16eGJsdmNvajM3R2Y3SUVkdzFBY1E3SmZZaF9YMzBYaklsTVE?oc=5
WARNING  trafilatura.core:core.py:320 discarding data: https://news.google.com/rss/articles/CBMieEFVX3lxTFB2VHluNTZUeXZab1RLR2NXNXc0S0Q2MGx2enFUb3VmbHNOZWhmTEdGQThEWURzc1pVQmVyUnJrTFM4QjRTeDNDMXJNU1V1cE15djVxUmN1VHJIaUpmM3l0RDJHMnlVYnkyMnlaUV80R1luVkV5cmkyNQ?oc=5
WARNING  trafilatura.core:core.py:320 discarding data: https://news.google.com/rss/articles/CBMinAFBVV95cUxQcFN0c3ZxRG5sME83UmNSN1hETTdSemJHdW9MT1RFZ1UxbGp3dDQyMmhodjFTSnppMFFPV2tsSGwzYzhtLVhGd3dxdlJQY3Q0dGJHbnJCOWRhQWRfNjRGUkh0SFAtLW5JQVl5WFBWdUdpU3RmekNmeml4NExBM2hjRzJjQmxZdHpsSHJRdk5KX1lnM01SdnRiQ0FDZTg?oc=5
WARNING  trafilatura.core:core.py:320 discarding data: https://news.google.com/rss/articles/CBMilAFBVV95cUxQcC1aMG45RUJ1OGRfcTh0OFhnN3dhcVdSNzJGUTI0bnlSX2x3QjZxU1NUWWk5YVltOGwzZXFxTE5iaVVPbHpMYlM3c2VCTmhSN3FwQVAtT0tlaE9wU1RuNjA4R2tnR3JDeUY0VEZYcnMtQm1xdFNHUm5GN2QyUFc1REpsRGNtcHRaVUtoMW13VkpTLW5U?oc=5
WARNING  trafilatura.core:core.py:320 discarding data: https://news.google.com/rss/articles/CBMif0FVX3lxTE1RYjNZLTdYWUlseVFHaXNIcWYxWEZzSzlZdTloR2hHZ3FqV1k0Wk83RVpfZ1p5WDBPTkFSNjhZRk44cXJTUmV3Z1g2a0FfZFhvWWl6NlF5NzhUQVJrM1FnMFg1NE4tY0VRNGtQelJxeGZ4Z1NFQTBVd1VXdW5LbkE?oc=5
WARNING  trafilatura.core:core.py:320 discarding data: https://news.google.com/rss/articles/CBMioAFBVV95cUxNS0lwcVJBdGlHSDBFRE9QWEZwUi1Fd2g4d0Y0cjRWU1llZTVRcEY5YlBSdHU2M0RUSDE5dlNNSURoQXVMMHN1cHIwY3FXeDVsVHNaU1VCNUdyNFdFVVBOeklVWTc0UFZtMDl6SHgwbk9teFVlVHNxb1VuQkZZZHVVaU83U1c1bWZtWWRuT0ZqVE16Yi12UVJvay1VR25mNDZO?oc=5
WARNING  trafilatura.core:core.py:320 discarding data: https://news.google.com/rss/articles/CBMilwFBVV95cUxPVzJXY3dabktSQVJGWXRqcUMwb2c5TVlPam1Ud0FmbG14MUNuaF9QMU9TekJjUXVNeUFRb2VkNUxuSi1PSFpLdW1QSm1pSWpzNFJwS3RrQTZyellxcjJ1cFdqdmxseE9yNzF5dk1hamZROHJ3OTFvUmF1TWNqVU1Rc2ZvTENZbEoyalpQTzYyZkRyNmdfR0VB?oc=5
WARNING  trafilatura.core:core.py:320 discarding data: https://news.google.com/rss/articles/CBMingFBVV95cUxPUC1rWUZWckk5dTNzNmdia3JSejI5OG5lR2pFdm96X2VqZmZZYWVUR0xiM1ZOX0x1SXBMVHhfN0JiRTFaUGg4dTJsTnR1end6R3ZHazQ2Q2xyRkdLQk5GeGxWblYxdGxKV3VyYldkblRDclNQUUxNeVFfRTI0WFVWUWVnQXlYb1hlZ0hqaGJoOEdYMDl3X1NDLUVuRGdWQQ?oc=5
WARNING  trafilatura.core:core.py:320 discarding data: https://news.google.com/rss/articles/CBMioAFBVV95cUxNdjZvRVJmU0hud29lckpLUjNhQlZ4Z01DRkNGdG8zQ0pZYjEzd1Z4Tk1mR2VRM0JhZWd4U3FoRjlRWk1TXzM3Um1tcnh3ZEVyYWZ3T2lJcXY0TWcwTXpITDJnejM0aktWVGhXZkVJdElnNTFEdWVILW9FUWZ4ZUJJT0pWTWQ4Rzh2dnNyaGVsVllfNUQ3TTlRRmRvbUVldmN1?oc=5
WARNING  trafilatura.core:core.py:320 discarding data: https://news.google.com/rss/articles/CBMinwFBVV95cUxNQ1ZWR3pZVzU3R0JvMEJTMExMdFpnNmdfcnlFZ0JiR3hDWVVqV2hzSi05X2dLYnA0aXZ2OWpGcmtkMlNyc0pjUGZGRzBnSHoxVzU3RXVvMWJsbVNkZzhxUmM4dU5WdURFU3B2ZDFRU2FRRWdwb1o1MW91NHNMQmFjXzZWR0d0SW1PTEV6TkEzS2g3eTJzendxWUJUWGJZM1E?oc=5
WARNING  trafilatura.core:core.py:320 discarding data: https://news.google.com/rss/articles/CBMiggFBVV95cUxOWVFtMGJFRGIxYWc0Qm1DMEJxVGE4MG9LY1Mtcy1NNUZWR0NWZTZxdWQxaS1pUGJWUzVFajJXcS1EakhmN0NIVmxmNDAzOWVvemFDUkxLSjZsbFRiZHF5ZnVQQXlNclRBckVvcXFNZ0lBb2xJS09NNUZDdHREOERpRHVn0gGHAUFVX3lxTE5LZy12eUtCbzZNbzF0NHBrWWVwTU41SWlBR05rODBfdkg3MDR3ZU9zX0FEaEc2SUpzdV9wVjJjSVpYYmJzTnNIYmo2Q2dEVlIxSTh1bGpkdURSWkdGMi1xWGtKdXdrTG82Zkk2djNLN3NMMVVEcEE0QXhaclZkT2xBRFQ4UHRKYw?oc=5
WARNING  trafilatura.core:core.py:320 discarding data: https://news.google.com/rss/articles/CBMiywFBVV95cUxPWmFDTE4zYjNhdHNQWkQwTTYtV0hMMWd2OS1iRU9wc29OcHFTVFpEQmZHRWo1VE5UVEpIck5xajdqUlJvMTkzOWM1cmt0V2tRLWRtUVBrcFZnb0tsRUNLVk5hWVdtTmFGVTkyNE1XczhvaWJBbUpTQ1VQcjRCT2I0c1F4VlktTlNKRFhtRWZNWDlaZy0yLVZnc25nX0dFdV9ZWGpXOFM5UnZaSWtwdmo0Qk44YWR3VVV1MFE1WlZwZjlIdWFlNHpxdkNXTQ?oc=5
WARNING  trafilatura.core:core.py:320 discarding data: https://news.google.com/rss/articles/CBMilgFBVV95cUxPRHpCMzBPTlFySThjV1ZYNnNrdVFWc3F1azhfd3hlNlNZUmxtSnptaG1IalE5Z012UUJKcmhRRnJCbUtrMk8wOFQ4UUxCN0xsVjh3bExmNXBKSjZLN19Zbk5UX2o5dlZTbG1QcnFWd0d2Q0VPaTJkU2tfNEluSHo1LXZ3bVYyRWdaWW9sVE91R0xERzlpUkE?oc=5
WARNING  trafilatura.core:core.py:320 discarding data: https://news.google.com/rss/articles/CBMigAFBVV95cUxQb2ZNUXd0NlJybXd6cDZPNGlGcXdpUzRsaUhlc1JNX1p2Y1Y4TW9DeUkxMXBDWHJkcGJNVlZabnlFYklXbjdNckZkMGMwYmh3S1hOdG16NmF0aUc5WDhQdDRybHBEZUVhbVdWZzJPaDRPV09NV2lEbnA5R28zWGNqVQ?oc=5
WARNING  trafilatura.core:core.py:320 discarding data: https://news.google.com/rss/articles/CBMigwFBVV95cUxPUkhXQjRaNHlWeHBlUFA5bEtoQUlUcWNnTjNaUWVqelZNaWd5cktaMHFVSDAtdk5ZZkx6LW41RWhuM1prSmY4LVlUa00yVVZGaGd1dklMb0hhMmVZZV9tcGc3U0pxZVRHMjNlUXdXcFMwVFh5NlZUMllDZk9qVXlGeHl4NA?oc=5
WARNING  trafilatura.core:core.py:320 discarding data: https://news.google.com/rss/articles/CBMimAFBVV95cUxQMWdSREhvRmNSSXVFVVUxenBWYTFxMmxEZy13UVZER3JVNVhaVUs2S0o2QUhJdWFIbGprMkpnbDhYMk5ob3BkdkdRbF9Fa0dzN3otX2o2VnQ1d0ZocHZRMEtlMzZyZFRwZnY1djBuZUxkVGRMZXhpbjVrOXQ3aFJ6YWF0alFFYVFOUmIyRHNwMTRpX1ZERmdwMA?oc=5
WARNING  trafilatura.core:core.py:320 discarding data: https://news.google.com/rss/articles/CBMiZkFVX3lxTE9wVTFVWFBab2lDVTRYUk1WYlYyWUF4MHdIZVU4RnN2OVkySDJrQnFUU1VEZUF4ZlFCeVZwSHptTmZJN2xjZkNWQVFHQ0JBVGpLOVJCcE5zLUcwMGItb0RlTFZTSUJaUQ?oc=5
WARNING  trafilatura.core:core.py:320 discarding data: https://news.google.com/rss/articles/CBMiiAFBVV95cUxPZms3QWQ1dWZhYVFib2owWTlmZDlOdGQ3WmhmN1UwNlBmXy1EQWJaMG9XOEVDWk5RNDZMc00xNDhRWUR0R2d3WlVRQ25IM3pTVlRIelJRd0dXaUg4WVBrbmNMOVd3cThiZjFxYXdjUG1pRmpQY1Rlbkd1bVgtNlJuMHE5ZFJVbDEy?oc=5
WARNING  trafilatura.core:core.py:320 discarding data: https://news.google.com/rss/articles/CBMijwJBVV95cUxNMHdKeDNMOWN0NE1Vb240YXBFTF9MYS0yQ1UwdnhONWFBSjNfdHdZd0szN3VJR1BqeDg5WGxGMDZqb05sME5JUlRRWkc2YUFMR2djd0Y0Um1MSWtwX0hWSzBsVlVFY1EyQ0pjVE9oRTJZQlZ4ZVo1UTRETWgtSUpGakZKd19iODMzejhRNWFWQWwtTUNqTmJ5VXgzeTROY1hjU21JUXZNY0RfMXhrdkNfNzFfX2oyMEItc1VxTmZzUldLalRDX245TzY4V0IzN2h5WVF3NnJYMkZ1Q1pxNkctdDJZNWJnSHlfQWdnNllVQVA5X0JBbFhFOFdCWnJpMDZiNTFRb2M0Slp5TEtmT1ln?oc=5
WARNING  trafilatura.core:core.py:320 discarding data: https://news.google.com/rss/articles/CBMiakFVX3lxTFBSN3d6OG5pZ2hJSkZ5cHhhWUxONkEyRzV0V3FwaGpNbERTSmpiU1ZkVzc4d0Vkc0Vic3J2Z3FMVkdza1M1aEE5TDJBb1NsekFGaWtVUjVEQ3VSSXFtbC1vRi1nVHdZb2pJN0E?oc=5
WARNING  trafilatura.core:core.py:320 discarding data: https://news.google.com/rss/articles/CBMimgFBVV95cUxOWGRYZ0NfejNBSmlxNVVHU19qenh1ajhtQm5EbVQtRzhMaW0wdE44Zm9ERUZ2V3hqVlhVcXlBRFNtSjFwUHNac1pUUlJ6azlINjFJQVZYNFRvamhScXN6cE1SNFp5SnAzY1ZCTW1na2oybEliTGdwUGdKQUk3THlVWWxpYWFCTWRXSl9KNWR2NkV3RS1lc2V3WjJB?oc=5
WARNING  trafilatura.core:core.py:320 discarding data: https://news.google.com/rss/articles/CBMiggFBVV95cUxPQzNiQjBEX0FJenZVUkZyb0tKWTIzSXl5UEZCXzJzUjI1UWFiU1ZSYWZjZ3pnTndaNUNSTmNNdXBWdkMxcVRRZEctb0F2R0hoakE1SVl3WFFuSjdtaHc1MjhwVFRQcnJ6eFUwTkVMbXJqN2FfNXFNS1V0NEI1ZWRuNzV3?oc=5
WARNING  trafilatura.core:core.py:320 discarding data: https://news.google.com/rss/articles/CBMiqAFBVV95cUxQcFA2a0FSQmJpdm5GOHFZNmhsUktrQUxqbkRPbTJ1emxZck9pT1BqLVI4R0xIZlV3akJiN05qS1lmNkVuRFFZNDVMbXVyRFJhZElrdncxcGNrU3dRNmdjSkV0NHpNUHJQbGN4ZGhJTk52Z1AtVUFPdDlOTVV0TjRqODVQc2FPSl9uVjVYUUR1MW1NZldEV05YMWFSUTg5d0tHN2lJbm5DNDnSAa4BQVVfeXFMTVZZeXNuOUduczU5NkRSWGRaRzYzSHkyOTl5VmU5Q3hHWGgtUmN0WjgxZ1llQ0JmZEFOSjZJT0RSdlZqWHVfUWpHVXZNRVFCS2JXNGlWOF91UVgybG1MS1B6Z2NQMDhBNUlrN1pNWkRmVU5TWUEzNnFKLTY4SFBoTmlRbkJxZGFpYkwtMDBCNmI1ZTh6VkRReUpacGlBZkVaRDV5bkw3MGdzR0RHX2tR?oc=5
WARNING  trafilatura.core:core.py:320 discarding data: https://news.google.com/rss/articles/CBMimAFBVV95cUxQWmhBbFhEWkVlZEpnVktHNTVGMUlYWS15R0llTXd3bjlpNm1nWDU2MGtiTjNiTXBBVmxaSVFpdThEVmREMURkYWlDOVA3c2ZHYUFUVzJZemI2RnM5Nmozdm9NODFGM1F4Z0ZKYWtKVXZfRWhzZWlaTFZqaWcyTS1udFpoeER4NDFWQ3UxQnQyak5jcGZ4eE0tMw?oc=5
WARNING  trafilatura.core:core.py:320 discarding data: https://news.google.com/rss/articles/CBMimAFBVV95cUxPcGtEZ19MWVlfLVlfZktmTHZnV3V2aHpJc0JUY1pURk9ENW1EZXJ2QWpveW5rNmh6YkFTMHloelR3MzVxQmlnQmdZOGlCTExQdXRfRHdldWlGeUx6NHE0VzJCcThXUUtTelhxOGxrTkcwR3lrTkc2QVdWNy1EVW9PRmVjcnFJM2ZIemphbkdfRzRtVENrekFxSw?oc=5
WARNING  trafilatura.core:core.py:320 discarding data: https://news.google.com/rss/articles/CBMimAFBVV95cUxOdFkzZklxOUlxQmI2ZElkUWVsS0dweVEtbjF5Wnk0MEc5VnBoTjZsS3NFZ2ZvSDBHWW1mZEFLT3J5T2RKbG9aM0RCcEJjLUg0QmNBckF6T0Rfbmc4Ry0xYjZJWXJza2puUW1tN3prT3NlMERlZl96X1NTX3pYaWEyM0xTb3d6eDZuSG1MRWJvZHdpWE52eGhmWg?oc=5
WARNING  trafilatura.core:core.py:320 discarding data: https://news.google.com/rss/articles/CBMigwJBVV95cUxQajJjZGxuamRrTUF2VjhFX2cwaEVDYVExblFqaFYzTzVuclpKeU5kc0RNUE0zSjJWcEpkUVlod0xqRGpGTkM5Tkd6ZVhYNjFWcTJjMzJOWXp3Vm9mdVBrOTNZTmx5Y19fUWJwMHdoMk13NV8xNWtTNWZOVHpYZ3FMbEF6VDdwc3dWNkliT3JydDlJRVFqb2hiOU9aQ1VKUUdrcjZuV1UyRGRZdzJyVDVNUFBUQ3g2WDFWZ2NaMEFqcUZncHNxMUI0OEZlSWNnOE9lOWRhb2hXQnE3bjg5eHQxMzIweW1HZWg1UVFwcVdTZ0Z2U2tlRjZ2eFZOZTZNZk5kS1JN?oc=5
WARNING  trafilatura.core:core.py:320 discarding data: https://news.google.com/rss/articles/CBMiggFBVV95cUxQbExxRzdQMWk0VXZvNUNlV19wRDR0cEFlQjJCaGlmUjRwTXJKVFdtYlQxSXJfWlNKUWViSXpmUGpRUFpmM3BoY25PMlhiT09OVGJKUmhtM0ZfOWlBSnN6djhuOFotWlN0aXNJWXVaOGxwbl9IdDlsYkNXSWNnUmx3YUlR?oc=5
WARNING  trafilatura.core:core.py:320 discarding data: https://news.google.com/rss/articles/CBMingFBVV95cUxPQTlGUGd4VTV5LTBwLS1NdVhVQlNSX3dfZEF3enBqU2ozbTlNQ0FQRzMxdVhIejE5MmFsS296R21tMXk1YmtPQ3BGaFZZQ2dGVFZkdDhFZ3ZUY29Xc19ZQWFMNk9wNXdpaWpURk45REJmTzdUVWJSSkcwOVlSeUw4ejdHZHZoM2tDQWRHbmhUYWRoY0l4cHRMekxiY094dw?oc=5
WARNING  trafilatura.core:core.py:320 discarding data: https://news.google.com/rss/articles/CBMi2gFBVV95cUxQelF3a2R0XzR4NnNDb2pTVzRRQTYxVmV0MmpobWhZb0R1Wi10aWlqbzNSMlRxc1c4RGNieVhWTGpaQVItWmI3UlUyTUlsZTZSQzdPanhNOXVuNXVOUmlzejVRblJPMWdEVTYwRWpScmRySWsxanZEU2ZNcHFUbHV4eWR3MGVVZ2VyZjEzWmE4VDlMWFltQVBrMm5FRUZMRTdsVFZaZmZ6ZkVyQWlGaWd1aV9FQmFQcFY2ak12RWFTWU9Sb0JQd01sZ1BKUmRuZnp4cjBYOG54VnhCQQ?oc=5
WARNING  trafilatura.core:core.py:320 discarding data: https://news.google.com/rss/articles/CBMihAFBVV95cUxOckZyYUlWWjN5QVZ6cHNNNmVsQW80NWFYV0tGdjU4bUVCWlBvbE1JQXhkRWxCZVdkaGx6ZVdzcXY1dndiM2pkTGxKeFJBUFJqNFRhMmpKVk1kM0FQVEJxNFZPS0dOMmt3TGg2enlHRGtIV1U2VndtQ1RmVEpxcm9EbWxJNHY?oc=5
WARNING  trafilatura.core:core.py:320 discarding data: https://news.google.com/rss/articles/CBMiU0FVX3lxTE9KeTBwWm9HcWlQbGlIbkZvX19uTnM1dEJWS01DVVIwSDNJMmVNOGJHM0liMHlNV1FWX05uRV9rT2RqY01iMldITjFhcXoxNm4wbXJv?oc=5
WARNING  trafilatura.core:core.py:320 discarding data: https://news.google.com/rss/articles/CBMimAFBVV95cUxOZVpCZ1BLNVVubzBGaUU4dFBwcEM3R0MyMFRObGMxNnNNRGVUTHo4X0N0eW9tTzR3TTB3Mm9aa1h1OXQzai12OUxXVjM4b2l4ZVZoSVM3d2J2S250ejhJVERhMHpQdFQ4TVZoNGlDdnI4WHRsNXlVWldXZ2JSQXhGMWlWMHAtcXhYWV9UWUtlNFEyeWtfVWhJbA?oc=5
WARNING  trafilatura.core:core.py:320 discarding data: https://news.google.com/rss/articles/CBMi1gFBVV95cUxQellXb0g0MnlabmV5QzBzTHNPUmtPZEctQlFQV0tlbm9RZTdtcllsbER1X1Y0SVM1VURLbHZiM1l6S0tjcWszaktud1NlaUptZkl1X1JLSFFmZmFtd2tManpHY3pzZFlaZ0dVYjROc1B1WXBSSDFZLU1INHlyNnZESlhoMG1BbWxCd3ZmbUM0ZF9zWVpqSmVHR0l6UExWV0s5LUtxM2pSV2FyNEFfakFjWEIyTVFTZThaaGF5SmNKX0pLem1lSXV1T3J1Rkh4SXktbkg5VDdR?oc=5
WARNING  trafilatura.core:core.py:320 discarding data: https://news.google.com/rss/articles/CBMiVkFVX3lxTFBydlhJYmhCUjRzTEZoOHhvVUpDZVVxS0JrbVI5Q2gtZDM1Uk5kVVJUT2pfNjhrb2c1OEhNdXhWZWZMSEc3RXNGcTh2OVhOcmJCVUJSS0N3?oc=5
WARNING  trafilatura.core:core.py:320 discarding data: https://news.google.com/rss/articles/CBMicEFVX3lxTE5MM1E4c2d5TjJKdVJMZWFjQllmVXBEakFTX0dPRGVIYk9ZN2c0aEFUT1hEMHJfa1RNeHg1dnNVb3owbGF2RHpJQnJwVHhiYklPNXczRFZ4RC05SUd1M1VGMGFOMC00a1kybUlXa0Ixd28?oc=5
WARNING  trafilatura.core:core.py:320 discarding data: https://news.google.com/rss/articles/CBMingFBVV95cUxPMmNyZTNFblpYTHJTbFRvckVHTXlfZUo0ckMwTzlCMWZPeWFQUzJIU1ZfWmp4N3hhdzlGelo2UEFoNGFadE8wRFFIdWdGYV9maEFPbHp1TEhrX1lJa0M1ZVQzenVfZnZxLTlIRGFsZnRhaGp5TnF2aVFsMzZxRjlMN1h5SVVfYlVibTdhMk56SlgtLU5UcTFRYUFKcm1GUQ?oc=5
WARNING  trafilatura.core:core.py:320 discarding data: https://news.google.com/rss/articles/CBMipAFBVV95cUxOVWJEMFdJYzdGSDhEU0UtNjZEUnlQR1dhSUowaWlyS1luRXh1VGE2dUJSX1NZLWE4aTFGZGoxYS1JSlpCWTVramttd1hoWGRhSGt2MU5peXlDOXRuNTBJQnhabUx3TTlud1lyRHJEMGxmVzhFVWdQYkRacW9yUDFxNTFOV0FjempnSEJkLUl3SF8zSnM1NDA3cUFKbDNZbW9lVk5KYg?oc=5
WARNING  trafilatura.core:core.py:320 discarding data: https://news.google.com/rss/articles/CBMiugFBVV95cUxNUWQ3UzZaY1JCdkpMTC1WYlZKWXhZU05OZWpYVS1rRHZXcm12NzVGaC1LbzZfTmVDRkRCNVdwdjRUSEhxY0VyTFZNSXExTHotVm81T0toYWdldk5QbW1lenFnRWRDWVYwdmd2M3dZa0pUdjMzdWVCZGd2bDdfdU5hajJaRDBsYnNmZ291SHB4QjNqenc3YmszOFd4b1QwNklfRFA5Wk9wVmFkMjRuYVNGZHNXYUNoVENvaUE?oc=5
WARNING  trafilatura.core:core.py:320 discarding data: https://news.google.com/rss/articles/CBMizwFBVV95cUxOUXVaakpsU0lUekUwMUFYaWRYRnJrNklwdWhmSVRpcDM2ZE9nTFFJXzl0Zk91T1N0VTdnNWQ5OHlCa1E1ZUE4MW5WbUxiRGFXMWVFQmp3ellwOGFXQ1U5NHVaNW9UUDJsVURjR29mR3FXSnJtV0xWZTZmRzE5TUVfTXVWdl9rSUQwbUNtRW9Tb2JZLVpYT29YRlFXOFRTNl9KYkZiLW5EMF9xLUZKZHZ3el8yMk9xMWprYzNteVhhX2xVYy1ja3Qxb1k0X0I5Ums?oc=5
WARNING  trafilatura.core:core.py:320 discarding data: https://news.google.com/rss/articles/CBMi0gFBVV95cUxNWFJybFBxLWFFeWlNSzF4SDR4ZDdCQW9Rc1psdm9LWExJYTZ1OTB1MVNJa2NUck1WSnZ4YWRLZm5pWFBMMlR0NjVHZy1vOEx5WmxVd2tyVk11LXIxSlZsaU1udVo1X0pHM0cyU1J5MDRvZ0hFQUNXLTV3M0NUX3FxRHYzOUtZRkk5NTlpTnRENnh1RGF3NF9kc2UwUHFpMlBsRnVqclROZlhsdV81MzloR09xRVM2bWlNajF3T2l2ZWdxdGxHdGhiRnhNZE9tTUFBbnc?oc=5
WARNING  trafilatura.core:core.py:320 discarding data: https://news.google.com/rss/articles/CBMigwFBVV95cUxNWWNDNzkybFZxQVE5dnk4ZFBjUEhNWXVYclg3N1hteVFrUkZTdnA3YjcxRVNaS2EwR3BGV1p3MWpvaVZzZFVsSmJKTTduNGNVLS05dV9tbzlPT2pzZjFhN0lKZ1l5RDJXOHY4RVVCbXlvTE9fWGRwbHVNVUZvMmdkWU1aMA?oc=5
WARNING  trafilatura.core:core.py:320 discarding data: https://news.google.com/rss/articles/CBMixgFBVV95cUxNZmVjU1R0TVFVeTUtSUhQVVBHeHA0R05uZXh3UlQ3Y284VHJuazNVMks5X3Y3VGtaRG5GOHZXUHlJeDdmNlkybzA4YUFFdzBLQTJDOGRkUDNzRU9LWWYxWTA4aElWM1czeV9FblVGZUFwOUJsaXEwU0pfU00xSXlnbEl6bEpGWDFFZ242S1I0eXczYUdaTlAxRFl0Skd6NlVKNlJDZVl2VWxXSXBUVHFaYU9RWEFHeE9rbnU0U3NsTmtCWkJOZlE?oc=5
WARNING  trafilatura.core:core.py:320 discarding data: https://news.google.com/rss/articles/CBMixgFBVV95cUxNcUFhRmw3YV9UbXpUaFZ2MGFlTVRzT0xNSi03NVFTX3M1NlNxQ0staGdBSENxNDlzUE1TYWdSN2N0M0tReGhjaC1GbHpCbVJXaHo3ZUdHUjQtWXU3VnRMbTk3UEcycThTT0lVQXdVWElMUnlKMWhvQTdHTTc2LTF3bDVjcTBzeUMxcmFxakNKSnMwRW1tblp0UkN4UnI5eklQVTlLdXJsUloyNUpFaWJmVGY4QlZSUWFKU1ZzdnNfWTVOTlViTVE?oc=5
WARNING  trafilatura.core:core.py:320 discarding data: https://news.google.com/rss/articles/CBMinAFBVV95cUxNNGY0UXVhMWlvOGNlZVV4R3dGWnQ1c3VFT2dFQWt4Y3NoN0d4OGNfZE9MbFU5TXk3WmRHRmhvUVg2U0lBZTh6WWhvN2xZWTR2cUJOVDk2VUhOMUl0bW5kSENuNk53S245aEpjR0xCUV9fXzRKNmVab0RqWTlVX2xDV19FTnJPLTBHbUJ5MzNSRGtVa3JYNzRlWG1mdkg?oc=5
WARNING  trafilatura.core:core.py:320 discarding data: https://news.google.com/rss/articles/CBMipwJBVV95cUxOWGFxUGtXRjNRVE0wV25uWmJ4ZXRTZmNNMGNfaUQzUkI4RWhYU1ZTMTVLcTcyOWoyV2w1cmdTVGoxRDYxVW5rWHJnU2RjSHlWUWRsclNGdFh4Y0s5VkRPVVhJRll2MlhPX3FteDRZb2lfOVA2T09aOVBZYnFxdHhhUU1XTHg0ZFpvdGRmdlVNRTVxTHprZWthbnIwaGtwUGp6eEtfVnZkTzdpTlk5d1lVc2FVaU5IYjNTNnl6dGNNX1c3SE1jcE9JcDhDQWlGV2FiMkkxX3ZyaTJLYkV4bkRlUHhXa1ZWSzhGay1zNHdRMEprZURFaktwVXNVR2J4NkQ5Y1JoeWE2WmNwd0htT2tnNkNvV1hPbi1XVEtkeXUtT1dvaElrSzhr?oc=5
WARNING  trafilatura.core:core.py:320 discarding data: https://news.google.com/rss/articles/CBMiogFBVV95cUxNd0lfRnBvSU5iVE96RlZFT2pQMm5HWGVELXFvT0tBNW1MeVJfMzBveVVONGxlR0JZS3RVZTltd1BjMDA3WlBnN2FyZkhFNmF4RURUMjctOVVqWU5wOU14X1FEQ0pGdjdQSndTc1pCTXROcFZaU3RVakJvZXNRYnlvOEdzeWNvbnBBZzF6TzZOdXRWODB3ZEctUFdQQzh2RnVHU3c?oc=5
WARNING  trafilatura.core:core.py:320 discarding data: https://news.google.com/rss/articles/CBMimAFBVV95cUxPODhPLWxySEJKUWdvZUZWT3BVSDV4MkdNMmJDek1tV3l2b0FUQkJXN01qcXRzUk1WdmFfdDJNOHNNc0tKLVRiMjFVZkRVZGxRbTNMcXpxQmJFb2o4SXRka3JEM0hoZl9KWTB0TlQwTGZfelNpcmZjMFRfMGJzYzhxNDVDUVFnako1aUFERktPLTBQX1NoY3pRYw?oc=5
WARNING  trafilatura.core:core.py:320 discarding data: https://news.google.com/rss/articles/CBMisgFBVV95cUxNNHk0MlZHREtBZlh2S1h1YXg4VDh2V1doVzZENm5mMjUzeVU3YnRfTmJpT1ZMczhPTENwS29ZWU82QzlyM2N0cURVZlJOT1hCOUNCcDcyNlpOWlR1RlQzbnlHS3NPVTVFTkJkYktEc0pRV1U3LXpzYUlFMHd2QjA3TnpTV0I3bzVRcTNVT1lLWGNLdlFIRDNLU0pJQ2ozNXQ3V1dBcjk3LVNSZUtWNlJuNWpB?oc=5
WARNING  trafilatura.core:core.py:320 discarding data: https://news.google.com/rss/articles/CBMif0FVX3lxTE5SQUxBM3g4eVMtT25WcnozZGtTQzhGQTQ4QlExM2J2VmtDTXNDcVdyRVUxaHVyMHl4Y09FWkhOMFliZ09yMXRacUgzUHlvRmUzM3pzeDN5VXpDMER2RGpGUGs1TU5kOVV2Tkw2UDIzVFlvMlkyUmYzYnVwY3FnY2M?oc=5
WARNING  trafilatura.core:core.py:320 discarding data: https://news.google.com/rss/articles/CBMic0FVX3lxTE4wbm1LRlVBRG1ERkNlYkNXc3dQUnBmdHdyclZnY0dCSmJmSk9sXzFpbllMVlNSZTBUMXAxTkhWX0xiOTlPbDhLRkRjZGVUUlgtSTY1cnZOSl9EX1dEX2tNRGlfdnJBVUI0M2FDNE5vVnFrVW8?oc=5
WARNING  trafilatura.core:core.py:320 discarding data: https://news.google.com/rss/articles/CBMigAJBVV95cUxNYkVyWGRQTDZiMnlZYzkycFp0S0luZ2k5SlZ3TW9RMkpRb3BBSEY0Nm9TMWlqMEE3ZlBqZWw0Vm5lWHpvV3lGNUUzSGxtdHRBQngtOXlRZi1paHlIT1ZMZE5UVzRVSmN3TTdvRm1RbzBfMWQ3eVR6OVFPcFktbFkwOWxSZDBFNmlvWTdGa1pHNW8xSDQtd1lRRTltUkZ2bFhmWnZfU09IaHZvTzh4aWxKT2lDaXBDWWtnU0lxdkNkZ1NUSmZYdEUxNU1TdFVTdm5aR01tU3gyS1JMSFFoZ2hIYnFELWJnck5vWUx4NFc2QktoT0stRzNxa1hwX01QRzct?oc=5
WARNING  trafilatura.core:core.py:320 discarding data: https://news.google.com/rss/articles/CBMid0FVX3lxTE0yNUdBTjZtVGQ1STdRQW9kT1p4b0c1bG9YaGZTRTNzdTF4dmR6Z1Y5ZmNEQV93eXdGVDBTcGF0LU9JMU5TV2xfQmVtTzJWLVItVHFmOFVCT3Vud1M0Q25uWi03dkYyQWYtdHFuWDNnZkRybFQzdWVv?oc=5
WARNING  trafilatura.core:core.py:320 discarding data: https://news.google.com/rss/articles/CBMixgFBVV95cUxQQUFLWXZoNU91SlFNbXZwQW1xTVRQYmZ6cDZRQWhzNEl1NmwzOEVaVFlialNRR0d0NFpUb2czazZCVnlIZXg0NUpYczNfMXlqbGd6NFhEckRTcHdPdnEtcWtkVkhNWFlMRTRZRmdnMnFXN21PT0VJajUyZEFfV1J2RVZ5cHRKdDhEYVRfbGRCMkhpTGljOWM2RHY2cGgzd2YtZEcycHVLZlRNTHMzb09nYXQ3MXVVYzVmX1l1SU5WY1F0QTJWWGc?oc=5
WARNING  trafilatura.core:core.py:320 discarding data: https://news.google.com/rss/articles/CBMikwJBVV95cUxQX1ZIRGpJSnZIMHQ3bVdIdTUtRGlVanJYLVVDcUNqT0RNT3VYTHhpelctQml4MUtNaUVuYVNqOHViU256d0ZaSFM0SDV2QjhJMmI2OXlOWkktSENMeXVSTmI2N1NINmZnVlZFTHRiV3pnbXppN2ZTVGF3SlFhUDVuaThHaW11VXd5eU9Zd2g4eVk1RmRLbkNRMXhWblBaZGZRT25majJldGR6Ti0yU1hzZDhhd2xla3llQVBPZnd3cHIxaGhKLVk2UTlWSUU1VXNpMVF1NkVrUHlVeFVJdXNKS01PRzY0U3IzSjlaMmNHbUswblpaU1VhOTdiWjFhV1Nld1huQUtldjVyZnFJbzNYSGpkbw?oc=5
WARNING  trafilatura.core:core.py:320 discarding data: https://news.google.com/rss/articles/CBMigAJBVV95cUxQbW82SzBYTW5kRDZtd241TGFLc2dqQWVZSUpabktkT3dzSTZTZmE1Z09QTFVLYktkVDdMX21TdnlvaEhYa1RpVWMxdWdvVkRENGFkdTZ6TkNHb3F4cGR5TjQ4YTRWMDBEbmpGOHVyMWRIeHlZXzF6bU82WmhQSEo2VjdFeE4weHJ2bFpydEt6Y3AzTjlGVVJ5ZVNIM3FfTHFOVExKNXBPeU5qLXJ6VXN5a2s0SEJpWjBHamRYQXFqaHJ0eFp3ZDRlc2hHa0hWa0NOV1drS0RqSVRkSExRLTN5Vl9vWHA5Mm9PaTM3Nng3ZXlUSDFKeWxpTmdGc0RiOG1Y?oc=5
WARNING  trafilatura.core:core.py:320 discarding data: https://news.google.com/rss/articles/CBMiZ0FVX3lxTE1QYXk5dU5PYTdNTFVud2FGeVItR3h1VDZNdXE2cC1hWURveHM4akd5YWhTSHZienhRY05EOFc2bWxBTWhxNWV4VEtkN0JaOEhsU18yVldCS2NEV3gwQkhJcFJjMHQ4UTQ?oc=5
WARNING  trafilatura.core:core.py:320 discarding data: https://news.google.com/rss/articles/CBMiiAFBVV95cUxPT0g2SE5aaVJfMzRZZDBhMnJQcVFINzJ4SS1LRXdPaTdtcWlPdWFxWFNsQ0xoZE1DVzhhT2x0aTFWelVUWURLNG5HWXUtSmEtSEYwWnpxNXQ3TGJESGFtb3c4Z3htOFR5ZDlraTl5RGRaQ3lCbzJrZTVkbG8zTEVSR1h0bmlWdmJy?oc=5
WARNING  trafilatura.core:core.py:320 discarding data: https://news.google.com/rss/articles/CBMirAFBVV95cUxOdFlENGxzLXJRYkdKenhsMm1hMnBQTW0zckhkNERxSlhMSkNweTNJbW5QRmM3UWNiMkFHdmlfOG1vM0JxbDZxX2dGdldDam5CTFU5R1NveEg4NzZFdUs4bnFVUTAwMl9MNzFZbjdNWkhhMHVlX29sTl9fcHV0bERMbG45TWdCME9fQXhmZkkyRi1zQVZvaGhhTmtfUXdWdjVNSzNqQ2Z6VnIwV0F4?oc=5
WARNING  trafilatura.core:core.py:320 discarding data: https://news.google.com/rss/articles/CBMitAFBVV95cUxNSlZFZl9SRS1DWURFYXd5WWFLQk9rb1pkemltNDJBWFJPMGt4WVluSlBfaWhyT3FMelRkNUZiWVpxZzFWbmhGVnBNcTRJekZLZzdqSU02S25ZRG9qR1FQMkVxdmZZYTh3N0JXUTJ4alg0djRFTUo1NzdfWWdWY2lzREd2WlVJY3BuYzBsMVdJN2VrTW9NLU0zWUJrMmNIZ2pZNXpWTnY3RHZrOTVNMjEtLU5TUVQ?oc=5
WARNING  trafilatura.core:core.py:320 discarding data: https://news.google.com/rss/articles/CBMigwFBVV95cUxQTkliTWJfOEZRRHZ6aUJNYlBKd3lVMktib1V0UTVWcVR3U1NXOGdvdGNWeXpISkd3RElObkJmWFlRVUdmMmVlZ0dhT0d1YkpPb2JVdFhKbzB5ZTF6VzdzamZ0WkE3T3lKV1lfdVdvY3JvR3JGNVVwYzVfaGNFTGR1bkI2UQ?oc=5
WARNING  trafilatura.core:core.py:320 discarding data: https://news.google.com/rss/articles/CBMimwFBVV95cUxNZ01iS3V4eUhLb2MtRjZiUlFaMUNWVm1UR0ZhTlJsa01uR2taeVZwWFJnSFN2aUFYaEJSSE5ndEc3Y2tZWVZmMUVCVWlya3NVWVgyYUlnbU4zOFZFNGRyc3ZLOXlURHg3bDFDUnF5V21fYWk4OFA3ZUwtU291UVdHZDQ3MW56dk9VYTFIX1JWRXJMSHJOY0tiRUZjWQ?oc=5
WARNING  trafilatura.core:core.py:320 discarding data: https://news.google.com/rss/articles/CBMijwFBVV95cUxNSklNenlOc1M2NFZGdWF3cFFmaXlfbEVhdFM4UzBwaE0zQnprZ095dWhBTlRrMXFOVndsYmpEQ0xvZWZHeldXS1p3ZUg4Um5vLUpMUTdBWE1FakYzQmJ2dmdwWWpKNjBTWXFrdUZJQkVsOUZUMl8tcXQ5ZG9DRFFkVlZRRDJGcXhZakRDYTR0Yw?oc=5
WARNING  trafilatura.core:core.py:320 discarding data: https://news.google.com/rss/articles/CBMi-wFBVV95cUxQMm1pdm5NVnVhalkwVUQxVlZUR1pOQ0UxVkplY0w4THhkcDRfb09Fc2tFRUNuNHpwUUdUeVBUcmdDMDFaQ1RHWlYxMWEtMHZiaXZSOU40SzRZS2g1OTVPRml4cWJUcVpjUmNqV1pja08tWDhFS3BOY2hfcFljT0NqanM4M2lqV1cwVlAybGNsN0l1OWd0VnJlNmE1NEFhRHNHa0c4cWkxLVNYaW03OXp4b0dIX2RwRFBWMUZwbE02Y3NmdWk0UFVzcnlDZGx0c29lVXhna0Z0c0tyVnhJd194NlNYS1BmR1UyUEo1VlR5cVc5YkFTeXUwQkZsZw?oc=5
WARNING  trafilatura.core:core.py:320 discarding data: https://news.google.com/rss/articles/CBMimwFBVV95cUxNbVBnbmZpcGhhZlpVajB3c3VxYy05U1lyRjVPb3BMY2FNeGRBUnJ0UjNILThuMlRmOWpMWmliVmJqQ3VhM1VXRUpmaGotR0FPVHgzWkItRHBwN0dkblloQk1YQ3pVNlNQNUpIRldYUUhsd3RDMEJsTkswdXpOUU5wTWpRT1gxZjhjVERRM3lRWmU2Q2ltZGpSazQxRQ?oc=5
WARNING  trafilatura.core:core.py:320 discarding data: https://news.google.com/rss/articles/CBMikwFBVV95cUxNbzZlT2ltM3l1bUFrMkVYai1XeDFtTlhPLS1JOWhnLTdkNDFJZzdoTkVQSlhVRk85LWt6MjZwM3dXaHRGU0xMS3l1Y0Nhd0pmYzhrVlBRQTl4djZXOTJXdk91QXgzUEx2S2JxRjBVMnRsR2JCY3djSmFsZDJmSW42TDFzSTZDQ0tfajhUSHl5NHJoWkU?oc=5
WARNING  trafilatura.core:core.py:320 discarding data: https://news.google.com/rss/articles/CBMihwFBVV95cUxOQ2syWGhmZU10YXdaWk9vWlpoaWlsOXp3SGg3TXZFdEFyQm9waHZfOUFIOVAtenNFM1RJTk84cXFEOU1ZNzNMZ0VVNm5vX1pPSE0zMlU4bTZRcTNtNmNTZERHR1hCbVNFM2tFNC01Z2ZTeF9qVmppa2p0clNWRUV4b1ZWck9wMUE?oc=5
WARNING  trafilatura.core:core.py:320 discarding data: https://news.google.com/rss/articles/CBMiqAFBVV95cUxOTGtGd0VMSHJsRVp5TU1pTjY3T1hOYXhxYmRwdlVUOXRpUHlxc185X3Qxcll1eWtnTC1aWkpTNGxuS2NBMmtwb1B4OWJNM2U4cWtTLV9FbWdKLXVHbE5aVG1hUXpxNlZJOU5fRVJmZzlrd2FzT2xYQjZjcVpmblVMZGF2MElRNC1FdVhzVFRRTDNQTjVLQ1BqTzhxRGQ5TEYta1gwWnRGT2o?oc=5
WARNING  trafilatura.core:core.py:320 discarding data: https://news.google.com/rss/articles/CBMi5wFBVV95cUxNMktVWGNES0lrb1ZlN29paHFLNkJrb085MkhrcjFfeTh1U3phX3RPT1pkN3BhVHRJUlVWWVh4eTRhdWtRUnQwV3l3Tk1zdHA5UkwzQmVvODlKU18zbnZyT1FVazZtek9UY2x1ZDVrRUVDRk11bVRYdlk0aEJ2aE5ydjBpVmlQR2pUbHVXWWRVaC02dkZSMFN4Ty1GdnktamM3c2RWTmtPOU44SDhtU0NuTjJiWlFfU0xySXM3VS1WTExnRTFzTjB2ZU9oekZCcTNzVnVXQm83bXJEM3dNdUZkTzhpRDdfU0U?oc=5
WARNING  trafilatura.core:core.py:320 discarding data: https://news.google.com/rss/articles/CBMihwFBVV95cUxQOWFjZWhYZllweEdRcTV1Z1ItM29KX25odTFhSHBwUlpTTDFWbS1QZUNIY0Ixa2tOU3JjN1hCVFFjbkxNaFJMSGdnQXExRmpqNll5QW9lRkpaYVlCMHNSb1hJeURWOWtHdjhJSUFyN21MVHZXb2M5SDYzUWhQa21TTFJWZGFNeFE?oc=5
WARNING  trafilatura.core:core.py:320 discarding data: https://news.google.com/rss/articles/CBMi0wJBVV95cUxNR3BneEc5OFlfeFNSbG5SV3NzSVZ0RkVHNkR6eFZXWHN1TzhLTy1uc3BSZk9BTWdtRnQ5cVVOaVNUUUJ0RWVhelFPcXVWNV9vUXRWMkxTUEFVRk84ZkxJdFZTdmFaWDlyWFpwUTQyQmJ0a2ZUc2h0U190VTN4U0YwZWdVdWYteGhnUmI0U29pc0ctQVN5b0lPWkVjWVhWVWJheVR4N3NBYk9DZnVnS2xWWUhNTjhKc3Z0OVNvOVNUZU1qcnN4c0FDNXVReWktb2NQZEFSbWpsbTk5aWJINVZzWHVTd2Y2M3o4U1d6SEhEdzVPcnczYUl4SGg1THlSZnUwV0tMTGxIV0dTRzl3OVJnUlRtYk51dVhWM0pPM2NPQjVMRzNKd2RMd2JTQm04b0todmlpOFRiNG5Db0oxUGlGTXZkU0t3SEJsN1ZmakRyZjFVeFE?oc=5
WARNING  trafilatura.core:core.py:320 discarding data: https://news.google.com/rss/articles/CBMiqAFBVV95cUxNV29DNFB5S19MZXh2Y3l6Ry1vVmM3Z3hwdm1nSFlBRDFobmNjSVRORzloTU94SmNjTmpPTk1KNFpYNmhIWjFfcVhCZlg2X2pNb0NYXzV5bFhOdGd0VEM1S0p1VzhId29vTkhER3lnRm9pSXduQkh2VjJxY2h2eFoza0ZzNG9EOEpubWpuRWlhcEFETndvOFUtMkFkTUZYS3k0a0g3cmtxZFo?oc=5
WARNING  trafilatura.core:core.py:320 discarding data: https://news.google.com/rss/articles/CBMi0AFBVV95cUxNbGswTHJPajMwZWlZa21BWFE2cnowRDNiYk9RQnUxTTRHb3ZoRGJEOTJvb3VmNHlaRXUwRFM3REJNanhhNTR2LXBiUmU4c1RqSXVfOWJ1YS1xTG00c0NiWmNDRmhaQXFWcnpyXzRoaHNvam5FVTl0QjU1TTJnczdWYnJaU19xQmZOR3h2VlNnRThwRk9RdG9aVDd6ZGxHUGUwamcwRll1eEN3Qzh6RnEwblAtUUswMXFfOWRGbVNMM2NkXzFFaldTS20xY0NQV05P?oc=5
WARNING  trafilatura.core:core.py:320 discarding data: https://news.google.com/rss/articles/CBMi1wFBVV95cUxNTUx2NF9PZ1VJQkhEYURSMEpFMm1iMGRITmxkbk5KbGdEOEd3NndkTEpZbmlXRzE0bFhoOEVmRzFldEwwRHZJX0FmOFZ0RklPVDFKOVYyYVJKUlh0SFJLaGpTNXhpdDFhU1JQR3J0WGNVREEwUWV6UmE0b2RGYWVBdHdVZ0pjR0s1WWM4bDBRMWxQUEpBNGxNTFo1TmVpMHVicWlRR2Q0U09KejYzRHNucW14YXZ5NmVDSUpZdkRKdE9GUVFIQ2g5T2VMUGh1YURSdEtNU0NZONIB3wFBVV95cUxOQ0VmUnA5MldPYXBHLWZ1c1JCSzc3amhoMVBmSFNmN2VUQTBlYzhPaGRkVHZxNVZ3X2VzZ1pMcV9nX2tfeEhRUlp0SHdUSTV6OTlWVXdTeTZ6UExCd1JaVjU2M3g5WUoySzBCYjNrVE5DVjRqb2JjSUJqQnNvTEU5QXh0Zmt2dGtzbThTaW5uQzFnb0o5ckdLQkRoQmdJNGVMbU41SC1IT0FEVVA5ZXRDSXl0bXRJdVNfRkFfNXhDUzVVX0tPeGRvaktMcDZQY1lFYnloMjZtNnZXMWQ4N2x3?oc=5
WARNING  trafilatura.core:core.py:320 discarding data: https://news.google.com/rss/articles/CBMi4gFBVV95cUxNTGxLTGozcGVfc2hiVUg2YWFpTFpUcUJ2S3M3cERtbnRldmZoS2FIOUlXRXR0dUpBVkhJRjV1SDQtRnBGQlI2R3FhS0VncmVKaWVfbUhodzlDUXRsQ3hOZkx5dFNpcUxBQThGYm9zcHJBd1JnSTYwelBTMmprN1V1cmo5YndzTFhqTkJpZTZUd2hfTTJBdjIxdXh6cmpPeFppYXBERlYtdWlYNW15ZWF6SkNXLU5WSTh4MV9ORmcyQy1KSTlkZHJRS3NETV9vc3ZzZEtYbGkwdzJ5YmJseGFrRzJR?oc=5
WARNING  trafilatura.core:core.py:320 discarding data: https://news.google.com/rss/articles/CBMingFBVV95cUxQMkNmcVVScEYySzlvNWpvYnY5QXRGSl9Fc1VhckdBcm80dmdRX0RZYlBHQ0Zpck9pSm92cHBQa3dzdWMwWEt4bFlxVThpRmc2UFZLTTlmZnlPTThBcjF1SGNxNFVRY0lRbG1sSWhqNGstZ1FsRndLUWNnazc0M3U2emNFbk1hZjlqMkR6ZGNWcVpqM0pWZUpEZFVqZ1NQZw?oc=5
WARNING  trafilatura.core:core.py:320 discarding data: https://news.google.com/rss/articles/CBMiywFBVV95cUxQdDljUEpxZEltWktFWnFMYm02MGdoQ1pJR1VlakpJSlloc1lxaVJRd3c0bWotZERyV2FtVVZ3cWFWU2ZOUG5qMzg4blc0c215bmx5dTZyRlhBVkZ0Wm14NExaekZzM1hLN2dKYnRqZjBURU8takhKMVFHY2NyczhOZ2VhMXo1VFM2MUVSaEZJNW12RlNYTGNPd0lycnFnUlVuendUY0JBTnI3UUg5N244MkJRNDMzTHFVcTBxRTVVTUV3VFVOcDRITGRaQdIB0AFBVV95cUxNRTlmZ2lMeEdMaUN5TW1YTEdDOFdhSEk4aTZpY2o2RExENjBqUVYwRjd6cTNVWjAxdUFiTURqYUdFN0tXWmg2RndOT0VQWnY4R2hESzJxMjNNREpMU3NDdndaT3ZrdVlmYnVUNmM1MjczTkctQS0yT2kzZ05BUTVBT29UMGhnTlV0LU5VeTlXQnktRnFsZVhfMEh6dW9lemlsZUY1Z3Yyd3RiZHphZ01seWlMdGdiVTMtSi1PRUk2R1NpeUxNQXFGUVpBcFlPZ0tT?oc=5
WARNING  trafilatura.core:core.py:320 discarding data: https://news.google.com/rss/articles/CBMimAFBVV95cUxPdVlzSVo5ZmFvT19WVUNFckM3dUNTOUJRck9kRlNqMTRaMlFFdnJNZU12aTRvTThpRjEycFZKVFN2VXBTdkJBRmFVSm1Qa0V3UnpqRlM1VEFWSjZKb2N2bFlUUWxLWUNTT3FmR20xOWlZdVpIN0V1TFdtbWRPN0l1dmtQdmlSclpHZERwMWdNNmxSUGdtanZTZw?oc=5
WARNING  trafilatura.core:core.py:320 discarding data: https://news.google.com/rss/articles/CBMi0gFBVV95cUxQbE5ZREV5SGs2eGpvYUpFaUpUMzRZZHpWQUNPUkx4bjJlWmhsTVZESmRvTGIxWFBQMEdYb2kzUXMxaXJfdU43ekFGUG9KUElZdElFbGYtcUxTU2R0ZzB4bjFHV080R1NXNnVMQ04tWlJFZWtKMHlEVUZESG4taXhFNTdZQ1V4bGJjNm9SQk5CeDlyNkFzUmFLclM3R095TTltTjhoZjltanlIOXNqTjRsVFpZcDl2SUIxLW1jbWNycXZEV0RnellSR3RreWlUNDgzQXc?oc=5
WARNING  trafilatura.core:core.py:320 discarding data: https://news.google.com/rss/articles/CBMimwFBVV95cUxOZDlXZTBJWnQzNDg0VEp1NjRUN0VQcHQtVFh1S3J0T1YxM2dLUlotaDNFTjdjNzluQnJTSlkwTFdVbEZCUGNmaWN2akNqbFFHZ2tab2dfNk5zNktkWm80QzF2Z2Y0Q29CdTNWTkpwN1piVE8xWHRfMWk3dmlFYmxuSzBRYzZNMjBDM2VPcDNVYmNSWkZCTURNdmxTTQ?oc=5
WARNING  trafilatura.core:core.py:320 discarding data: https://news.google.com/rss/articles/CBMingFBVV95cUxQTW5IQ3RjdmxERUhsWEEtT3VTQ0k3UTlncHZXZUZ0eXF4RnlpazRSQzk4dFVxQ2VfN3hTVi1waGV6VmpDc0ZHSkFmNzZHODNQLWluZWluUVpUZE4xSjA2c2FEM3FLem16M2ZwaU5Pa25Wb3dWTXF4R3lnSFhVSmNpNm55TE9QMG1CQWNmeUVSQThjWDZCQThXckotbjN6QQ?oc=5
WARNING  uvicorn.error:evidence_validator.py:30 Conflict detected for attribute technology_profile among 2 sources
WARNING  uvicorn.error:evidence_validator.py:30 Conflict detected for attribute leadership among 3 sources
WARNING  uvicorn.error:evidence_validator.py:30 Conflict detected for attribute market_cap among 49 sources
WARNING  uvicorn.error:evidence_validator.py:30 Conflict detected for attribute technology_profile among 2 sources
WARNING  uvicorn.error:evidence_validator.py:30 Conflict detected for attribute technology_profile among 2 sources
WARNING  trafilatura.core:core.py:320 discarding data: https://news.google.com/rss/articles/CBMioAFBVV95cUxPZjRtalRPSHVCS2NPVEhlaEFVUGstTmNPQUhRUVZvQW5scVlkTF9YOTI0RnBMTGFWTGFnTE4wZnNldzVTUUllalVXcDJ1MTZSX0wtU2V2OVJheGZzNG5fcHlJVFJqemxKbVJCdkszNl9sWm8tbmc2bWFGUXhqclhZNlZXZ1FPQ2U2RzJpRTdnbzFIaXRBZEdaa2k3cEFvQktz?oc=5
WARNING  trafilatura.core:core.py:320 discarding data: https://news.google.com/rss/articles/CBMisAFBVV95cUxPZzhqQnF2ZVJSV2RpNWVfaFo4QzJkSTRKaldjZHpSalZOMW1VRnNLQ2R1MFRGVzNVS0VzcWt0LWFYelBFbUgzYkxwVUI3TzBfdVFkT2UwX2lvSUVKXzZaWDJGbFJkYUR4U0FMSExGVlNGZkc3eURVcGI1eFphTjQ2VTdiU2FENkxVZlNoV01sLWtiN1dIUl9zdWdrZDVoTUxBQWFWYkVFYnBUNkdZMUsyLQ?oc=5
WARNING  trafilatura.core:core.py:320 discarding data: https://news.google.com/rss/articles/CBMivAFBVV95cUxNUXhFdWlpT3kxWEM2cXkySklsX0FuOVdOU1JadkNMVVNLTTIxd0lmOUpHamVfSzBHdnlTdm93VW83cm9lZ3oxQ3RyZTZ5Q2dUdVJTYUZJQWxjSGNueXJLUVJ6aHdmOFBvQVdoNVBPckN6b2ZTLThRNVJsOU0yM2w2TWxDdklkR2JHRDVmY29kYnhMdGdqT21jZDhDUkU1dTJ3ZDNKUUdtWW5Nd2x0bVgyN1ZGdk0zR2NOZjRSZw?oc=5
WARNING  trafilatura.core:core.py:320 discarding data: https://news.google.com/rss/articles/CBMiqwFBVV95cUxNYUZ4a2d2QnlxeDhNQk1DMHRPWFNMTVpHSmhVX0xPeFhKdkw3cDMwYVBzN19lRXBaaFl5elV1aHhGcldLOFhlNFpFTW5IbG82X0tZZ091dGliUHZna1VKS3dDRWJWRHBLUHdYSWhBNG5kVmZ6RGVNZHc4ZWdTSFN5RGYzbTA4Z1l1eUFoU2hnd2lpSVJwNktpd0Q0bktjb0xQMGQybUJJQmpCQzQ?oc=5
WARNING  trafilatura.core:core.py:320 discarding data: https://news.google.com/rss/articles/CBMimAFBVV95cUxOUWx0Qi02VndOV1hvUzV6YlZCSmdYcnhxNmNKU1FTOXBSWGZlcmZqai0wVlZsSG1KT1c2ZVhUZVpHaEVmejlXRjBpbkZ0aFRXdThVTm9PU2ZGVHJDNlVMaUJFZFpBX3dXNFhUOHRKOXB2NHlNekQ3MktpTnp0S1NFV09aNldReU9ONFNOWS1QQnFmOUNXVF9Uag?oc=5
WARNING  trafilatura.core:core.py:320 discarding data: https://news.google.com/rss/articles/CBMikwFBVV95cUxQc1F3SERaREhyMGozSTZicHd5amNTN3BNeFVBcEV1UU5tNjMtSWhDQWVmLW9SaG1HNDRZQkMxYlpybEo4N1pXUmxwUHJLSS1tWDNrWUp5YzY0REZmU0hFWmlWTUhtSG1EeGo4N0VyM3hQcFpfa0FiVVdFbXVwQ0NxR3o4NUU1LU1IaEFPQjRqVzRLQk0?oc=5
WARNING  trafilatura.core:core.py:320 discarding data: https://news.google.com/rss/articles/CBMijgJBVV95cUxQWU1sZm44X2l3akQxMWpBTmZ3S05DTEdDdGZKZC05ZWZ5aHVZRE1OajVRemZiR3dxc1dhT0dvYy1Gb254S2dRdUc2ZzRVMnc5eWhtQjd3QWNGMEEyNDdqZFJOcm1TVUtWSXFjRWNMZERMM3BhdWhPb1YtZGdPSjhLZklsbFd0XzdZUXBKcjV2NVBlWVhEeG1POXdMM2Y4YVlRRkJUNkMxNnEtOXNjNUVqd3B6a0txTVkzekpGcG9GQlFDM2VuSGM1eHpLNVhzV2xENlhacldJR3lBb1E5UUJIREhaaWM2djFud0U2OVNSWlY0VmNwZVJZXzNELWc2Rm5KNmFHbEpnM1pqMmo2Mnc?oc=5
WARNING  trafilatura.core:core.py:320 discarding data: https://news.google.com/rss/articles/CBMilgFBVV95cUxPUUVFaXk5Y2lsLU4tcmxiRjM3X1pyVVhQZS0yZjVYMUVqMFF4cHJRVGJjbXBnRTFhOXVpZUh5a3ZmUEVkSFBHcFdWMW13QUdjQnRmUElOcTMtdDN1OXprRDVOM1JFUzRNQTlKVU50UExUWVlrTHRuUkM5LWVoRE8xMGo4YWo1ekJMcXZVUzlCYzN6YzE3VUE?oc=5
WARNING  trafilatura.core:core.py:320 discarding data: https://news.google.com/rss/articles/CBMikgFBVV95cUxNNnFOMTRGZkdhdDlRaHNfbTV1bGRkMWZtd3lwalU1ZEhuR2dvMWcwMm5EUV9OUUpuMjJncjNZSWw5STVxTkV5dUM3TEk1SzZZWEFxQXBleFRnVGM3bkdfN0k2YkpQWEc4UDJSS3ZVSUxPOXVMLWUyWE5ndEZTLUZ0ejBFZFZRUXlidDQwS1RYWUhWZw?oc=5
WARNING  trafilatura.core:core.py:320 discarding data: https://news.google.com/rss/articles/CBMimAFBVV95cUxNM1VWRlljRk9jZThtRGhGbUliaXhFNV8xN0FEaVk5Y3hIdGwxbnFYREszVkVSVXgxcjFHclZyMW1Tbk9wT1E4eVJmdlh5WmIxZUtoRzZqak9VbUV5WWt3RU9OaWVZR0tHLURyUzkzRjZCRENzdTFjR1VXV2FjNzhiRTZDdVo0QklLY0pJU3dfOTNVcTJGby1XTQ?oc=5
WARNING  trafilatura.core:core.py:320 discarding data: https://news.google.com/rss/articles/CBMipAFBVV95cUxQbXZIbzRiVW5zSWRXMU1ibjBteUVXOHZ0VEJJQkRHS3VVeFBJU3RYU2gtQWt0MlcxYVVtZERyc3ZMekN1UE9oQVBjQjVOeEppM0JUdldqV0FJLXZkRm10V2R4aGx5YkRtTXo0T0s5ZzVLZFRHQWMwZ3dkdG9CQlRxZVlNZTYtUmZnSjlNRHZ6MnZ1LVE0c19hZ1Y0Tk1FcndLT3djc9IBqgFBVV95cUxPVW9PNi1JanFYb0t5d2J1Z1FmNl9ldlY0bE1faXEtNnZvbi1ES2FLYzEtZ2thZkxETU8yZkp4WUFjdGUxX3pCQkc0ejdtclVRclFqZG1xZGVjeDJTV0p6Z2RkNUhWX1V4QVJvVmdmRVJhYndmWWZLVkRxQzZXa0poMjdpb1NhY0NxY3QyYURUbHNJbWNkaWxoV191RFQxeURwRDc1ekhBbmo2QQ?oc=5
WARNING  trafilatura.core:core.py:320 discarding data: https://news.google.com/rss/articles/CBMipwFBVV95cUxQS1FNSTF5VHFBcmp4akVaeXF5QWdxcjUyYnU5MkN2QnhWSmVoeEdwN2JpOHFWWUF1UGg4OVFqRGlBTFU0ZU5YUlF0LVZaNURJWTc2OVRKMUFrQndZeWV1RzBXMEVYc191Yml2U3p3S2YteURWTUhIeGF4cjZSdVFiMjU5NHRFejRkdEJhQWU4cG53TGhWeENCaVF0LXhFZzdQTy1DRDhFQQ?oc=5
WARNING  trafilatura.core:core.py:320 discarding data: https://news.google.com/rss/articles/CBMi4gFBVV95cUxPa3ljZUpaejJOVmRMWFhvMVp6UmlzNmRQdHpXX0ZRbzAzTmVIZ3BqTG1Gc2VkUzBfZmlmeUZTQmJBQjNfejFsVUlHQXJWYUc5dm8xSU5KU2prbVAtd2R3bU44aTNyOExmaVNlVnQzUHl5NThCOFZOaWFqck0tRmRfSnlHVDlUendybm5fWGZrZGdPVkh1ZldBVFV0S0U1TVFBbEpPdG90UGwxRHozaFNxYWxRcFI1UkRFbTFsbmtYSktUWW1lZXNXN01iTEdyeTZsZElrbXpwbWhNc1NQb0hXeXdR?oc=5
WARNING  trafilatura.core:core.py:320 discarding data: https://news.google.com/rss/articles/CBMi0wFBVV95cUxOMUR0aFpZSW5pSHBPcjA2Yy1ZR0c4NkpHcU9QZWpWNXFpcUZKak9hb052UVBNUGxlejUxSTZDUndtdUpPMl9FQVRlX2kwT0E3U1luZjBWdEtkRmdLTllmdW83eS0ya2VXZWRqZEd2UXdFM1NOai1UUFo1UXZFVmxjMFdUNkdLaXFkZFBTd2Z3ZUZscmhDMVRzSmFlZlFMdTdqeUR2RTRIa2VFREJlYW02VEcxOVliS3YtcEZJM19sOHVUYnZQNks2Ul9Gbk5aZ0JBYlNR?oc=5
WARNING  trafilatura.core:core.py:320 discarding data: https://news.google.com/rss/articles/CBMilAFBVV95cUxQSlFwUWV1LUxzN2hYT3BHaDByWGRlUFRUNXpZSmRjODJEUWY1R1RZXzZhWXRHRWRFZDUwbjkwQk5iSWx3NGYxQk5xRy1ia01wN3pYb1Jta25aXzJwTlJLbXVKOWFTczQ0bVVxUENqNjV1XzBoSE83SDVVVlMtSE5NRE9xTXRLY2FETlNma1NVdVZfb254?oc=5
WARNING  trafilatura.core:core.py:320 discarding data: https://news.google.com/rss/articles/CBMizwFBVV95cUxQZUoycWRkekFhdURRelBmYWtMdXk3UjVDaTFjeUF2bmJTOVNmSmk0TEoxZVNWZ29Qd2dPaVg2Sk4xb0tKUDJqaTZYTms0N3FFVnNka0J6S0c3NDRKOUFkeC14ZmhrWEJ6UkFIdjNXZjFzSU5vd09CUFV6TGdUa1FENUFKdFRSZG1DZHNtdDNwOTkzbWdYaGtKRURUT09COUxmcTlVTkVZcWpBS042MFJLdlZUTFl1Qlh1VHpxYkt0YlRjZkwwNmcxWV9FOG85RTg?oc=5
WARNING  trafilatura.core:core.py:320 discarding data: https://news.google.com/rss/articles/CBMikgFBVV95cUxNNHUwNUNKRHR5ZkZfZXlWcVpTb1BSQXd0U0RDT3Z2UVA1ckJ1b1FwSHZmVnhOTTAyejZveTRsODZtOTE4RXVzX3VDN0pDNGsxVjFVWnFYVHFvRUV2SUk0S3RaZUVTcm5oeXB2WEpsSmRJMzE4VnRyRnZTcG5xdmotTGtEcjRpZVJodG1URXVGYm5qQQ?oc=5
WARNING  trafilatura.core:core.py:320 discarding data: https://news.google.com/rss/articles/CBMikAFBVV95cUxNZWxBVXZBclZFRDRhc2pmSHBxSzY1TWNSZ2lLQ0hvUmdKYjFwcHZMdzdvTGhHXzZQYzZIUzVPcnBkU3daV2xLUklYT0x6QzJaMFl1LXZPWEtxdVI0RWRxRGVWVEd0bUR1bDBNVm16eGJsdmNvajM3R2Y3SUVkdzFBY1E3SmZZaF9YMzBYaklsTVE?oc=5
WARNING  trafilatura.core:core.py:320 discarding data: https://news.google.com/rss/articles/CBMieEFVX3lxTFB2VHluNTZUeXZab1RLR2NXNXc0S0Q2MGx2enFUb3VmbHNOZWhmTEdGQThEWURzc1pVQmVyUnJrTFM4QjRTeDNDMXJNU1V1cE15djVxUmN1VHJIaUpmM3l0RDJHMnlVYnkyMnlaUV80R1luVkV5cmkyNQ?oc=5
WARNING  trafilatura.core:core.py:320 discarding data: https://news.google.com/rss/articles/CBMinAFBVV95cUxQcFN0c3ZxRG5sME83UmNSN1hETTdSemJHdW9MT1RFZ1UxbGp3dDQyMmhodjFTSnppMFFPV2tsSGwzYzhtLVhGd3dxdlJQY3Q0dGJHbnJCOWRhQWRfNjRGUkh0SFAtLW5JQVl5WFBWdUdpU3RmekNmeml4NExBM2hjRzJjQmxZdHpsSHJRdk5KX1lnM01SdnRiQ0FDZTg?oc=5
WARNING  trafilatura.core:core.py:320 discarding data: https://news.google.com/rss/articles/CBMilAFBVV95cUxQcC1aMG45RUJ1OGRfcTh0OFhnN3dhcVdSNzJGUTI0bnlSX2x3QjZxU1NUWWk5YVltOGwzZXFxTE5iaVVPbHpMYlM3c2VCTmhSN3FwQVAtT0tlaE9wU1RuNjA4R2tnR3JDeUY0VEZYcnMtQm1xdFNHUm5GN2QyUFc1REpsRGNtcHRaVUtoMW13VkpTLW5U?oc=5
WARNING  trafilatura.core:core.py:320 discarding data: https://news.google.com/rss/articles/CBMif0FVX3lxTE1RYjNZLTdYWUlseVFHaXNIcWYxWEZzSzlZdTloR2hHZ3FqV1k0Wk83RVpfZ1p5WDBPTkFSNjhZRk44cXJTUmV3Z1g2a0FfZFhvWWl6NlF5NzhUQVJrM1FnMFg1NE4tY0VRNGtQelJxeGZ4Z1NFQTBVd1VXdW5LbkE?oc=5
WARNING  trafilatura.core:core.py:320 discarding data: https://news.google.com/rss/articles/CBMioAFBVV95cUxNS0lwcVJBdGlHSDBFRE9QWEZwUi1Fd2g4d0Y0cjRWU1llZTVRcEY5YlBSdHU2M0RUSDE5dlNNSURoQXVMMHN1cHIwY3FXeDVsVHNaU1VCNUdyNFdFVVBOeklVWTc0UFZtMDl6SHgwbk9teFVlVHNxb1VuQkZZZHVVaU83U1c1bWZtWWRuT0ZqVE16Yi12UVJvay1VR25mNDZO?oc=5
WARNING  trafilatura.core:core.py:320 discarding data: https://news.google.com/rss/articles/CBMingFBVV95cUxNTXUxaW5pbHhhX2xMdDZ3TVFGNy1Va1hMS1AzZlpZZUpVNkpUb2p4b0pMbWxCZno2Y0FlRmZsRHBLcHJWazNjM3F5MWREVVMzSkgtdTZpX3dwbEF4bzdPSEFQVDBicVZseVkzZmVFQXgzVFNNMVFkcHlXS2dfMW5qRGNWdE9kQWNZR01CSmtKU1gxTVBPNF82MmVFalhaQQ?oc=5
WARNING  trafilatura.core:core.py:320 discarding data: https://news.google.com/rss/articles/CBMilwFBVV95cUxPVzJXY3dabktSQVJGWXRqcUMwb2c5TVlPam1Ud0FmbG14MUNuaF9QMU9TekJjUXVNeUFRb2VkNUxuSi1PSFpLdW1QSm1pSWpzNFJwS3RrQTZyellxcjJ1cFdqdmxseE9yNzF5dk1hamZROHJ3OTFvUmF1TWNqVU1Rc2ZvTENZbEoyalpQTzYyZkRyNmdfR0VB?oc=5
WARNING  trafilatura.core:core.py:320 discarding data: https://news.google.com/rss/articles/CBMingFBVV95cUxPUC1rWUZWckk5dTNzNmdia3JSejI5OG5lR2pFdm96X2VqZmZZYWVUR0xiM1ZOX0x1SXBMVHhfN0JiRTFaUGg4dTJsTnR1end6R3ZHazQ2Q2xyRkdLQk5GeGxWblYxdGxKV3VyYldkblRDclNQUUxNeVFfRTI0WFVWUWVnQXlYb1hlZ0hqaGJoOEdYMDl3X1NDLUVuRGdWQQ?oc=5
WARNING  trafilatura.core:core.py:320 discarding data: https://news.google.com/rss/articles/CBMioAFBVV95cUxNdjZvRVJmU0hud29lckpLUjNhQlZ4Z01DRkNGdG8zQ0pZYjEzd1Z4Tk1mR2VRM0JhZWd4U3FoRjlRWk1TXzM3Um1tcnh3ZEVyYWZ3T2lJcXY0TWcwTXpITDJnejM0aktWVGhXZkVJdElnNTFEdWVILW9FUWZ4ZUJJT0pWTWQ4Rzh2dnNyaGVsVllfNUQ3TTlRRmRvbUVldmN1?oc=5
WARNING  trafilatura.core:core.py:320 discarding data: https://news.google.com/rss/articles/CBMinwFBVV95cUxNQ1ZWR3pZVzU3R0JvMEJTMExMdFpnNmdfcnlFZ0JiR3hDWVVqV2hzSi05X2dLYnA0aXZ2OWpGcmtkMlNyc0pjUGZGRzBnSHoxVzU3RXVvMWJsbVNkZzhxUmM4dU5WdURFU3B2ZDFRU2FRRWdwb1o1MW91NHNMQmFjXzZWR0d0SW1PTEV6TkEzS2g3eTJzendxWUJUWGJZM1E?oc=5
WARNING  trafilatura.core:core.py:320 discarding data: https://news.google.com/rss/articles/CBMiggFBVV95cUxOWVFtMGJFRGIxYWc0Qm1DMEJxVGE4MG9LY1Mtcy1NNUZWR0NWZTZxdWQxaS1pUGJWUzVFajJXcS1EakhmN0NIVmxmNDAzOWVvemFDUkxLSjZsbFRiZHF5ZnVQQXlNclRBckVvcXFNZ0lBb2xJS09NNUZDdHREOERpRHVn0gGHAUFVX3lxTE5LZy12eUtCbzZNbzF0NHBrWWVwTU41SWlBR05rODBfdkg3MDR3ZU9zX0FEaEc2SUpzdV9wVjJjSVpYYmJzTnNIYmo2Q2dEVlIxSTh1bGpkdURSWkdGMi1xWGtKdXdrTG82Zkk2djNLN3NMMVVEcEE0QXhaclZkT2xBRFQ4UHRKYw?oc=5
WARNING  trafilatura.core:core.py:320 discarding data: https://news.google.com/rss/articles/CBMiywFBVV95cUxPWmFDTE4zYjNhdHNQWkQwTTYtV0hMMWd2OS1iRU9wc29OcHFTVFpEQmZHRWo1VE5UVEpIck5xajdqUlJvMTkzOWM1cmt0V2tRLWRtUVBrcFZnb0tsRUNLVk5hWVdtTmFGVTkyNE1XczhvaWJBbUpTQ1VQcjRCT2I0c1F4VlktTlNKRFhtRWZNWDlaZy0yLVZnc25nX0dFdV9ZWGpXOFM5UnZaSWtwdmo0Qk44YWR3VVV1MFE1WlZwZjlIdWFlNHpxdkNXTQ?oc=5
WARNING  trafilatura.core:core.py:320 discarding data: https://news.google.com/rss/articles/CBMilgFBVV95cUxPRHpCMzBPTlFySThjV1ZYNnNrdVFWc3F1azhfd3hlNlNZUmxtSnptaG1IalE5Z012UUJKcmhRRnJCbUtrMk8wOFQ4UUxCN0xsVjh3bExmNXBKSjZLN19Zbk5UX2o5dlZTbG1QcnFWd0d2Q0VPaTJkU2tfNEluSHo1LXZ3bVYyRWdaWW9sVE91R0xERzlpUkE?oc=5
WARNING  trafilatura.core:core.py:320 discarding data: https://news.google.com/rss/articles/CBMigAFBVV95cUxQb2ZNUXd0NlJybXd6cDZPNGlGcXdpUzRsaUhlc1JNX1p2Y1Y4TW9DeUkxMXBDWHJkcGJNVlZabnlFYklXbjdNckZkMGMwYmh3S1hOdG16NmF0aUc5WDhQdDRybHBEZUVhbVdWZzJPaDRPV09NV2lEbnA5R28zWGNqVQ?oc=5
WARNING  trafilatura.core:core.py:320 discarding data: https://news.google.com/rss/articles/CBMigwFBVV95cUxPUkhXQjRaNHlWeHBlUFA5bEtoQUlUcWNnTjNaUWVqelZNaWd5cktaMHFVSDAtdk5ZZkx6LW41RWhuM1prSmY4LVlUa00yVVZGaGd1dklMb0hhMmVZZV9tcGc3U0pxZVRHMjNlUXdXcFMwVFh5NlZUMllDZk9qVXlGeHl4NA?oc=5
WARNING  trafilatura.core:core.py:320 discarding data: https://news.google.com/rss/articles/CBMimAFBVV95cUxQMWdSREhvRmNSSXVFVVUxenBWYTFxMmxEZy13UVZER3JVNVhaVUs2S0o2QUhJdWFIbGprMkpnbDhYMk5ob3BkdkdRbF9Fa0dzN3otX2o2VnQ1d0ZocHZRMEtlMzZyZFRwZnY1djBuZUxkVGRMZXhpbjVrOXQ3aFJ6YWF0alFFYVFOUmIyRHNwMTRpX1ZERmdwMA?oc=5
WARNING  trafilatura.core:core.py:320 discarding data: https://news.google.com/rss/articles/CBMiZkFVX3lxTE9wVTFVWFBab2lDVTRYUk1WYlYyWUF4MHdIZVU4RnN2OVkySDJrQnFUU1VEZUF4ZlFCeVZwSHptTmZJN2xjZkNWQVFHQ0JBVGpLOVJCcE5zLUcwMGItb0RlTFZTSUJaUQ?oc=5
WARNING  trafilatura.core:core.py:320 discarding data: https://news.google.com/rss/articles/CBMiiAFBVV95cUxPZms3QWQ1dWZhYVFib2owWTlmZDlOdGQ3WmhmN1UwNlBmXy1EQWJaMG9XOEVDWk5RNDZMc00xNDhRWUR0R2d3WlVRQ25IM3pTVlRIelJRd0dXaUg4WVBrbmNMOVd3cThiZjFxYXdjUG1pRmpQY1Rlbkd1bVgtNlJuMHE5ZFJVbDEy?oc=5
WARNING  trafilatura.core:core.py:320 discarding data: https://news.google.com/rss/articles/CBMijwJBVV95cUxNMHdKeDNMOWN0NE1Vb240YXBFTF9MYS0yQ1UwdnhONWFBSjNfdHdZd0szN3VJR1BqeDg5WGxGMDZqb05sME5JUlRRWkc2YUFMR2djd0Y0Um1MSWtwX0hWSzBsVlVFY1EyQ0pjVE9oRTJZQlZ4ZVo1UTRETWgtSUpGakZKd19iODMzejhRNWFWQWwtTUNqTmJ5VXgzeTROY1hjU21JUXZNY0RfMXhrdkNfNzFfX2oyMEItc1VxTmZzUldLalRDX245TzY4V0IzN2h5WVF3NnJYMkZ1Q1pxNkctdDJZNWJnSHlfQWdnNllVQVA5X0JBbFhFOFdCWnJpMDZiNTFRb2M0Slp5TEtmT1ln?oc=5
WARNING  trafilatura.core:core.py:320 discarding data: https://news.google.com/rss/articles/CBMiakFVX3lxTFBSN3d6OG5pZ2hJSkZ5cHhhWUxONkEyRzV0V3FwaGpNbERTSmpiU1ZkVzc4d0Vkc0Vic3J2Z3FMVkdza1M1aEE5TDJBb1NsekFGaWtVUjVEQ3VSSXFtbC1vRi1nVHdZb2pJN0E?oc=5
WARNING  trafilatura.core:core.py:320 discarding data: https://news.google.com/rss/articles/CBMidEFVX3lxTE5MM05hd2pPSVN5ZDhiQml6SnNQelFXRi1YamJJOFctQzBpM3FIQlVxYnBBTEdQa0pkWjJyajk4bUs5MVdCY0RPZHhzOXNwQlNtNDU1dnRab3N2eEJCM3RBVS1NNExSQ1laSnR5MnNPTzJCMzNy?oc=5
WARNING  trafilatura.core:core.py:320 discarding data: https://news.google.com/rss/articles/CBMimgFBVV95cUxOWGRYZ0NfejNBSmlxNVVHU19qenh1ajhtQm5EbVQtRzhMaW0wdE44Zm9ERUZ2V3hqVlhVcXlBRFNtSjFwUHNac1pUUlJ6azlINjFJQVZYNFRvamhScXN6cE1SNFp5SnAzY1ZCTW1na2oybEliTGdwUGdKQUk3THlVWWxpYWFCTWRXSl9KNWR2NkV3RS1lc2V3WjJB?oc=5
WARNING  trafilatura.core:core.py:320 discarding data: https://news.google.com/rss/articles/CBMiggFBVV95cUxPQzNiQjBEX0FJenZVUkZyb0tKWTIzSXl5UEZCXzJzUjI1UWFiU1ZSYWZjZ3pnTndaNUNSTmNNdXBWdkMxcVRRZEctb0F2R0hoakE1SVl3WFFuSjdtaHc1MjhwVFRQcnJ6eFUwTkVMbXJqN2FfNXFNS1V0NEI1ZWRuNzV3?oc=5
WARNING  trafilatura.core:core.py:320 discarding data: https://news.google.com/rss/articles/CBMiqAFBVV95cUxQcFA2a0FSQmJpdm5GOHFZNmhsUktrQUxqbkRPbTJ1emxZck9pT1BqLVI4R0xIZlV3akJiN05qS1lmNkVuRFFZNDVMbXVyRFJhZElrdncxcGNrU3dRNmdjSkV0NHpNUHJQbGN4ZGhJTk52Z1AtVUFPdDlOTVV0TjRqODVQc2FPSl9uVjVYUUR1MW1NZldEV05YMWFSUTg5d0tHN2lJbm5DNDnSAa4BQVVfeXFMTVZZeXNuOUduczU5NkRSWGRaRzYzSHkyOTl5VmU5Q3hHWGgtUmN0WjgxZ1llQ0JmZEFOSjZJT0RSdlZqWHVfUWpHVXZNRVFCS2JXNGlWOF91UVgybG1MS1B6Z2NQMDhBNUlrN1pNWkRmVU5TWUEzNnFKLTY4SFBoTmlRbkJxZGFpYkwtMDBCNmI1ZTh6VkRReUpacGlBZkVaRDV5bkw3MGdzR0RHX2tR?oc=5
WARNING  trafilatura.core:core.py:320 discarding data: https://news.google.com/rss/articles/CBMimAFBVV95cUxQWmhBbFhEWkVlZEpnVktHNTVGMUlYWS15R0llTXd3bjlpNm1nWDU2MGtiTjNiTXBBVmxaSVFpdThEVmREMURkYWlDOVA3c2ZHYUFUVzJZemI2RnM5Nmozdm9NODFGM1F4Z0ZKYWtKVXZfRWhzZWlaTFZqaWcyTS1udFpoeER4NDFWQ3UxQnQyak5jcGZ4eE0tMw?oc=5
WARNING  trafilatura.core:core.py:320 discarding data: https://news.google.com/rss/articles/CBMimAFBVV95cUxPcGtEZ19MWVlfLVlfZktmTHZnV3V2aHpJc0JUY1pURk9ENW1EZXJ2QWpveW5rNmh6YkFTMHloelR3MzVxQmlnQmdZOGlCTExQdXRfRHdldWlGeUx6NHE0VzJCcThXUUtTelhxOGxrTkcwR3lrTkc2QVdWNy1EVW9PRmVjcnFJM2ZIemphbkdfRzRtVENrekFxSw?oc=5
WARNING  trafilatura.core:core.py:320 discarding data: https://news.google.com/rss/articles/CBMimAFBVV95cUxOdFkzZklxOUlxQmI2ZElkUWVsS0dweVEtbjF5Wnk0MEc5VnBoTjZsS3NFZ2ZvSDBHWW1mZEFLT3J5T2RKbG9aM0RCcEJjLUg0QmNBckF6T0Rfbmc4Ry0xYjZJWXJza2puUW1tN3prT3NlMERlZl96X1NTX3pYaWEyM0xTb3d6eDZuSG1MRWJvZHdpWE52eGhmWg?oc=5
WARNING  trafilatura.core:core.py:320 discarding data: https://news.google.com/rss/articles/CBMiggFBVV95cUxQbExxRzdQMWk0VXZvNUNlV19wRDR0cEFlQjJCaGlmUjRwTXJKVFdtYlQxSXJfWlNKUWViSXpmUGpRUFpmM3BoY25PMlhiT09OVGJKUmhtM0ZfOWlBSnN6djhuOFotWlN0aXNJWXVaOGxwbl9IdDlsYkNXSWNnUmx3YUlR?oc=5
WARNING  trafilatura.core:core.py:320 discarding data: https://news.google.com/rss/articles/CBMingFBVV95cUxPQTlGUGd4VTV5LTBwLS1NdVhVQlNSX3dfZEF3enBqU2ozbTlNQ0FQRzMxdVhIejE5MmFsS296R21tMXk1YmtPQ3BGaFZZQ2dGVFZkdDhFZ3ZUY29Xc19ZQWFMNk9wNXdpaWpURk45REJmTzdUVWJSSkcwOVlSeUw4ejdHZHZoM2tDQWRHbmhUYWRoY0l4cHRMekxiY094dw?oc=5
WARNING  trafilatura.core:core.py:320 discarding data: https://news.google.com/rss/articles/CBMi2gFBVV95cUxQelF3a2R0XzR4NnNDb2pTVzRRQTYxVmV0MmpobWhZb0R1Wi10aWlqbzNSMlRxc1c4RGNieVhWTGpaQVItWmI3UlUyTUlsZTZSQzdPanhNOXVuNXVOUmlzejVRblJPMWdEVTYwRWpScmRySWsxanZEU2ZNcHFUbHV4eWR3MGVVZ2VyZjEzWmE4VDlMWFltQVBrMm5FRUZMRTdsVFZaZmZ6ZkVyQWlGaWd1aV9FQmFQcFY2ak12RWFTWU9Sb0JQd01sZ1BKUmRuZnp4cjBYOG54VnhCQQ?oc=5
WARNING  trafilatura.core:core.py:320 discarding data: https://news.google.com/rss/articles/CBMihAFBVV95cUxOckZyYUlWWjN5QVZ6cHNNNmVsQW80NWFYV0tGdjU4bUVCWlBvbE1JQXhkRWxCZVdkaGx6ZVdzcXY1dndiM2pkTGxKeFJBUFJqNFRhMmpKVk1kM0FQVEJxNFZPS0dOMmt3TGg2enlHRGtIV1U2VndtQ1RmVEpxcm9EbWxJNHY?oc=5
WARNING  trafilatura.core:core.py:320 discarding data: https://news.google.com/rss/articles/CBMiU0FVX3lxTE9KeTBwWm9HcWlQbGlIbkZvX19uTnM1dEJWS01DVVIwSDNJMmVNOGJHM0liMHlNV1FWX05uRV9rT2RqY01iMldITjFhcXoxNm4wbXJv?oc=5
WARNING  trafilatura.core:core.py:320 discarding data: https://news.google.com/rss/articles/CBMimAFBVV95cUxOZVpCZ1BLNVVubzBGaUU4dFBwcEM3R0MyMFRObGMxNnNNRGVUTHo4X0N0eW9tTzR3TTB3Mm9aa1h1OXQzai12OUxXVjM4b2l4ZVZoSVM3d2J2S250ejhJVERhMHpQdFQ4TVZoNGlDdnI4WHRsNXlVWldXZ2JSQXhGMWlWMHAtcXhYWV9UWUtlNFEyeWtfVWhJbA?oc=5
WARNING  trafilatura.core:core.py:320 discarding data: https://news.google.com/rss/articles/CBMi1gFBVV95cUxQellXb0g0MnlabmV5QzBzTHNPUmtPZEctQlFQV0tlbm9RZTdtcllsbER1X1Y0SVM1VURLbHZiM1l6S0tjcWszaktud1NlaUptZkl1X1JLSFFmZmFtd2tManpHY3pzZFlaZ0dVYjROc1B1WXBSSDFZLU1INHlyNnZESlhoMG1BbWxCd3ZmbUM0ZF9zWVpqSmVHR0l6UExWV0s5LUtxM2pSV2FyNEFfakFjWEIyTVFTZThaaGF5SmNKX0pLem1lSXV1T3J1Rkh4SXktbkg5VDdR?oc=5
WARNING  trafilatura.core:core.py:320 discarding data: https://news.google.com/rss/articles/CBMiVkFVX3lxTFBydlhJYmhCUjRzTEZoOHhvVUpDZVVxS0JrbVI5Q2gtZDM1Uk5kVVJUT2pfNjhrb2c1OEhNdXhWZWZMSEc3RXNGcTh2OVhOcmJCVUJSS0N3?oc=5
WARNING  trafilatura.core:core.py:320 discarding data: https://news.google.com/rss/articles/CBMicEFVX3lxTE5MM1E4c2d5TjJKdVJMZWFjQllmVXBEakFTX0dPRGVIYk9ZN2c0aEFUT1hEMHJfa1RNeHg1dnNVb3owbGF2RHpJQnJwVHhiYklPNXczRFZ4RC05SUd1M1VGMGFOMC00a1kybUlXa0Ixd28?oc=5
WARNING  trafilatura.core:core.py:320 discarding data: https://news.google.com/rss/articles/CBMingFBVV95cUxPMmNyZTNFblpYTHJTbFRvckVHTXlfZUo0ckMwTzlCMWZPeWFQUzJIU1ZfWmp4N3hhdzlGelo2UEFoNGFadE8wRFFIdWdGYV9maEFPbHp1TEhrX1lJa0M1ZVQzenVfZnZxLTlIRGFsZnRhaGp5TnF2aVFsMzZxRjlMN1h5SVVfYlVibTdhMk56SlgtLU5UcTFRYUFKcm1GUQ?oc=5
WARNING  trafilatura.core:core.py:320 discarding data: https://news.google.com/rss/articles/CBMipAFBVV95cUxOVWJEMFdJYzdGSDhEU0UtNjZEUnlQR1dhSUowaWlyS1luRXh1VGE2dUJSX1NZLWE4aTFGZGoxYS1JSlpCWTVramttd1hoWGRhSGt2MU5peXlDOXRuNTBJQnhabUx3TTlud1lyRHJEMGxmVzhFVWdQYkRacW9yUDFxNTFOV0FjempnSEJkLUl3SF8zSnM1NDA3cUFKbDNZbW9lVk5KYg?oc=5
WARNING  trafilatura.core:core.py:320 discarding data: https://news.google.com/rss/articles/CBMiugFBVV95cUxNUWQ3UzZaY1JCdkpMTC1WYlZKWXhZU05OZWpYVS1rRHZXcm12NzVGaC1LbzZfTmVDRkRCNVdwdjRUSEhxY0VyTFZNSXExTHotVm81T0toYWdldk5QbW1lenFnRWRDWVYwdmd2M3dZa0pUdjMzdWVCZGd2bDdfdU5hajJaRDBsYnNmZ291SHB4QjNqenc3YmszOFd4b1QwNklfRFA5Wk9wVmFkMjRuYVNGZHNXYUNoVENvaUE?oc=5
WARNING  trafilatura.core:core.py:320 discarding data: https://news.google.com/rss/articles/CBMizwFBVV95cUxOUXVaakpsU0lUekUwMUFYaWRYRnJrNklwdWhmSVRpcDM2ZE9nTFFJXzl0Zk91T1N0VTdnNWQ5OHlCa1E1ZUE4MW5WbUxiRGFXMWVFQmp3ellwOGFXQ1U5NHVaNW9UUDJsVURjR29mR3FXSnJtV0xWZTZmRzE5TUVfTXVWdl9rSUQwbUNtRW9Tb2JZLVpYT29YRlFXOFRTNl9KYkZiLW5EMF9xLUZKZHZ3el8yMk9xMWprYzNteVhhX2xVYy1ja3Qxb1k0X0I5Ums?oc=5
WARNING  trafilatura.core:core.py:320 discarding data: https://news.google.com/rss/articles/CBMi0gFBVV95cUxNWFJybFBxLWFFeWlNSzF4SDR4ZDdCQW9Rc1psdm9LWExJYTZ1OTB1MVNJa2NUck1WSnZ4YWRLZm5pWFBMMlR0NjVHZy1vOEx5WmxVd2tyVk11LXIxSlZsaU1udVo1X0pHM0cyU1J5MDRvZ0hFQUNXLTV3M0NUX3FxRHYzOUtZRkk5NTlpTnRENnh1RGF3NF9kc2UwUHFpMlBsRnVqclROZlhsdV81MzloR09xRVM2bWlNajF3T2l2ZWdxdGxHdGhiRnhNZE9tTUFBbnc?oc=5
WARNING  trafilatura.core:core.py:320 discarding data: https://news.google.com/rss/articles/CBMigwFBVV95cUxNWWNDNzkybFZxQVE5dnk4ZFBjUEhNWXVYclg3N1hteVFrUkZTdnA3YjcxRVNaS2EwR3BGV1p3MWpvaVZzZFVsSmJKTTduNGNVLS05dV9tbzlPT2pzZjFhN0lKZ1l5RDJXOHY4RVVCbXlvTE9fWGRwbHVNVUZvMmdkWU1aMA?oc=5
WARNING  trafilatura.core:core.py:320 discarding data: https://news.google.com/rss/articles/CBMixgFBVV95cUxNZmVjU1R0TVFVeTUtSUhQVVBHeHA0R05uZXh3UlQ3Y284VHJuazNVMks5X3Y3VGtaRG5GOHZXUHlJeDdmNlkybzA4YUFFdzBLQTJDOGRkUDNzRU9LWWYxWTA4aElWM1czeV9FblVGZUFwOUJsaXEwU0pfU00xSXlnbEl6bEpGWDFFZ242S1I0eXczYUdaTlAxRFl0Skd6NlVKNlJDZVl2VWxXSXBUVHFaYU9RWEFHeE9rbnU0U3NsTmtCWkJOZlE?oc=5
WARNING  trafilatura.core:core.py:320 discarding data: https://news.google.com/rss/articles/CBMixgFBVV95cUxNcUFhRmw3YV9UbXpUaFZ2MGFlTVRzT0xNSi03NVFTX3M1NlNxQ0staGdBSENxNDlzUE1TYWdSN2N0M0tReGhjaC1GbHpCbVJXaHo3ZUdHUjQtWXU3VnRMbTk3UEcycThTT0lVQXdVWElMUnlKMWhvQTdHTTc2LTF3bDVjcTBzeUMxcmFxakNKSnMwRW1tblp0UkN4UnI5eklQVTlLdXJsUloyNUpFaWJmVGY4QlZSUWFKU1ZzdnNfWTVOTlViTVE?oc=5
WARNING  trafilatura.core:core.py:320 discarding data: https://news.google.com/rss/articles/CBMinAFBVV95cUxNNGY0UXVhMWlvOGNlZVV4R3dGWnQ1c3VFT2dFQWt4Y3NoN0d4OGNfZE9MbFU5TXk3WmRHRmhvUVg2U0lBZTh6WWhvN2xZWTR2cUJOVDk2VUhOMUl0bW5kSENuNk53S245aEpjR0xCUV9fXzRKNmVab0RqWTlVX2xDV19FTnJPLTBHbUJ5MzNSRGtVa3JYNzRlWG1mdkg?oc=5
WARNING  trafilatura.core:core.py:320 discarding data: https://news.google.com/rss/articles/CBMipwJBVV95cUxOWGFxUGtXRjNRVE0wV25uWmJ4ZXRTZmNNMGNfaUQzUkI4RWhYU1ZTMTVLcTcyOWoyV2w1cmdTVGoxRDYxVW5rWHJnU2RjSHlWUWRsclNGdFh4Y0s5VkRPVVhJRll2MlhPX3FteDRZb2lfOVA2T09aOVBZYnFxdHhhUU1XTHg0ZFpvdGRmdlVNRTVxTHprZWthbnIwaGtwUGp6eEtfVnZkTzdpTlk5d1lVc2FVaU5IYjNTNnl6dGNNX1c3SE1jcE9JcDhDQWlGV2FiMkkxX3ZyaTJLYkV4bkRlUHhXa1ZWSzhGay1zNHdRMEprZURFaktwVXNVR2J4NkQ5Y1JoeWE2WmNwd0htT2tnNkNvV1hPbi1XVEtkeXUtT1dvaElrSzhr?oc=5
WARNING  trafilatura.core:core.py:320 discarding data: https://news.google.com/rss/articles/CBMilgFBVV95cUxQdWp5a19HcG9Eb0U0MmZoNU5QS0xvRDFCXzJycTMyNE9uaUU3UDE5MEtnYTh4NDVxSE15VU5jVmlJYXJ2TVM0eE5tYWZNVXduay1CRWI4cU1LNTJ5S2JXcmgtYWNxTkNSbi0yZWNKX1FDM3lQbGVoOHFNY1hIQUN5MWg5Z2NZa212bHVoWVlzblFvOGF3SVE?oc=5
WARNING  trafilatura.core:core.py:320 discarding data: https://news.google.com/rss/articles/CBMiogFBVV95cUxNd0lfRnBvSU5iVE96RlZFT2pQMm5HWGVELXFvT0tBNW1MeVJfMzBveVVONGxlR0JZS3RVZTltd1BjMDA3WlBnN2FyZkhFNmF4RURUMjctOVVqWU5wOU14X1FEQ0pGdjdQSndTc1pCTXROcFZaU3RVakJvZXNRYnlvOEdzeWNvbnBBZzF6TzZOdXRWODB3ZEctUFdQQzh2RnVHU3c?oc=5
WARNING  trafilatura.core:core.py:320 discarding data: https://news.google.com/rss/articles/CBMimAFBVV95cUxPODhPLWxySEJKUWdvZUZWT3BVSDV4MkdNMmJDek1tV3l2b0FUQkJXN01qcXRzUk1WdmFfdDJNOHNNc0tKLVRiMjFVZkRVZGxRbTNMcXpxQmJFb2o4SXRka3JEM0hoZl9KWTB0TlQwTGZfelNpcmZjMFRfMGJzYzhxNDVDUVFnako1aUFERktPLTBQX1NoY3pRYw?oc=5
WARNING  trafilatura.core:core.py:320 discarding data: https://news.google.com/rss/articles/CBMisgFBVV95cUxNNHk0MlZHREtBZlh2S1h1YXg4VDh2V1doVzZENm5mMjUzeVU3YnRfTmJpT1ZMczhPTENwS29ZWU82QzlyM2N0cURVZlJOT1hCOUNCcDcyNlpOWlR1RlQzbnlHS3NPVTVFTkJkYktEc0pRV1U3LXpzYUlFMHd2QjA3TnpTV0I3bzVRcTNVT1lLWGNLdlFIRDNLU0pJQ2ozNXQ3V1dBcjk3LVNSZUtWNlJuNWpB?oc=5
WARNING  trafilatura.core:core.py:320 discarding data: https://news.google.com/rss/articles/CBMif0FVX3lxTE5SQUxBM3g4eVMtT25WcnozZGtTQzhGQTQ4QlExM2J2VmtDTXNDcVdyRVUxaHVyMHl4Y09FWkhOMFliZ09yMXRacUgzUHlvRmUzM3pzeDN5VXpDMER2RGpGUGs1TU5kOVV2Tkw2UDIzVFlvMlkyUmYzYnVwY3FnY2M?oc=5
WARNING  trafilatura.core:core.py:320 discarding data: https://news.google.com/rss/articles/CBMic0FVX3lxTE4wbm1LRlVBRG1ERkNlYkNXc3dQUnBmdHdyclZnY0dCSmJmSk9sXzFpbllMVlNSZTBUMXAxTkhWX0xiOTlPbDhLRkRjZGVUUlgtSTY1cnZOSl9EX1dEX2tNRGlfdnJBVUI0M2FDNE5vVnFrVW8?oc=5
WARNING  trafilatura.core:core.py:320 discarding data: https://news.google.com/rss/articles/CBMigAJBVV95cUxNYkVyWGRQTDZiMnlZYzkycFp0S0luZ2k5SlZ3TW9RMkpRb3BBSEY0Nm9TMWlqMEE3ZlBqZWw0Vm5lWHpvV3lGNUUzSGxtdHRBQngtOXlRZi1paHlIT1ZMZE5UVzRVSmN3TTdvRm1RbzBfMWQ3eVR6OVFPcFktbFkwOWxSZDBFNmlvWTdGa1pHNW8xSDQtd1lRRTltUkZ2bFhmWnZfU09IaHZvTzh4aWxKT2lDaXBDWWtnU0lxdkNkZ1NUSmZYdEUxNU1TdFVTdm5aR01tU3gyS1JMSFFoZ2hIYnFELWJnck5vWUx4NFc2QktoT0stRzNxa1hwX01QRzct?oc=5
WARNING  trafilatura.core:core.py:320 discarding data: https://news.google.com/rss/articles/CBMid0FVX3lxTE0yNUdBTjZtVGQ1STdRQW9kT1p4b0c1bG9YaGZTRTNzdTF4dmR6Z1Y5ZmNEQV93eXdGVDBTcGF0LU9JMU5TV2xfQmVtTzJWLVItVHFmOFVCT3Vud1M0Q25uWi03dkYyQWYtdHFuWDNnZkRybFQzdWVv?oc=5
WARNING  trafilatura.core:core.py:320 discarding data: https://news.google.com/rss/articles/CBMixgFBVV95cUxQQUFLWXZoNU91SlFNbXZwQW1xTVRQYmZ6cDZRQWhzNEl1NmwzOEVaVFlialNRR0d0NFpUb2czazZCVnlIZXg0NUpYczNfMXlqbGd6NFhEckRTcHdPdnEtcWtkVkhNWFlMRTRZRmdnMnFXN21PT0VJajUyZEFfV1J2RVZ5cHRKdDhEYVRfbGRCMkhpTGljOWM2RHY2cGgzd2YtZEcycHVLZlRNTHMzb09nYXQ3MXVVYzVmX1l1SU5WY1F0QTJWWGc?oc=5
WARNING  trafilatura.core:core.py:320 discarding data: https://news.google.com/rss/articles/CBMikwJBVV95cUxQX1ZIRGpJSnZIMHQ3bVdIdTUtRGlVanJYLVVDcUNqT0RNT3VYTHhpelctQml4MUtNaUVuYVNqOHViU256d0ZaSFM0SDV2QjhJMmI2OXlOWkktSENMeXVSTmI2N1NINmZnVlZFTHRiV3pnbXppN2ZTVGF3SlFhUDVuaThHaW11VXd5eU9Zd2g4eVk1RmRLbkNRMXhWblBaZGZRT25majJldGR6Ti0yU1hzZDhhd2xla3llQVBPZnd3cHIxaGhKLVk2UTlWSUU1VXNpMVF1NkVrUHlVeFVJdXNKS01PRzY0U3IzSjlaMmNHbUswblpaU1VhOTdiWjFhV1Nld1huQUtldjVyZnFJbzNYSGpkbw?oc=5
WARNING  trafilatura.core:core.py:320 discarding data: https://news.google.com/rss/articles/CBMigAJBVV95cUxQbW82SzBYTW5kRDZtd241TGFLc2dqQWVZSUpabktkT3dzSTZTZmE1Z09QTFVLYktkVDdMX21TdnlvaEhYa1RpVWMxdWdvVkRENGFkdTZ6TkNHb3F4cGR5TjQ4YTRWMDBEbmpGOHVyMWRIeHlZXzF6bU82WmhQSEo2VjdFeE4weHJ2bFpydEt6Y3AzTjlGVVJ5ZVNIM3FfTHFOVExKNXBPeU5qLXJ6VXN5a2s0SEJpWjBHamRYQXFqaHJ0eFp3ZDRlc2hHa0hWa0NOV1drS0RqSVRkSExRLTN5Vl9vWHA5Mm9PaTM3Nng3ZXlUSDFKeWxpTmdGc0RiOG1Y?oc=5
WARNING  trafilatura.core:core.py:320 discarding data: https://news.google.com/rss/articles/CBMiZ0FVX3lxTE1QYXk5dU5PYTdNTFVud2FGeVItR3h1VDZNdXE2cC1hWURveHM4akd5YWhTSHZienhRY05EOFc2bWxBTWhxNWV4VEtkN0JaOEhsU18yVldCS2NEV3gwQkhJcFJjMHQ4UTQ?oc=5
WARNING  trafilatura.core:core.py:320 discarding data: https://news.google.com/rss/articles/CBMiiAFBVV95cUxPT0g2SE5aaVJfMzRZZDBhMnJQcVFINzJ4SS1LRXdPaTdtcWlPdWFxWFNsQ0xoZE1DVzhhT2x0aTFWelVUWURLNG5HWXUtSmEtSEYwWnpxNXQ3TGJESGFtb3c4Z3htOFR5ZDlraTl5RGRaQ3lCbzJrZTVkbG8zTEVSR1h0bmlWdmJy?oc=5
WARNING  trafilatura.core:core.py:320 discarding data: https://news.google.com/rss/articles/CBMirAFBVV95cUxOdFlENGxzLXJRYkdKenhsMm1hMnBQTW0zckhkNERxSlhMSkNweTNJbW5QRmM3UWNiMkFHdmlfOG1vM0JxbDZxX2dGdldDam5CTFU5R1NveEg4NzZFdUs4bnFVUTAwMl9MNzFZbjdNWkhhMHVlX29sTl9fcHV0bERMbG45TWdCME9fQXhmZkkyRi1zQVZvaGhhTmtfUXdWdjVNSzNqQ2Z6VnIwV0F4?oc=5
WARNING  trafilatura.core:core.py:320 discarding data: https://news.google.com/rss/articles/CBMitAFBVV95cUxNSlZFZl9SRS1DWURFYXd5WWFLQk9rb1pkemltNDJBWFJPMGt4WVluSlBfaWhyT3FMelRkNUZiWVpxZzFWbmhGVnBNcTRJekZLZzdqSU02S25ZRG9qR1FQMkVxdmZZYTh3N0JXUTJ4alg0djRFTUo1NzdfWWdWY2lzREd2WlVJY3BuYzBsMVdJN2VrTW9NLU0zWUJrMmNIZ2pZNXpWTnY3RHZrOTVNMjEtLU5TUVQ?oc=5
WARNING  trafilatura.core:core.py:320 discarding data: https://news.google.com/rss/articles/CBMigwFBVV95cUxQTkliTWJfOEZRRHZ6aUJNYlBKd3lVMktib1V0UTVWcVR3U1NXOGdvdGNWeXpISkd3RElObkJmWFlRVUdmMmVlZ0dhT0d1YkpPb2JVdFhKbzB5ZTF6VzdzamZ0WkE3T3lKV1lfdVdvY3JvR3JGNVVwYzVfaGNFTGR1bkI2UQ?oc=5
WARNING  trafilatura.core:core.py:320 discarding data: https://news.google.com/rss/articles/CBMimwFBVV95cUxNZ01iS3V4eUhLb2MtRjZiUlFaMUNWVm1UR0ZhTlJsa01uR2taeVZwWFJnSFN2aUFYaEJSSE5ndEc3Y2tZWVZmMUVCVWlya3NVWVgyYUlnbU4zOFZFNGRyc3ZLOXlURHg3bDFDUnF5V21fYWk4OFA3ZUwtU291UVdHZDQ3MW56dk9VYTFIX1JWRXJMSHJOY0tiRUZjWQ?oc=5
WARNING  trafilatura.core:core.py:320 discarding data: https://news.google.com/rss/articles/CBMijwFBVV95cUxNSklNenlOc1M2NFZGdWF3cFFmaXlfbEVhdFM4UzBwaE0zQnprZ095dWhBTlRrMXFOVndsYmpEQ0xvZWZHeldXS1p3ZUg4Um5vLUpMUTdBWE1FakYzQmJ2dmdwWWpKNjBTWXFrdUZJQkVsOUZUMl8tcXQ5ZG9DRFFkVlZRRDJGcXhZakRDYTR0Yw?oc=5
WARNING  trafilatura.core:core.py:320 discarding data: https://news.google.com/rss/articles/CBMiigJBVV95cUxPUHVKcWhkX3l5TzN1X3FuX1Y5S1ZicU9HVWpJOEFZMEpnR0l1RkRlMGFXUDBGMER6ZzJQOFlvYTVZVmJEcjR3NEJnNFUtM1piQnUzN2x1ODFJVWdRMjRDdk9HZnhEZ0w3a3Fla0kyYmpFWFFpZE1mMWtnT185UFRGdENZTlIxSmowNVlPWXlfQ0FyNmp0dWdiMkR1RnoweHRKS0psRHFjdUtHLXhJa0pPT2xFY2VhTWwybmw4U01TWkphRTB4LUF3S0o5bkNDQkVnb25sbm4yQ3Q5ZHNWYnRzVHl5TFB2VGJCSXIyenRPRXVKTHg1SV9JRU9mbndJb3lEOGlOZDV0ZmxVdw?oc=5
WARNING  trafilatura.core:core.py:320 discarding data: https://news.google.com/rss/articles/CBMi-wFBVV95cUxQMm1pdm5NVnVhalkwVUQxVlZUR1pOQ0UxVkplY0w4THhkcDRfb09Fc2tFRUNuNHpwUUdUeVBUcmdDMDFaQ1RHWlYxMWEtMHZiaXZSOU40SzRZS2g1OTVPRml4cWJUcVpjUmNqV1pja08tWDhFS3BOY2hfcFljT0NqanM4M2lqV1cwVlAybGNsN0l1OWd0VnJlNmE1NEFhRHNHa0c4cWkxLVNYaW03OXp4b0dIX2RwRFBWMUZwbE02Y3NmdWk0UFVzcnlDZGx0c29lVXhna0Z0c0tyVnhJd194NlNYS1BmR1UyUEo1VlR5cVc5YkFTeXUwQkZsZw?oc=5
WARNING  trafilatura.core:core.py:320 discarding data: https://news.google.com/rss/articles/CBMimwFBVV95cUxNbVBnbmZpcGhhZlpVajB3c3VxYy05U1lyRjVPb3BMY2FNeGRBUnJ0UjNILThuMlRmOWpMWmliVmJqQ3VhM1VXRUpmaGotR0FPVHgzWkItRHBwN0dkblloQk1YQ3pVNlNQNUpIRldYUUhsd3RDMEJsTkswdXpOUU5wTWpRT1gxZjhjVERRM3lRWmU2Q2ltZGpSazQxRQ?oc=5
WARNING  trafilatura.core:core.py:320 discarding data: https://news.google.com/rss/articles/CBMikwFBVV95cUxNbzZlT2ltM3l1bUFrMkVYai1XeDFtTlhPLS1JOWhnLTdkNDFJZzdoTkVQSlhVRk85LWt6MjZwM3dXaHRGU0xMS3l1Y0Nhd0pmYzhrVlBRQTl4djZXOTJXdk91QXgzUEx2S2JxRjBVMnRsR2JCY3djSmFsZDJmSW42TDFzSTZDQ0tfajhUSHl5NHJoWkU?oc=5
WARNING  trafilatura.core:core.py:320 discarding data: https://news.google.com/rss/articles/CBMihwFBVV95cUxOQ2syWGhmZU10YXdaWk9vWlpoaWlsOXp3SGg3TXZFdEFyQm9waHZfOUFIOVAtenNFM1RJTk84cXFEOU1ZNzNMZ0VVNm5vX1pPSE0zMlU4bTZRcTNtNmNTZERHR1hCbVNFM2tFNC01Z2ZTeF9qVmppa2p0clNWRUV4b1ZWck9wMUE?oc=5
WARNING  trafilatura.core:core.py:320 discarding data: https://news.google.com/rss/articles/CBMi5gFBVV95cUxOQ2FMWVQ2cjZuUmdVeExQQ3dPcEh4b0djMTRBRnBybmpRc2gxdW5BbngxYk9oamN5RVpLMWZYXzFvR3BBSnJGNktOckk0SnpWR0Vfb2JVaEFuT0N1ZnNQeW11X3I1SDJ3MHdMbXZzanl0ZUNEZ25JTmptRElJMlNHTTZRQkx5ZmZtUklDV3NYU19OdW1KSmhnTTMtOWhHa29kYUJvZUF1R2NFdTdtZ1NLT0tid2FlVGJvTW1HNmR0NFFOS2R0cy11TDZmWmtRcF9DNHR6ZVZyWVFoQWxaMEVHdkU1ZTVRZw?oc=5
WARNING  trafilatura.core:core.py:320 discarding data: https://news.google.com/rss/articles/CBMiqAFBVV95cUxOTGtGd0VMSHJsRVp5TU1pTjY3T1hOYXhxYmRwdlVUOXRpUHlxc185X3Qxcll1eWtnTC1aWkpTNGxuS2NBMmtwb1B4OWJNM2U4cWtTLV9FbWdKLXVHbE5aVG1hUXpxNlZJOU5fRVJmZzlrd2FzT2xYQjZjcVpmblVMZGF2MElRNC1FdVhzVFRRTDNQTjVLQ1BqTzhxRGQ5TEYta1gwWnRGT2o?oc=5
WARNING  trafilatura.core:core.py:320 discarding data: https://news.google.com/rss/articles/CBMioAFBVV95cUxQU00tNjJnYzFITVJaYWxpdFZYOFk0NHVGRGFqWHViNGZidTJIal81SEIwN0tSNFRjTHV6VFBSdzhxcVNHaGROR0I4QjNsdVRTYkVpQUNKNEFmcmtsM2NyTzh0QUw1SXY1RHBwM21SRnFSVEtQYWJrb0lSWUV0NTI2bXZMMS1xckVmUU1rY0VlMWF4NEhObGptRklqZUxBalF4?oc=5
WARNING  trafilatura.core:core.py:320 discarding data: https://news.google.com/rss/articles/CBMihwFBVV95cUxQOWFjZWhYZllweEdRcTV1Z1ItM29KX25odTFhSHBwUlpTTDFWbS1QZUNIY0Ixa2tOU3JjN1hCVFFjbkxNaFJMSGdnQXExRmpqNll5QW9lRkpaYVlCMHNSb1hJeURWOWtHdjhJSUFyN21MVHZXb2M5SDYzUWhQa21TTFJWZGFNeFE?oc=5
WARNING  trafilatura.core:core.py:320 discarding data: https://news.google.com/rss/articles/CBMi0wJBVV95cUxNR3BneEc5OFlfeFNSbG5SV3NzSVZ0RkVHNkR6eFZXWHN1TzhLTy1uc3BSZk9BTWdtRnQ5cVVOaVNUUUJ0RWVhelFPcXVWNV9vUXRWMkxTUEFVRk84ZkxJdFZTdmFaWDlyWFpwUTQyQmJ0a2ZUc2h0U190VTN4U0YwZWdVdWYteGhnUmI0U29pc0ctQVN5b0lPWkVjWVhWVWJheVR4N3NBYk9DZnVnS2xWWUhNTjhKc3Z0OVNvOVNUZU1qcnN4c0FDNXVReWktb2NQZEFSbWpsbTk5aWJINVZzWHVTd2Y2M3o4U1d6SEhEdzVPcnczYUl4SGg1THlSZnUwV0tMTGxIV0dTRzl3OVJnUlRtYk51dVhWM0pPM2NPQjVMRzNKd2RMd2JTQm04b0todmlpOFRiNG5Db0oxUGlGTXZkU0t3SEJsN1ZmakRyZjFVeFE?oc=5
WARNING  trafilatura.core:core.py:320 discarding data: https://news.google.com/rss/articles/CBMiqAFBVV95cUxNV29DNFB5S19MZXh2Y3l6Ry1vVmM3Z3hwdm1nSFlBRDFobmNjSVRORzloTU94SmNjTmpPTk1KNFpYNmhIWjFfcVhCZlg2X2pNb0NYXzV5bFhOdGd0VEM1S0p1VzhId29vTkhER3lnRm9pSXduQkh2VjJxY2h2eFoza0ZzNG9EOEpubWpuRWlhcEFETndvOFUtMkFkTUZYS3k0a0g3cmtxZFo?oc=5
WARNING  trafilatura.core:core.py:320 discarding data: https://news.google.com/rss/articles/CBMi0AFBVV95cUxNbGswTHJPajMwZWlZa21BWFE2cnowRDNiYk9RQnUxTTRHb3ZoRGJEOTJvb3VmNHlaRXUwRFM3REJNanhhNTR2LXBiUmU4c1RqSXVfOWJ1YS1xTG00c0NiWmNDRmhaQXFWcnpyXzRoaHNvam5FVTl0QjU1TTJnczdWYnJaU19xQmZOR3h2VlNnRThwRk9RdG9aVDd6ZGxHUGUwamcwRll1eEN3Qzh6RnEwblAtUUswMXFfOWRGbVNMM2NkXzFFaldTS20xY0NQV05P?oc=5
WARNING  trafilatura.core:core.py:320 discarding data: https://news.google.com/rss/articles/CBMimAFBVV95cUxOaHd2VDhEQVM5Z09vLUJvTWp4RVZRUGU5dVdqTnQxUFJRQXRhczlmckRjOVdRMWRobkVSckJOM2Nxa3pGTEpxalBSd2FMRUtJV3NyQUItZjZnLXd2Z1lzU1ZxMThTWUtlWFZ4VjBrOWpGQWdRMDBERnU5RDYzb09VYXBEeHAyZ3JtMlhNYnRNeWtUa1BJVzRDdQ?oc=5
WARNING  trafilatura.core:core.py:320 discarding data: https://news.google.com/rss/articles/CBMi1wFBVV95cUxNTUx2NF9PZ1VJQkhEYURSMEpFMm1iMGRITmxkbk5KbGdEOEd3NndkTEpZbmlXRzE0bFhoOEVmRzFldEwwRHZJX0FmOFZ0RklPVDFKOVYyYVJKUlh0SFJLaGpTNXhpdDFhU1JQR3J0WGNVREEwUWV6UmE0b2RGYWVBdHdVZ0pjR0s1WWM4bDBRMWxQUEpBNGxNTFo1TmVpMHVicWlRR2Q0U09KejYzRHNucW14YXZ5NmVDSUpZdkRKdE9GUVFIQ2g5T2VMUGh1YURSdEtNU0NZONIB3wFBVV95cUxOQ0VmUnA5MldPYXBHLWZ1c1JCSzc3amhoMVBmSFNmN2VUQTBlYzhPaGRkVHZxNVZ3X2VzZ1pMcV9nX2tfeEhRUlp0SHdUSTV6OTlWVXdTeTZ6UExCd1JaVjU2M3g5WUoySzBCYjNrVE5DVjRqb2JjSUJqQnNvTEU5QXh0Zmt2dGtzbThTaW5uQzFnb0o5ckdLQkRoQmdJNGVMbU41SC1IT0FEVVA5ZXRDSXl0bXRJdVNfRkFfNXhDUzVVX0tPeGRvaktMcDZQY1lFYnloMjZtNnZXMWQ4N2x3?oc=5
WARNING  trafilatura.core:core.py:320 discarding data: https://news.google.com/rss/articles/CBMi4gFBVV95cUxNTGxLTGozcGVfc2hiVUg2YWFpTFpUcUJ2S3M3cERtbnRldmZoS2FIOUlXRXR0dUpBVkhJRjV1SDQtRnBGQlI2R3FhS0VncmVKaWVfbUhodzlDUXRsQ3hOZkx5dFNpcUxBQThGYm9zcHJBd1JnSTYwelBTMmprN1V1cmo5YndzTFhqTkJpZTZUd2hfTTJBdjIxdXh6cmpPeFppYXBERlYtdWlYNW15ZWF6SkNXLU5WSTh4MV9ORmcyQy1KSTlkZHJRS3NETV9vc3ZzZEtYbGkwdzJ5YmJseGFrRzJR?oc=5
WARNING  trafilatura.core:core.py:320 discarding data: https://news.google.com/rss/articles/CBMingFBVV95cUxQMkNmcVVScEYySzlvNWpvYnY5QXRGSl9Fc1VhckdBcm80dmdRX0RZYlBHQ0Zpck9pSm92cHBQa3dzdWMwWEt4bFlxVThpRmc2UFZLTTlmZnlPTThBcjF1SGNxNFVRY0lRbG1sSWhqNGstZ1FsRndLUWNnazc0M3U2emNFbk1hZjlqMkR6ZGNWcVpqM0pWZUpEZFVqZ1NQZw?oc=5
WARNING  trafilatura.core:core.py:320 discarding data: https://news.google.com/rss/articles/CBMiywFBVV95cUxQdDljUEpxZEltWktFWnFMYm02MGdoQ1pJR1VlakpJSlloc1lxaVJRd3c0bWotZERyV2FtVVZ3cWFWU2ZOUG5qMzg4blc0c215bmx5dTZyRlhBVkZ0Wm14NExaekZzM1hLN2dKYnRqZjBURU8takhKMVFHY2NyczhOZ2VhMXo1VFM2MUVSaEZJNW12RlNYTGNPd0lycnFnUlVuendUY0JBTnI3UUg5N244MkJRNDMzTHFVcTBxRTVVTUV3VFVOcDRITGRaQdIB0AFBVV95cUxNRTlmZ2lMeEdMaUN5TW1YTEdDOFdhSEk4aTZpY2o2RExENjBqUVYwRjd6cTNVWjAxdUFiTURqYUdFN0tXWmg2RndOT0VQWnY4R2hESzJxMjNNREpMU3NDdndaT3ZrdVlmYnVUNmM1MjczTkctQS0yT2kzZ05BUTVBT29UMGhnTlV0LU5VeTlXQnktRnFsZVhfMEh6dW9lemlsZUY1Z3Yyd3RiZHphZ01seWlMdGdiVTMtSi1PRUk2R1NpeUxNQXFGUVpBcFlPZ0tT?oc=5
WARNING  trafilatura.core:core.py:320 discarding data: https://news.google.com/rss/articles/CBMimAFBVV95cUxPdVlzSVo5ZmFvT19WVUNFckM3dUNTOUJRck9kRlNqMTRaMlFFdnJNZU12aTRvTThpRjEycFZKVFN2VXBTdkJBRmFVSm1Qa0V3UnpqRlM1VEFWSjZKb2N2bFlUUWxLWUNTT3FmR20xOWlZdVpIN0V1TFdtbWRPN0l1dmtQdmlSclpHZERwMWdNNmxSUGdtanZTZw?oc=5
WARNING  trafilatura.core:core.py:320 discarding data: https://news.google.com/rss/articles/CBMi0gFBVV95cUxQbE5ZREV5SGs2eGpvYUpFaUpUMzRZZHpWQUNPUkx4bjJlWmhsTVZESmRvTGIxWFBQMEdYb2kzUXMxaXJfdU43ekFGUG9KUElZdElFbGYtcUxTU2R0ZzB4bjFHV080R1NXNnVMQ04tWlJFZWtKMHlEVUZESG4taXhFNTdZQ1V4bGJjNm9SQk5CeDlyNkFzUmFLclM3R095TTltTjhoZjltanlIOXNqTjRsVFpZcDl2SUIxLW1jbWNycXZEV0RnellSR3RreWlUNDgzQXc?oc=5
WARNING  trafilatura.core:core.py:320 discarding data: https://news.google.com/rss/articles/CBMimwFBVV95cUxOZDlXZTBJWnQzNDg0VEp1NjRUN0VQcHQtVFh1S3J0T1YxM2dLUlotaDNFTjdjNzluQnJTSlkwTFdVbEZCUGNmaWN2akNqbFFHZ2tab2dfNk5zNktkWm80QzF2Z2Y0Q29CdTNWTkpwN1piVE8xWHRfMWk3dmlFYmxuSzBRYzZNMjBDM2VPcDNVYmNSWkZCTURNdmxTTQ?oc=5
WARNING  trafilatura.core:core.py:320 discarding data: https://news.google.com/rss/articles/CBMingFBVV95cUxQTW5IQ3RjdmxERUhsWEEtT3VTQ0k3UTlncHZXZUZ0eXF4RnlpazRSQzk4dFVxQ2VfN3hTVi1waGV6VmpDc0ZHSkFmNzZHODNQLWluZWluUVpUZE4xSjA2c2FEM3FLem16M2ZwaU5Pa25Wb3dWTXF4R3lnSFhVSmNpNm55TE9QMG1CQWNmeUVSQThjWDZCQThXckotbjN6QQ?oc=5
WARNING  uvicorn.error:evidence_validator.py:30 Conflict detected for attribute name among 11 sources
WARNING  uvicorn.error:evidence_validator.py:30 Conflict detected for attribute social_market_sentiment among 11 sources
WARNING  uvicorn.error:provider_router.py:127 Provider groq rate limited for synthesizer. Retrying...
WARNING  uvicorn.error:provider_router.py:125 Provider groq exhausted 429 retries for synthesizer. Falling back.
WARNING  uvicorn.error:provider_router.py:132 Provider openrouter failed for synthesizer: Client error '404 Not Found' for url 'https://openrouter.ai/api/v1/chat/completions'
For more information check: https://developer.mozilla.org/en-US/docs/Web/HTTP/Status/404. Retrying...
WARNING  uvicorn.error:provider_router.py:132 Provider openrouter failed for synthesizer: Client error '404 Not Found' for url 'https://openrouter.ai/api/v1/chat/completions'
For more information check: https://developer.mozilla.org/en-US/docs/Web/HTTP/Status/404. Retrying...
WARNING  uvicorn.error:provider_router.py:130 Provider openrouter exhausted retries for synthesizer. Falling back.
WARNING  uvicorn.error:provider_router.py:132 Provider openrouter failed for synthesizer: Client error '404 Not Found' for url 'https://openrouter.ai/api/v1/chat/completions'
For more information check: https://developer.mozilla.org/en-US/docs/Web/HTTP/Status/404. Retrying...
WARNING  uvicorn.error:provider_router.py:132 Provider openrouter failed for synthesizer: Client error '404 Not Found' for url 'https://openrouter.ai/api/v1/chat/completions'
For more information check: https://developer.mozilla.org/en-US/docs/Web/HTTP/Status/404. Retrying...
WARNING  uvicorn.error:provider_router.py:130 Provider openrouter exhausted retries for synthesizer. Falling back.
WARNING  uvicorn.error:synthesizer_agent.py:97 Meta Synthesizer LLM failed: All providers exhausted for agent: synthesizer. Routing failed.. Returning fallback.
_________________ test_dynamic_intent_filtering_financial_only _________________

>   ???
E   assert None is not None
E    +  where None = <built-in method get of dict object at 0x16b961740>('financials')
E    +    where <built-in method get of dict object at 0x16b961740> = {'context': {'executive_summary': 'Zoho is a private company with limited publicly available financial information (Evidence ID: yfinance_zoho_yfinance_data_current_fc198a), making it challenging to assess its financial performance and position in the industry.', 'company_story': "Zoho's story is not well-represented in the available data, with missing information on its founding, headquarters, and industry (Evidence ID: company_provider_zoho_company_provider_data_current_aac256), highlighting the need for further research to understand its history and evolution.", 'industry_story': 'The industry context for Zoho is unclear due to the lack of information on its subindustry and competitors (Evidence ID: competitors), making it difficult to assess its competitive positioning and market share.', 'financial_story': "Zoho's financial performance is not publicly disclosed, with no available data on its revenue history, net income history, or other key financial metrics (Evidence ID: financials), limiting the ability to analyze its financial health and trends.", ...}, 'critique': None, 'ui_generation': {'version': '2.0', 'workspace_type': 'INVESTMENT_BRIEF', 'theme': {'name': 'bloomberg_dark', 'primary_color': '#1E40AF', 'accent_color': '#F59E0B', 'font': 'Inter', ...}, 'layout': {'style': 'data_dense', 'grid_columns': 12, 'max_content_width': '1400px', 'sidebar': True, ...}, ...}}.get

services/research/tests/test_research_layer.py:182: AssertionError
------------------------------ Captured log call -------------------------------
WARNING  uvicorn.error:knowledge_router.py:71 KnowledgeRouter: Data from company_provider is not ResearchEvidence. Wrapping.
WARNING  uvicorn.error:knowledge_router.py:71 KnowledgeRouter: Data from yfinance is not ResearchEvidence. Wrapping.
=============================== warnings summary ===============================
../../../../../Library/Frameworks/Python.framework/Versions/3.12/lib/python3.12/site-packages/requests/__init__.py:113
  /Library/Frameworks/Python.framework/Versions/3.12/lib/python3.12/site-packages/requests/__init__.py:113: RequestsDependencyWarning: urllib3 (2.5.0) or chardet (7.4.3)/charset_normalizer (3.4.4) doesn't match a supported version!
    warnings.warn(

services/research/tests/test_research_layer.py: 247 warnings
  /Library/Frameworks/Python.framework/Versions/3.12/lib/python3.12/site-packages/pydantic/main.py:250: DeprecationWarning: datetime.datetime.utcnow() is deprecated and scheduled for removal in a future version. Use timezone-aware objects to represent datetimes in UTC: datetime.datetime.now(datetime.UTC).
    validated_self = self.__pydantic_validator__.validate_python(data, self_instance=self)

-- Docs: https://docs.pytest.org/en/stable/how-to/capture-warnings.html
=========================== short test summary info ============================
FAILED services/research/tests/test_research_layer.py::test_orchestrator_zoho_success
FAILED services/research/tests/test_research_layer.py::test_conflict_detection_and_resolution
FAILED services/research/tests/test_research_layer.py::test_orchestrator_generic_fallback
FAILED services/research/tests/test_research_layer.py::test_real_data_provider_nvidia
FAILED services/research/tests/test_research_layer.py::test_confidence_gate_rejection
FAILED services/research/tests/test_research_layer.py::test_dynamic_intent_filtering_financial_only
============ 6 failed, 2 passed, 248 warnings in 252.03s (0:04:12) =============
